
> frontend@0.1.0 build
> craco build

(node:14636) [DEP0176] DeprecationWarning: fs.F_OK is deprecated, use fs.constants.F_OK instead
(Use `node --trace-deprecation ...` to show where the warning was created)
Creating an optimized production build...
Compiled with warnings.

[eslint] 
src\components\CubiQoVisual.jsx
  Line 415:6:  React Hook useEffect has missing dependencies: 'colorPalettes', 'orangeSoulColor.b', 'orangeSoulColor.g', and 'orangeSoulColor.r'. Either include them or remove the dependency array  react-hooks/exhaustive-deps

src\components\PlasmaField.jsx
  Line 323:6:  React Hook useEffect has a missing dependency: 'colorPalettes'. Either include it or remove the dependency array  react-hooks/exhaustive-deps

Search for the keywords to learn more about each warning.
To ignore, add // eslint-disable-next-line to the line before.

File sizes after gzip:

  206.25 kB  build\static\js\main.bac80c10.js
  9.04 kB    build\static\css\main.b48494cc.css

The project was built assuming it is hosted at /.
You can control this with the homepage field in your package.json.

The build folder is ready to be deployed.
You may serve it with a static server:

  npm install -g serve
  serve -s build

Find out more about deployment here:

  https://cra.link/deployment

