npm warn config global-style This option has been deprecated in favor of `--install-strategy=shallow`
  Γû▓ Next.js 14.2.25
  - Environments: .env.local

   Creating an optimized production build ...
<w> [webpack.cache.PackFileCacheStrategy] Serializing big strings (133kiB) impacts deserialization performance (consider using Buffer instead and decode when needed)
 Γ£ô Compiled successfully
   Skipping validation of types
   Skipping linting
   Collecting page data ...
≡ƒñû Initializing CubiQo Agent Engine...
[Bootstrap] No LLM API key found! Using Anthropic as fallback (will fail without key)
[Bootstrap] Detecting available LLM provider...
≡ƒñû Initializing CubiQo Agent Engine...
[Bootstrap] Detecting available LLM provider...
[Bootstrap] No LLM API key found! Using Anthropic as fallback (will fail without key)
≡ƒñû Initializing CubiQo Agent Engine...
[Bootstrap] Detecting available LLM provider...
[Bootstrap] No LLM API key found! Using Anthropic as fallback (will fail without key)
Γ£à Agents bootstrapped: henry, dev, writer, tester, marketing, pr-triage, marketing-agent
Γ£à Agent Engine ready
Γ£à Agents bootstrapped: henry, dev, writer, tester, marketing, pr-triage, marketing-agent
Γ£à Agents bootstrapped: henry, dev, writer, tester, marketing, pr-triage, marketing-agent
Γ£à Agent Engine ready
Γ£à Agent Engine ready
   Generating static pages (0/99) ...
[Admin Events API] Unexpected error: n [Error]: Dynamic server usage: Route /api/admin/events couldn't be rendered statically because it used `cookies`. See more info here: https://nextjs.org/docs/messages/dynamic-server-error
    at l (C:\Users\avloy\.gemini\antigravity\scratch\thecubiqo\repo_temp\.next\server\chunks\8948.js:1:37158)
    at f (C:\Users\avloy\.gemini\antigravity\scratch\thecubiqo\repo_temp\.next\server\app\api\admin\audit\route.js:1:5670)
    at a (C:\Users\avloy\.gemini\antigravity\scratch\thecubiqo\repo_temp\.next\server\app\api\admin\audit\route.js:1:10186)
    at l (C:\Users\avloy\.gemini\antigravity\scratch\thecubiqo\repo_temp\.next\server\app\api\admin\events\route.js:1:837)
    at C:\Users\avloy\.gemini\antigravity\scratch\thecubiqo\repo_temp\node_modules\next\dist\compiled\next-server\app-route.runtime.prod.js:6:38417
    at C:\Users\avloy\.gemini\antigravity\scratch\thecubiqo\repo_temp\node_modules\next\dist\server\lib\trace\tracer.js:140:36
    at NoopContextManager.with (C:\Users\avloy\.gemini\antigravity\scratch\thecubiqo\repo_temp\node_modules\next\dist\compiled\@opentelemetry\api\index.js:1:7062)
    at ContextAPI.with (C:\Users\avloy\.gemini\antigravity\scratch\thecubiqo\repo_temp\node_modules\next\dist\compiled\@opentelemetry\api\index.js:1:518)
    at NoopTracer.startActiveSpan (C:\Users\avloy\.gemini\antigravity\scratch\thecubiqo\repo_temp\node_modules\next\dist\compiled\@opentelemetry\api\index.js:1:18093)
    at ProxyTracer.startActiveSpan (C:\Users\avloy\.gemini\antigravity\scratch\thecubiqo\repo_temp\node_modules\next\dist\compiled\@opentelemetry\api\index.js:1:18854) {
  description: "Route /api/admin/events couldn't be rendered statically because it used `cookies`. See more info here: https://nextjs.org/docs/messages/dynamic-server-error",
  digest: 'DYNAMIC_SERVER_USAGE'
}
[Admin/Journey/Metrics] Error: n [Error]: Dynamic server usage: Route /api/admin/journey/metrics couldn't be rendered statically because it used `cookies`. See more info here: https://nextjs.org/docs/messages/dynamic-server-error
    at l (C:\Users\avloy\.gemini\antigravity\scratch\thecubiqo\repo_temp\.next\server\chunks\8948.js:1:37158)
    at f (C:\Users\avloy\.gemini\antigravity\scratch\thecubiqo\repo_temp\.next\server\app\api\admin\events\route.js:1:3775)
    at n (C:\Users\avloy\.gemini\antigravity\scratch\thecubiqo\repo_temp\.next\server\app\api\admin\events\route.js:1:8291)
    at u (C:\Users\avloy\.gemini\antigravity\scratch\thecubiqo\repo_temp\.next\server\app\api\admin\journey\metrics\route.js:1:3802)
    at d (C:\Users\avloy\.gemini\antigravity\scratch\thecubiqo\repo_temp\.next\server\app\api\admin\journey\metrics\route.js:1:847)
    at C:\Users\avloy\.gemini\antigravity\scratch\thecubiqo\repo_temp\node_modules\next\dist\compiled\next-server\app-route.runtime.prod.js:6:38417
    at C:\Users\avloy\.gemini\antigravity\scratch\thecubiqo\repo_temp\node_modules\next\dist\server\lib\trace\tracer.js:140:36
    at NoopContextManager.with (C:\Users\avloy\.gemini\antigravity\scratch\thecubiqo\repo_temp\node_modules\next\dist\compiled\@opentelemetry\api\index.js:1:7062)
    at ContextAPI.with (C:\Users\avloy\.gemini\antigravity\scratch\thecubiqo\repo_temp\node_modules\next\dist\compiled\@opentelemetry\api\index.js:1:518)
    at NoopTracer.startActiveSpan (C:\Users\avloy\.gemini\antigravity\scratch\thecubiqo\repo_temp\node_modules\next\dist\compiled\@opentelemetry\api\index.js:1:18093) {
  description: "Route /api/admin/journey/metrics couldn't be rendered statically because it used `cookies`. See more info here: https://nextjs.org/docs/messages/dynamic-server-error",
  digest: 'DYNAMIC_SERVER_USAGE'
}
≡ƒñû Initializing CubiQo Agent Engine...
[Bootstrap] Detecting available LLM provider...
Γ£à Agents bootstrapped: henry, dev, writer, tester, marketing, pr-triage, marketing-agent
Γ£à Agent Engine ready
[Bootstrap] No LLM API key found! Using Anthropic as fallback (will fail without key)
   Generating static pages (24/99) 
File list error: B [Error]: Dynamic server usage: Route /api/files/list couldn't be rendered statically because it used `request.url`. See more info here: https://nextjs.org/docs/messages/dynamic-server-error
    at V (C:\Users\avloy\.gemini\antigravity\scratch\thecubiqo\repo_temp\node_modules\next\dist\compiled\next-server\app-route.runtime.prod.js:6:21778)
    at Object.get (C:\Users\avloy\.gemini\antigravity\scratch\thecubiqo\repo_temp\node_modules\next\dist\compiled\next-server\app-route.runtime.prod.js:6:29465)
    at d (C:\Users\avloy\.gemini\antigravity\scratch\thecubiqo\repo_temp\.next\server\app\api\files\list\route.js:1:1202)
    at C:\Users\avloy\.gemini\antigravity\scratch\thecubiqo\repo_temp\node_modules\next\dist\compiled\next-server\app-route.runtime.prod.js:6:38417
    at C:\Users\avloy\.gemini\antigravity\scratch\thecubiqo\repo_temp\node_modules\next\dist\server\lib\trace\tracer.js:140:36
    at NoopContextManager.with (C:\Users\avloy\.gemini\antigravity\scratch\thecubiqo\repo_temp\node_modules\next\dist\compiled\@opentelemetry\api\index.js:1:7062)
    at ContextAPI.with (C:\Users\avloy\.gemini\antigravity\scratch\thecubiqo\repo_temp\node_modules\next\dist\compiled\@opentelemetry\api\index.js:1:518)
    at NoopTracer.startActiveSpan (C:\Users\avloy\.gemini\antigravity\scratch\thecubiqo\repo_temp\node_modules\next\dist\compiled\@opentelemetry\api\index.js:1:18093)
    at ProxyTracer.startActiveSpan (C:\Users\avloy\.gemini\antigravity\scratch\thecubiqo\repo_temp\node_modules\next\dist\compiled\@opentelemetry\api\index.js:1:18854)
    at C:\Users\avloy\.gemini\antigravity\scratch\thecubiqo\repo_temp\node_modules\next\dist\server\lib\trace\tracer.js:122:103 {
  description: "Route /api/files/list couldn't be rendered statically because it used `request.url`. See more info here: https://nextjs.org/docs/messages/dynamic-server-error",
  digest: 'DYNAMIC_SERVER_USAGE'
}
File read error: B [Error]: Dynamic server usage: Route /api/files/read couldn't be rendered statically because it used `request.url`. See more info here: https://nextjs.org/docs/messages/dynamic-server-error
    at V (C:\Users\avloy\.gemini\antigravity\scratch\thecubiqo\repo_temp\node_modules\next\dist\compiled\next-server\app-route.runtime.prod.js:6:21778)
    at Object.get (C:\Users\avloy\.gemini\antigravity\scratch\thecubiqo\repo_temp\node_modules\next\dist\compiled\next-server\app-route.runtime.prod.js:6:29465)
    at l (C:\Users\avloy\.gemini\antigravity\scratch\thecubiqo\repo_temp\.next\server\app\api\files\read\route.js:1:707)
    at C:\Users\avloy\.gemini\antigravity\scratch\thecubiqo\repo_temp\node_modules\next\dist\compiled\next-server\app-route.runtime.prod.js:6:38417
    at C:\Users\avloy\.gemini\antigravity\scratch\thecubiqo\repo_temp\node_modules\next\dist\server\lib\trace\tracer.js:140:36
    at NoopContextManager.with (C:\Users\avloy\.gemini\antigravity\scratch\thecubiqo\repo_temp\node_modules\next\dist\compiled\@opentelemetry\api\index.js:1:7062)
    at ContextAPI.with (C:\Users\avloy\.gemini\antigravity\scratch\thecubiqo\repo_temp\node_modules\next\dist\compiled\@opentelemetry\api\index.js:1:518)
    at NoopTracer.startActiveSpan (C:\Users\avloy\.gemini\antigravity\scratch\thecubiqo\repo_temp\node_modules\next\dist\compiled\@opentelemetry\api\index.js:1:18093)
    at ProxyTracer.startActiveSpan (C:\Users\avloy\.gemini\antigravity\scratch\thecubiqo\repo_temp\node_modules\next\dist\compiled\@opentelemetry\api\index.js:1:18854)
    at C:\Users\avloy\.gemini\antigravity\scratch\thecubiqo\repo_temp\node_modules\next\dist\server\lib\trace\tracer.js:122:103 {
  description: "Route /api/files/read couldn't be rendered statically because it used `request.url`. See more info here: https://nextjs.org/docs/messages/dynamic-server-error",
  digest: 'DYNAMIC_SERVER_USAGE'
}
≡ƒñû Initializing CubiQo Agent Engine...
[Bootstrap] Detecting available LLM provider...
Γ£à Agents bootstrapped: henry, dev, writer, tester, marketing, pr-triage, marketing-agent
Γ£à Agent Engine ready
[Bootstrap] No LLM API key found! Using Anthropic as fallback (will fail without key)
OAuth callback error: B [Error]: Dynamic server usage: Route /api/founders-pass/oauth/callback couldn't be rendered statically because it used `request.url`. See more info here: https://nextjs.org/docs/messages/dynamic-server-error
    at V (C:\Users\avloy\.gemini\antigravity\scratch\thecubiqo\repo_temp\node_modules\next\dist\compiled\next-server\app-route.runtime.prod.js:6:21778)
    at Object.get (C:\Users\avloy\.gemini\antigravity\scratch\thecubiqo\repo_temp\node_modules\next\dist\compiled\next-server\app-route.runtime.prod.js:6:29465)
    at _ (C:\Users\avloy\.gemini\antigravity\scratch\thecubiqo\repo_temp\.next\server\app\api\founders-pass\oauth\callback\route.js:1:3400)
    at C:\Users\avloy\.gemini\antigravity\scratch\thecubiqo\repo_temp\node_modules\next\dist\compiled\next-server\app-route.runtime.prod.js:6:38417
    at C:\Users\avloy\.gemini\antigravity\scratch\thecubiqo\repo_temp\node_modules\next\dist\server\lib\trace\tracer.js:140:36
    at NoopContextManager.with (C:\Users\avloy\.gemini\antigravity\scratch\thecubiqo\repo_temp\node_modules\next\dist\compiled\@opentelemetry\api\index.js:1:7062)
    at ContextAPI.with (C:\Users\avloy\.gemini\antigravity\scratch\thecubiqo\repo_temp\node_modules\next\dist\compiled\@opentelemetry\api\index.js:1:518)
    at NoopTracer.startActiveSpan (C:\Users\avloy\.gemini\antigravity\scratch\thecubiqo\repo_temp\node_modules\next\dist\compiled\@opentelemetry\api\index.js:1:18093)
    at ProxyTracer.startActiveSpan (C:\Users\avloy\.gemini\antigravity\scratch\thecubiqo\repo_temp\node_modules\next\dist\compiled\@opentelemetry\api\index.js:1:18854)
    at C:\Users\avloy\.gemini\antigravity\scratch\thecubiqo\repo_temp\node_modules\next\dist\server\lib\trace\tracer.js:122:103 {
  description: "Route /api/founders-pass/oauth/callback couldn't be rendered statically because it used `request.url`. See more info here: https://nextjs.org/docs/messages/dynamic-server-error",
  digest: 'DYNAMIC_SERVER_USAGE'
}
[Journey/Memories] Error: n [Error]: Dynamic server usage: Route /api/journey/memories couldn't be rendered statically because it used `cookies`. See more info here: https://nextjs.org/docs/messages/dynamic-server-error
    at l (C:\Users\avloy\.gemini\antigravity\scratch\thecubiqo\repo_temp\.next\server\chunks\8948.js:1:37158)
    at f (C:\Users\avloy\.gemini\antigravity\scratch\thecubiqo\repo_temp\.next\server\chunks\4599.js:1:1692)
    at s (C:\Users\avloy\.gemini\antigravity\scratch\thecubiqo\repo_temp\.next\server\chunks\4599.js:1:7583)
    at l (C:\Users\avloy\.gemini\antigravity\scratch\thecubiqo\repo_temp\.next\server\app\api\journey\memories\route.js:1:830)
    at C:\Users\avloy\.gemini\antigravity\scratch\thecubiqo\repo_temp\node_modules\next\dist\compiled\next-server\app-route.runtime.prod.js:6:38417
    at C:\Users\avloy\.gemini\antigravity\scratch\thecubiqo\repo_temp\node_modules\next\dist\server\lib\trace\tracer.js:140:36
    at NoopContextManager.with (C:\Users\avloy\.gemini\antigravity\scratch\thecubiqo\repo_temp\node_modules\next\dist\compiled\@opentelemetry\api\index.js:1:7062)
    at ContextAPI.with (C:\Users\avloy\.gemini\antigravity\scratch\thecubiqo\repo_temp\node_modules\next\dist\compiled\@opentelemetry\api\index.js:1:518)
    at NoopTracer.startActiveSpan (C:\Users\avloy\.gemini\antigravity\scratch\thecubiqo\repo_temp\node_modules\next\dist\compiled\@opentelemetry\api\index.js:1:18093)
    at ProxyTracer.startActiveSpan (C:\Users\avloy\.gemini\antigravity\scratch\thecubiqo\repo_temp\node_modules\next\dist\compiled\@opentelemetry\api\index.js:1:18854) {
  description: "Route /api/journey/memories couldn't be rendered statically because it used `cookies`. See more info here: https://nextjs.org/docs/messages/dynamic-server-error",
  digest: 'DYNAMIC_SERVER_USAGE'
}
   Generating static pages (49/99) 
   Generating static pages (74/99) 
 Γ£ô Generating static pages (99/99)
   Finalizing page optimization ...
   Collecting build traces ...

Route (app)                              Size     First Load JS
Γöî ╞Æ /                                    217 B           504 kB
Γö£ ╞Æ /_not-found                          880 B          88.3 kB
Γö£ ΓùÅ /[region]                            475 B           505 kB
Γö£   Γöö /uk
Γö£ ΓùÅ /[region]/chat                       3.84 kB         434 kB
Γö£   Γöö /uk/chat
Γö£ ╞Æ /admin                               103 kB          199 kB
Γö£ ╞Æ /admin/designs                       1.72 kB          96 kB
Γö£ ╞Æ /admin/email-preview                 1.82 kB        96.1 kB
Γö£ ╞Æ /admin/experiments                   3.99 kB         154 kB
Γö£ ╞Æ /admin/feature-flags                 3.1 kB         90.6 kB
Γö£ ╞Æ /admin/gate                          2.17 kB        89.6 kB
Γö£ ╞Æ /admin/journey                       2.44 kB        89.9 kB
Γö£ ╞Æ /admin/noc                           2.51 kB          90 kB
Γö£ ╞Æ /admin/security                      2.76 kB        90.2 kB
Γö£ ╞Æ /admin/self-heal                     2.49 kB        96.8 kB
Γö£ ╞Æ /admin/social-army                   3.42 kB        90.9 kB
Γö£ ╞Æ /agent-portal                        1.51 kB          89 kB
Γö£ ╞Æ /agents                              2.38 kB        89.8 kB
Γö£ ╞Æ /api/admin/audit                     0 B                0 B
Γö£ ╞Æ /api/admin/designs                   0 B                0 B
Γö£ ╞Æ /api/admin/email-preview             0 B                0 B
Γö£ ╞Æ /api/admin/events                    0 B                0 B
Γö£ ╞Æ /api/admin/experiments/ai            0 B                0 B
Γö£ ╞Æ /api/admin/feature-flags             0 B                0 B
Γö£ ╞Æ /api/admin/features                  0 B                0 B
Γö£ ╞Æ /api/admin/journal                   0 B                0 B
Γö£ ╞Æ /api/admin/journey/feature-flag      0 B                0 B
Γö£ ╞Æ /api/admin/journey/metrics           0 B                0 B
Γö£ ╞Æ /api/admin/self-heal                 0 B                0 B
Γö£ ╞Æ /api/admin/self-heal/reports         0 B                0 B
Γö£ ╞Æ /api/admin/self-heal/run             0 B                0 B
Γö£ ╞Æ /api/admin/stats                     0 B                0 B
Γö£ ╞Æ /api/admin/toggle                    0 B                0 B
Γö£ ╞Æ /api/agents                          0 B                0 B
Γö£ ╞Æ /api/agents/[id]/run                 0 B                0 B
Γö£ ╞Æ /api/agents/[id]/sessions            0 B                0 B
Γö£ ╞Æ /api/agents/[id]/spawn               0 B                0 B
Γö£ ╞Æ /api/agents/[id]/tasks               0 B                0 B
Γö£ Γùï /api/agents/activity                 0 B                0 B
Γö£ ╞Æ /api/agents/reports                  0 B                0 B
Γö£ ╞Æ /api/ai-stats                        0 B                0 B
Γö£ ╞Æ /api/auth-example                    0 B                0 B
Γö£ ╞Æ /api/auth/webauthn/login/options     0 B                0 B
Γö£ ╞Æ /api/auth/webauthn/login/verify      0 B                0 B
Γö£ ╞Æ /api/auth/webauthn/register/options  0 B                0 B
Γö£ ╞Æ /api/auth/webauthn/register/verify   0 B                0 B
Γö£ ╞Æ /api/browser                         0 B                0 B
Γö£ ╞Æ /api/chat                            0 B                0 B
Γö£ ╞Æ /api/code/execute                    0 B                0 B
Γö£ ╞Æ /api/code/file-ops                   0 B                0 B
Γö£ ╞Æ /api/code/terminal                   0 B                0 B
Γö£ ╞Æ /api/coder                           0 B                0 B
Γö£ ╞Æ /api/cron/self-heal                  0 B                0 B
Γö£ ╞Æ /api/experiments/track               0 B                0 B
Γö£ ╞Æ /api/extract-memories                0 B                0 B
Γö£ ╞Æ /api/feature-flags/check             0 B                0 B
Γö£ ╞Æ /api/features                        0 B                0 B
Γö£ ╞Æ /api/files/list                      0 B                0 B
Γö£ ╞Æ /api/files/read                      0 B                0 B
Γö£ ╞Æ /api/founders-pass/actions           0 B                0 B
Γö£ ╞Æ /api/founders-pass/audit             0 B                0 B
Γö£ ╞Æ /api/founders-pass/events            0 B                0 B
Γö£ ╞Æ /api/founders-pass/flags             0 B                0 B
Γö£ ╞Æ /api/founders-pass/flags/overrides   0 B                0 B
Γö£ ╞Æ /api/founders-pass/generator         0 B                0 B
Γö£ Γùï /api/founders-pass/health            0 B                0 B
Γö£ ╞Æ /api/founders-pass/integrations      0 B                0 B
Γö£ ╞Æ /api/founders-pass/oauth/callback    0 B                0 B
Γö£ ╞Æ /api/founders-pass/preview           0 B                0 B
Γö£ ╞Æ /api/founders-pass/sites             0 B                0 B
Γö£ ╞Æ /api/founderspass/catalog            0 B                0 B
Γö£ ╞Æ /api/founderspass/toggle             0 B                0 B
Γö£ ╞Æ /api/friends                         0 B                0 B
Γö£ ╞Æ /api/health                          0 B                0 B
Γö£ ╞Æ /api/integrations/telegram           0 B                0 B
Γö£ ╞Æ /api/journey/consent                 0 B                0 B
Γö£ ╞Æ /api/journey/memories                0 B                0 B
Γö£ ╞Æ /api/journey/similarity              0 B                0 B
Γö£ ╞Æ /api/memory/search                   0 B                0 B
Γö£ ╞Æ /api/messages                        0 B                0 B
Γö£ Γùï /api/services                        0 B                0 B
Γö£ ╞Æ /api/session                         0 B                0 B
Γö£ ╞Æ /api/sessions/[id]/compact           0 B                0 B
Γö£ ╞Æ /api/stt                             0 B                0 B
Γö£ ╞Æ /api/tts                             0 B                0 B
Γö£ ╞Æ /api/voice/command                   0 B                0 B
Γö£ ╞Æ /api/webhooks/telegram               0 B                0 B
Γö£ ╞Æ /auth                                4.61 kB         158 kB
Γö£ ╞Æ /auth-demo                           2.32 kB        89.8 kB
Γö£ ╞Æ /auth/callback                       0 B                0 B
Γö£ ╞Æ /auth/error                          1.74 kB        89.2 kB
Γö£ ╞Æ /chat                                3.67 kB         434 kB
Γö£ ╞Æ /dashboard                           4.96 kB         155 kB
Γö£ ╞Æ /demo                                3.41 kB        90.9 kB
Γö£ ╞Æ /dev-console                         3.04 kB         146 kB
Γö£ ╞Æ /email-preview                       2.62 kB        90.1 kB
Γö£ ╞Æ /files                               2.99 kB        90.4 kB
Γö£ ╞Æ /founderpass                         153 B          87.6 kB
Γö£ ╞Æ /founders-pass                       1.78 kB          96 kB
Γö£ ╞Æ /founders-pass/actions               1.67 kB        89.1 kB
Γö£ ╞Æ /founders-pass/audit                 995 B          88.4 kB
Γö£ ╞Æ /founders-pass/flags                 1.78 kB        89.2 kB
Γö£ ╞Æ /founders-pass/integrations          1.67 kB        89.1 kB
Γö£ ╞Æ /founders-pass/sites                 1.96 kB        96.2 kB
Γö£ ╞Æ /founderspass                        4.92 kB        92.4 kB
Γö£ ╞Æ /founderspass/dashboard              5.02 kB         148 kB
Γö£ ╞Æ /founderspass/experiments            800 B          88.2 kB
Γö£ ╞Æ /journal                             6.69 kB         157 kB
Γö£ ╞Æ /journey                             1.61 kB        91.5 kB
Γö£ ╞Æ /landing-demo                        23.9 kB         395 kB
Γö£ ╞Æ /landing-preview                     6.94 kB         332 kB
Γö£ ╞Æ /onboarding                          2.31 kB        89.8 kB
Γö£ ╞Æ /pricing                             2.5 kB         96.8 kB
Γö£ ╞Æ /settings-cube                       1.72 kB         327 kB
Γöö ╞Æ /sites/[slug]                        2.06 kB        89.5 kB
+ First Load JS shared by all            87.4 kB
  Γö£ chunks/2117-c785ee332869328f.js      31.8 kB
  Γö£ chunks/fd9d1056-a0f4f4660cac4b6e.js  53.6 kB
  Γöö other shared chunks (total)          2.06 kB


╞Æ Middleware                             73.9 kB

Γùï  (Static)   prerendered as static content
ΓùÅ  (SSG)      prerendered as static HTML (uses getStaticProps)
╞Æ  (Dynamic)  server-rendered on demand

