npm error code ENOENT
npm error syscall open
npm error path C:\Users\avloy\.gemini\antigravity\scratch\thecubiqo\repo_temp\package.json
npm error errno -4058
npm error enoent Could not read package.json: Error: ENOENT: no such file or directory, open 'C:\Users\avloy\.gemini\antigravity\scratch\thecubiqo\repo_temp\package.json'
npm error enoent This is related to npm not being able to find a file.
npm error enoent
npm error A complete log of this run can be found in: C:\Users\avloy\AppData\Local\npm-cache\_logs\2026-03-22T00_10_00_039Z-debug-0.log
