src/components/RGYIntentKeywordList.tsx(5,23): error TS1261: Already included file name 'C:/Users/avloy/.gemini/antigravity/scratch/thecubiqo/repo_temp/src/components/ui/badge.tsx' differs from file name 'C:/Users/avloy/.gemini/antigravity/scratch/thecubiqo/repo_temp/src/components/ui/Badge.tsx' only in casing.
  The file is in the program because:
    Imported via "@/components/ui/badge" from file 'C:/Users/avloy/.gemini/antigravity/scratch/thecubiqo/repo_temp/src/components/RGYIntentKeywordList.tsx'
    Imported via "@/components/ui/badge" from file 'C:/Users/avloy/.gemini/antigravity/scratch/thecubiqo/repo_temp/src/components/RGYRoomView.tsx'
    Imported via '@/components/ui/badge' from file 'C:/Users/avloy/.gemini/antigravity/scratch/thecubiqo/repo_temp/src/app/founders-pass/page.tsx'
    Imported via '@/components/ui/badge' from file 'C:/Users/avloy/.gemini/antigravity/scratch/thecubiqo/repo_temp/src/app/founders-pass/security/page.tsx'
    Imported via '@/components/ui/badge' from file 'C:/Users/avloy/.gemini/antigravity/scratch/thecubiqo/repo_temp/src/app/settings/privacy/page.tsx'
    Matched by include pattern '**/*.tsx' in 'C:/Users/avloy/.gemini/antigravity/scratch/thecubiqo/repo_temp/tsconfig.json'
src/components/support/SupportChatbot.tsx(6,22): error TS1261: Already included file name 'C:/Users/avloy/.gemini/antigravity/scratch/thecubiqo/repo_temp/src/components/ui/card.tsx' differs from file name 'C:/Users/avloy/.gemini/antigravity/scratch/thecubiqo/repo_temp/src/components/ui/Card.tsx' only in casing.
  The file is in the program because:
    Imported via '@/components/ui/card' from file 'C:/Users/avloy/.gemini/antigravity/scratch/thecubiqo/repo_temp/src/components/support/SupportChatbot.tsx'
    Imported via "@/components/ui/card" from file 'C:/Users/avloy/.gemini/antigravity/scratch/thecubiqo/repo_temp/src/components/RGYColorSelector.tsx'
    Imported via "@/components/ui/card" from file 'C:/Users/avloy/.gemini/antigravity/scratch/thecubiqo/repo_temp/src/components/RGYIntentKeywordList.tsx'
    Imported via "@/components/ui/card" from file 'C:/Users/avloy/.gemini/antigravity/scratch/thecubiqo/repo_temp/src/components/RGYRoomView.tsx'
    Matched by include pattern '**/*.tsx' in 'C:/Users/avloy/.gemini/antigravity/scratch/thecubiqo/repo_temp/tsconfig.json'
src/components/support/SupportChatbot.tsx(7,24): error TS1261: Already included file name 'C:/Users/avloy/.gemini/antigravity/scratch/thecubiqo/repo_temp/src/components/ui/button.tsx' differs from file name 'C:/Users/avloy/.gemini/antigravity/scratch/thecubiqo/repo_temp/src/components/ui/Button.tsx' only in casing.
  The file is in the program because:
    Imported via '@/components/ui/button' from file 'C:/Users/avloy/.gemini/antigravity/scratch/thecubiqo/repo_temp/src/components/support/SupportChatbot.tsx'
    Imported via '@/components/ui/button' from file 'C:/Users/avloy/.gemini/antigravity/scratch/thecubiqo/repo_temp/src/components/CookieBanner.tsx'
    Imported via "@/components/ui/button" from file 'C:/Users/avloy/.gemini/antigravity/scratch/thecubiqo/repo_temp/src/components/RGYIntentKeywordList.tsx'
    Imported via '@/components/ui/button' from file 'C:/Users/avloy/.gemini/antigravity/scratch/thecubiqo/repo_temp/src/app/founders-pass/page.tsx'
    Imported via '@/components/ui/button' from file 'C:/Users/avloy/.gemini/antigravity/scratch/thecubiqo/repo_temp/src/app/founders-pass/security/page.tsx'
    Imported via '@/components/ui/button' from file 'C:/Users/avloy/.gemini/antigravity/scratch/thecubiqo/repo_temp/src/app/settings/privacy/page.tsx'
    Matched by include pattern '**/*.tsx' in 'C:/Users/avloy/.gemini/antigravity/scratch/thecubiqo/repo_temp/tsconfig.json'
src/components/support/SupportChatbot.tsx(8,23): error TS1261: Already included file name 'C:/Users/avloy/.gemini/antigravity/scratch/thecubiqo/repo_temp/src/components/ui/input.tsx' differs from file name 'C:/Users/avloy/.gemini/antigravity/scratch/thecubiqo/repo_temp/src/components/ui/Input.tsx' only in casing.
  The file is in the program because:
    Imported via '@/components/ui/input' from file 'C:/Users/avloy/.gemini/antigravity/scratch/thecubiqo/repo_temp/src/components/support/SupportChatbot.tsx'
    Imported via "@/components/ui/input" from file 'C:/Users/avloy/.gemini/antigravity/scratch/thecubiqo/repo_temp/src/components/RGYIntentKeywordList.tsx'
    Imported via "@/components/ui/input" from file 'C:/Users/avloy/.gemini/antigravity/scratch/thecubiqo/repo_temp/src/components/RGYRoomView.tsx'
    Matched by include pattern '**/*.tsx' in 'C:/Users/avloy/.gemini/antigravity/scratch/thecubiqo/repo_temp/tsconfig.json'
