 FAIL  tests/adaptive-learning.test.ts > User Model > should classify time slots correctly
 FAIL  tests/api-chat-dependency.test.ts > Chat API: Memory Integration > should import SYSTEM_PROMPT and buildMessages
 FAIL  tests/api-chat-dependency.test.ts > Chat API: Supabase Admin Client > should create admin Supabase client with service role key
 FAIL  tests/api-chat-dependency.test.ts > Chat API: Supabase Admin Client > should support legacy env var names
 FAIL  tests/api-journal.test.ts > Journal Entries API: Error Handling > should catch and log errors
 FAIL  tests/api-memory.test.ts > Memory API: Error Handling > should catch and log errors
 FAIL  tests/autopilot.test.ts > Profile Auto-Fill Extraction > should use Claude Haiku for cost-effective extraction
 FAIL  tests/database-dependency.test.ts > Supabase Server Client > should handle cookie setAll with error handling
 FAIL  tests/database-schema.test.ts > Database Schema Validation > Migration file naming conventions > migration files should be in chronological order
 FAIL  tests/region-config.test.ts > Middleware Integration > middleware should exclude static files from processing
 FAIL  src/__tests__/api-database-validation.test.ts > API Route Handler Tests > Admin Stats API (/api/admin/stats) > should return stats object with required fields
 FAIL  src/__tests__/api-database-validation.test.ts > API Route Handler Tests > Admin Stats API (/api/admin/stats) > should return system health metrics
 FAIL  src/__tests__/api-database-validation.test.ts > Schema Impact and Compatibility Tests > Migration Compatibility > should have valid foreign key references
 FAIL  src/__tests__/auth-ui.test.tsx > AuthButton smoke test > shows Sign In button when user is not authenticated
 FAIL  src/__tests__/auth-ui.test.tsx > AuthButton smoke test > replaces Sign In button with user avatar after magic-link auth
 FAIL  src/__tests__/auth-ui.test.tsx > AuthButton smoke test > shows Sign In when non-standard auth event fires without session
 FAIL  src/__tests__/auth-ui.test.tsx > AuthButton smoke test > falls back to Sign In after timeout if onAuthStateChange never fires
 FAIL  tests/api/admin-integrations-reports.test.ts > Admin API - Integrations & Reports > Integration Health API > GET /api/admin/integrations/health > should return 401 if not authenticated
 FAIL  tests/api/admin-integrations-reports.test.ts > Admin API - Integrations & Reports > Integration Health API > GET /api/admin/integrations/health > should return integration health list for admin
 FAIL  tests/api/admin-integrations-reports.test.ts > Admin API - Integrations & Reports > Integration Health API > GET /api/admin/integrations/health > should filter by status
 FAIL  tests/api/admin-integrations-reports.test.ts > Admin API - Integrations & Reports > Integration Health API > GET /api/admin/integrations/health > should paginate results
 FAIL  tests/api/admin-integrations-reports.test.ts > Admin API - Integrations & Reports > Integration Health API > POST /api/admin/integrations/health > should update integration health
 FAIL  tests/api/admin-integrations-reports.test.ts > Admin API - Integrations & Reports > Integration Health API > POST /api/admin/integrations/health > should validate required fields
 FAIL  tests/api/admin-integrations-reports.test.ts > Admin API - Integrations & Reports > Integration Health API > POST /api/admin/integrations/health > should validate status values
 FAIL  tests/api/admin-integrations-reports.test.ts > Admin API - Integrations & Reports > Integration List API > GET /api/admin/integrations/list > should return all configured integrations
 FAIL  tests/api/admin-integrations-reports.test.ts > Admin API - Integrations & Reports > Integration List API > GET /api/admin/integrations/list > should include health data by default
 FAIL  tests/api/admin-integrations-reports.test.ts > Admin API - Integrations & Reports > Integration List API > GET /api/admin/integrations/list > should filter by type
 FAIL  tests/api/admin-integrations-reports.test.ts > Admin API - Integrations & Reports > Integration List API > GET /api/admin/integrations/list > should search integrations
 FAIL  tests/api/admin-integrations-reports.test.ts > Admin API - Integrations & Reports > Report Generation API > POST /api/admin/reports/generate > should generate user activity report
 FAIL  tests/api/admin-integrations-reports.test.ts > Admin API - Integrations & Reports > Report Generation API > POST /api/admin/reports/generate > should generate GDPR compliance report
 FAIL  tests/api/admin-integrations-reports.test.ts > Admin API - Integrations & Reports > Report Generation API > POST /api/admin/reports/generate > should generate CCPA compliance report
 FAIL  tests/api/admin-integrations-reports.test.ts > Admin API - Integrations & Reports > Report Generation API > POST /api/admin/reports/generate > should generate AI performance report
 FAIL  tests/api/admin-integrations-reports.test.ts > Admin API - Integrations & Reports > Report Generation API > POST /api/admin/reports/generate > should generate security audit report
 FAIL  tests/api/admin-integrations-reports.test.ts > Admin API - Integrations & Reports > Report Generation API > POST /api/admin/reports/generate > should validate report type
 FAIL  tests/api/admin-integrations-reports.test.ts > Admin API - Integrations & Reports > Report Generation API > POST /api/admin/reports/generate > should validate date range
 FAIL  tests/api/admin-integrations-reports.test.ts > Admin API - Integrations & Reports > Report Generation API > POST /api/admin/reports/generate > should require date range fields
 FAIL  tests/api/admin-integrations-reports.test.ts > Admin API - Integrations & Reports > Reports List API > GET /api/admin/reports/list > should return list of generated reports
 FAIL  tests/api/admin-integrations-reports.test.ts > Admin API - Integrations & Reports > Reports List API > GET /api/admin/reports/list > should filter by report type
 FAIL  tests/api/admin-integrations-reports.test.ts > Admin API - Integrations & Reports > Reports List API > GET /api/admin/reports/list > should support pagination
 FAIL  tests/api/admin-integrations-reports.test.ts > Admin API - Integrations & Reports > Reports List API > GET /api/admin/reports/list > should exclude report_data by default
 FAIL  tests/api/admin-integrations-reports.test.ts > Admin API - Integrations & Reports > Reports List API > GET /api/admin/reports/list > should include report_data when requested
 FAIL  tests/api/admin-integrations-reports.test.ts > Admin API - Integrations & Reports > Reports List API > GET /api/admin/reports/list > should sort reports
 FAIL  tests/auth/magic-link-redirect.test.ts > Middleware Session Refresh > should have matcher config to exclude static files
 FAIL  tests/auth/magic-link-redirect.test.ts > Middleware Session Refresh > should reference PR #12 in comments
 FAIL  tests/integration/feature-flags-config.test.ts > Middleware Config Integration > should exclude static files from matcher
 FAIL  tests/integration/feature-flags-config.test.ts > Middleware Config Integration > should exclude image file extensions
 FAIL  tests/lib/sandbox.test.ts > sandbox ΓÇö validatePath > allows paths inside workspace
 FAIL  tests/lib/sandbox.test.ts > sandbox ΓÇö getWorkspaceDir > returns session-scoped directory
 FAIL  tests/performance/ai-response-time.test.ts > AI Response Time Benchmarks > should handle streaming responses efficiently
 FAIL  tests/regression/data-integrity.test.ts > Data Integrity Regression Tests > AI provider configs are complete > should verify FALLBACK_PROVIDERS has exactly 3 entries
 FAIL  tests/regression/data-integrity.test.ts > Data Integrity Regression Tests > AI provider configs are complete > should verify fallback order is mixtral ΓåÆ llama ΓåÆ claude
 FAIL  tests/unit/ai-providers-and-flags.test.ts > AI Provider Configuration > Fallback providers > should have exactly 3 fallbacks
 FAIL  tests/unit/ai-providers-and-flags.test.ts > AI Provider Configuration > Fallback providers > should follow correct fallback order: mixtral ΓåÆ llama ΓåÆ claude
 FAIL  tests/unit/ai-providers-and-flags.test.ts > AI Provider Configuration > Fallback providers > should match individual config exports
 FAIL  tests/unit/ai-providers-and-flags.test.ts > AI Provider Configuration > Provider configs > should have consistent maxTokens
 FAIL  src/__tests__/integration/sandbox.test.ts > Code Execution Sandbox > validatePath > should allow paths within workspace
 FAIL  src/__tests__/integration/sandbox.test.ts > Code Execution Sandbox > validatePath > should allow nested paths within workspace
