npm warn config global-style This option has been deprecated in favor of `--install-strategy=shallow`
social-army/scripts/test-content-gen.ts(22,55): error TS18046: 'err' is of type 'unknown'.
src/__tests__/agent-hub.test.tsx(75,3): error TS2322: Type 'Mock<Procedure | Constructable>' is not assignable to type '{ (input: URL | RequestInfo, init?: RequestInit | undefined): Promise<Response>; (input: string | Request | URL, init?: RequestInit | undefined): Promise<...>; }'.
  Type 'MockInstance<Procedure | Constructable> & (new (...args: any[]) => any) & {}' is not assignable to type '{ (input: URL | RequestInfo, init?: RequestInit | undefined): Promise<Response>; (input: string | Request | URL, init?: RequestInit | undefined): Promise<...>; }'.
    Type 'MockInstance<Procedure | Constructable> & (new (...args: any[]) => any) & {}' provides no match for the signature '(input: URL | RequestInfo, init?: RequestInit | undefined): Promise<Response>'.
src/__tests__/api-database-validation.test.ts(665,26): error TS18048: 'response' is possibly 'undefined'.
src/__tests__/api-database-validation.test.ts(689,26): error TS18048: 'response' is possibly 'undefined'.
src/__tests__/api-database-validation.test.ts(714,14): error TS18048: 'response' is possibly 'undefined'.
src/__tests__/api-database-validation.test.ts(716,26): error TS18048: 'response' is possibly 'undefined'.
src/__tests__/integration/onboarding-flow.test.ts(24,31): error TS2367: This comparison appears to be unintentional because the types '5' and '0' have no overlap.
src/app/api/browser/action/route.ts(188,31): error TS7006: Parameter 'action' implicitly has an 'any' type.
src/app/api/emergent/secrets/route.ts(66,13): error TS2769: No overload matches this call.
  Overload 1 of 2, '(relation: "events" | "memory" | "emergent_orgs" | "emergent_projects" | "sessions" | "profiles" | "feature_flags" | "feature_flag_webhooks" | "conversations" | "social_campaigns" | ... 14 more ... | "content_queue"): PostgrestQueryBuilder<...>', gave the following error.
    Argument of type '"project_secrets"' is not assignable to parameter of type '"events" | "memory" | "emergent_orgs" | "emergent_projects" | "sessions" | "profiles" | "feature_flags" | "feature_flag_webhooks" | "conversations" | "social_campaigns" | ... 14 more ... | "content_queue"'.
  Overload 2 of 2, '(relation: never): PostgrestQueryBuilder<{ PostgrestVersion: "13.0.5"; }, { Tables: { emergent_orgs: { Row: { id: string; name: string; slug: string; plan: string | null; created_at: string | null; updated_at: string | null; }; Insert: { ...; }; Update: { ...; }; Relationships: []; }; ... 23 more ...; content_queue: { ...; }; }; Views: {}; Functions: { ...; }; Enums: {}; CompositeTypes: {}; }, never, never, never>', gave the following error.
    Argument of type '"project_secrets"' is not assignable to parameter of type 'never'.
src/app/api/emergent/secrets/route.ts(84,13): error TS2769: No overload matches this call.
  Overload 1 of 2, '(relation: "events" | "memory" | "emergent_orgs" | "emergent_projects" | "sessions" | "profiles" | "feature_flags" | "feature_flag_webhooks" | "conversations" | "social_campaigns" | ... 14 more ... | "content_queue"): PostgrestQueryBuilder<...>', gave the following error.
    Argument of type '"project_secrets"' is not assignable to parameter of type '"events" | "memory" | "emergent_orgs" | "emergent_projects" | "sessions" | "profiles" | "feature_flags" | "feature_flag_webhooks" | "conversations" | "social_campaigns" | ... 14 more ... | "content_queue"'.
  Overload 2 of 2, '(relation: never): PostgrestQueryBuilder<{ PostgrestVersion: "13.0.5"; }, { Tables: { emergent_orgs: { Row: { id: string; name: string; slug: string; plan: string | null; created_at: string | null; updated_at: string | null; }; Insert: { ...; }; Update: { ...; }; Relationships: []; }; ... 23 more ...; content_queue: { ...; }; }; Views: {}; Functions: { ...; }; Enums: {}; CompositeTypes: {}; }, never, never, never>', gave the following error.
    Argument of type '"project_secrets"' is not assignable to parameter of type 'never'.
src/app/api/emergent/secrets/route.ts(105,13): error TS2769: No overload matches this call.
  Overload 1 of 2, '(relation: "events" | "memory" | "emergent_orgs" | "emergent_projects" | "sessions" | "profiles" | "feature_flags" | "feature_flag_webhooks" | "conversations" | "social_campaigns" | ... 14 more ... | "content_queue"): PostgrestQueryBuilder<...>', gave the following error.
    Argument of type '"projects"' is not assignable to parameter of type '"events" | "memory" | "emergent_orgs" | "emergent_projects" | "sessions" | "profiles" | "feature_flags" | "feature_flag_webhooks" | "conversations" | "social_campaigns" | ... 14 more ... | "content_queue"'.
  Overload 2 of 2, '(relation: never): PostgrestQueryBuilder<{ PostgrestVersion: "13.0.5"; }, { Tables: { emergent_orgs: { Row: { id: string; name: string; slug: string; plan: string | null; created_at: string | null; updated_at: string | null; }; Insert: { ...; }; Update: { ...; }; Relationships: []; }; ... 23 more ...; content_queue: { ...; }; }; Views: {}; Functions: { ...; }; Enums: {}; CompositeTypes: {}; }, never, never, never>', gave the following error.
    Argument of type '"projects"' is not assignable to parameter of type 'never'.
src/app/api/emergent/secrets/route.ts(114,24): error TS2339: Property 'org_id' does not exist on type 'SelectQueryError<"column 'org_id' does not exist on 'events'."> | SelectQueryError<"column 'org_id' does not exist on 'memory'."> | ... 22 more ... | SelectQueryError<...>'.
  Property 'org_id' does not exist on type 'SelectQueryError<"column 'org_id' does not exist on 'events'.">'.
src/app/api/emergent/secrets/route.ts(117,28): error TS2339: Property 'id' does not exist on type 'SelectQueryError<"column 'project_id' does not exist on 'events'."> | SelectQueryError<"column 'project_id' does not exist on 'memory'."> | ... 22 more ... | SelectQueryError<...>'.
  Property 'id' does not exist on type 'SelectQueryError<"column 'project_id' does not exist on 'events'.">'.
src/app/api/emergent/secrets/route.ts(119,9): error TS2322: Type 'string | null' is not assignable to type 'string | undefined'.
  Type 'null' is not assignable to type 'string | undefined'.
src/app/api/emergent/secrets/route.ts(120,9): error TS2322: Type 'string | null' is not assignable to type 'string | undefined'.
  Type 'null' is not assignable to type 'string | undefined'.
src/app/api/emergent/secrets/route.ts(126,24): error TS2339: Property 'id' does not exist on type 'SelectQueryError<"column 'project_id' does not exist on 'events'."> | SelectQueryError<"column 'project_id' does not exist on 'memory'."> | ... 22 more ... | SelectQueryError<...>'.
  Property 'id' does not exist on type 'SelectQueryError<"column 'project_id' does not exist on 'events'.">'.
src/app/api/emergent/secrets/route.ts(129,7): error TS2322: Type 'string | null' is not assignable to type 'string | undefined'.
  Type 'null' is not assignable to type 'string | undefined'.
src/app/api/emergent/secrets/route.ts(136,9): error TS2698: Spread types may only be created from object types.
src/app/api/emergent/secrets/route.ts(197,13): error TS2769: No overload matches this call.
  Overload 1 of 2, '(relation: "events" | "memory" | "emergent_orgs" | "emergent_projects" | "sessions" | "profiles" | "feature_flags" | "feature_flag_webhooks" | "conversations" | "social_campaigns" | ... 14 more ... | "content_queue"): PostgrestQueryBuilder<...>', gave the following error.
    Argument of type '"project_secrets"' is not assignable to parameter of type '"events" | "memory" | "emergent_orgs" | "emergent_projects" | "sessions" | "profiles" | "feature_flags" | "feature_flag_webhooks" | "conversations" | "social_campaigns" | ... 14 more ... | "content_queue"'.
  Overload 2 of 2, '(relation: never): PostgrestQueryBuilder<{ PostgrestVersion: "13.0.5"; }, { Tables: { emergent_orgs: { Row: { id: string; name: string; slug: string; plan: string | null; created_at: string | null; updated_at: string | null; }; Insert: { ...; }; Update: { ...; }; Relationships: []; }; ... 23 more ...; content_queue: { ...; }; }; Views: {}; Functions: { ...; }; Enums: {}; CompositeTypes: {}; }, never, never, never>', gave the following error.
    Argument of type '"project_secrets"' is not assignable to parameter of type 'never'.
src/app/api/memory/stats/route.ts(27,13): error TS2769: No overload matches this call.
  Overload 1 of 2, '(relation: "events" | "memory" | "emergent_orgs" | "emergent_projects" | "sessions" | "profiles" | "feature_flags" | "feature_flag_webhooks" | "conversations" | "social_campaigns" | ... 14 more ... | "content_queue"): PostgrestQueryBuilder<...>', gave the following error.
    Argument of type '"conscious_memories"' is not assignable to parameter of type '"events" | "memory" | "emergent_orgs" | "emergent_projects" | "sessions" | "profiles" | "feature_flags" | "feature_flag_webhooks" | "conversations" | "social_campaigns" | ... 14 more ... | "content_queue"'.
  Overload 2 of 2, '(relation: never): PostgrestQueryBuilder<{ PostgrestVersion: "13.0.5"; }, { Tables: { emergent_orgs: { Row: { id: string; name: string; slug: string; plan: string | null; created_at: string | null; updated_at: string | null; }; Insert: { ...; }; Update: { ...; }; Relationships: []; }; ... 23 more ...; content_queue: { ...; }; }; Views: {}; Functions: { ...; }; Enums: {}; CompositeTypes: {}; }, never, never, never>', gave the following error.
    Argument of type '"conscious_memories"' is not assignable to parameter of type 'never'.
src/app/api/memory/stats/route.ts(81,21): error TS2339: Property 'type' does not exist on type '{ avatar_url: string | null; created_at: string | null; cubiqo_email: string | null; cubiqo_phone: string | null; display_name: string | null; email: string | null; handle: string | null; ... 4 more ...; updated_at: string | null; } | ... 23 more ... | { ...; }'.
  Property 'type' does not exist on type '{ avatar_url: string | null; created_at: string | null; cubiqo_email: string | null; cubiqo_phone: string | null; display_name: string | null; email: string | null; handle: string | null; ... 4 more ...; updated_at: string | null; }'.
src/app/api/memory/stats/route.ts(82,27): error TS2339: Property 'importance' does not exist on type '{ avatar_url: string | null; created_at: string | null; cubiqo_email: string | null; cubiqo_phone: string | null; display_name: string | null; email: string | null; handle: string | null; ... 4 more ...; updated_at: string | null; } | ... 23 more ... | { ...; }'.
  Property 'importance' does not exist on type '{ avatar_url: string | null; created_at: string | null; cubiqo_email: string | null; cubiqo_phone: string | null; display_name: string | null; email: string | null; handle: string | null; ... 4 more ...; updated_at: string | null; }'.
src/app/api/memory/stats/route.ts(87,25): error TS2339: Property 'access_count' does not exist on type '{ avatar_url: string | null; created_at: string | null; cubiqo_email: string | null; cubiqo_phone: string | null; display_name: string | null; email: string | null; handle: string | null; ... 4 more ...; updated_at: string | null; } | ... 23 more ... | { ...; }'.
  Property 'access_count' does not exist on type '{ avatar_url: string | null; created_at: string | null; cubiqo_email: string | null; cubiqo_phone: string | null; display_name: string | null; email: string | null; handle: string | null; ... 4 more ...; updated_at: string | null; }'.
src/app/api/memory/stats/route.ts(87,42): error TS2339: Property 'access_count' does not exist on type '{ avatar_url: string | null; created_at: string | null; cubiqo_email: string | null; cubiqo_phone: string | null; display_name: string | null; email: string | null; handle: string | null; ... 4 more ...; updated_at: string | null; } | ... 23 more ... | { ...; }'.
  Property 'access_count' does not exist on type '{ avatar_url: string | null; created_at: string | null; cubiqo_email: string | null; cubiqo_phone: string | null; display_name: string | null; email: string | null; handle: string | null; ... 4 more ...; updated_at: string | null; }'.
src/app/api/memory/stats/route.ts(92,34): error TS2339: Property 'created_at' does not exist on type '{ avatar_url: string | null; created_at: string | null; cubiqo_email: string | null; cubiqo_phone: string | null; display_name: string | null; email: string | null; handle: string | null; ... 4 more ...; updated_at: string | null; } | ... 23 more ... | { ...; }'.
  Property 'created_at' does not exist on type '{ id: string; org_id: string; user_id: string; role: string; joined_at: string | null; }'.
src/app/api/memory/stats/route.ts(92,69): error TS2339: Property 'created_at' does not exist on type '{ avatar_url: string | null; created_at: string | null; cubiqo_email: string | null; cubiqo_phone: string | null; display_name: string | null; email: string | null; handle: string | null; ... 4 more ...; updated_at: string | null; } | ... 23 more ... | { ...; }'.
  Property 'created_at' does not exist on type '{ id: string; org_id: string; user_id: string; role: string; joined_at: string | null; }'.
src/app/api/memory/stats/route.ts(99,7): error TS2322: Type '({ avatar_url: string | null; created_at: string | null; cubiqo_email: string | null; cubiqo_phone: string | null; display_name: string | null; email: string | null; handle: string | null; ... 4 more ...; updated_at: string | null; } | ... 23 more ... | { ...; })[]' is not assignable to type 'Memory[]'.
  Type '{ avatar_url: string | null; created_at: string | null; cubiqo_email: string | null; cubiqo_phone: string | null; display_name: string | null; email: string | null; handle: string | null; ... 4 more ...; updated_at: string | null; } | ... 23 more ... | { ...; }' is not assignable to type 'Memory'.
    Type '{ avatar_url: string | null; created_at: string | null; cubiqo_email: string | null; cubiqo_phone: string | null; display_name: string | null; email: string | null; handle: string | null; ... 4 more ...; updated_at: string | null; }' is missing the following properties from type 'Memory': userId, type, content, importance, and 7 more.
src/app/api/memory/stats/route.ts(100,7): error TS2322: Type '({ avatar_url: string | null; created_at: string | null; cubiqo_email: string | null; cubiqo_phone: string | null; display_name: string | null; email: string | null; handle: string | null; ... 4 more ...; updated_at: string | null; } | ... 23 more ... | { ...; })[]' is not assignable to type 'Memory[]'.
  Type '{ avatar_url: string | null; created_at: string | null; cubiqo_email: string | null; cubiqo_phone: string | null; display_name: string | null; email: string | null; handle: string | null; ... 4 more ...; updated_at: string | null; } | ... 23 more ... | { ...; }' is not assignable to type 'Memory'.
    Type '{ avatar_url: string | null; created_at: string | null; cubiqo_email: string | null; cubiqo_phone: string | null; display_name: string | null; email: string | null; handle: string | null; ... 4 more ...; updated_at: string | null; }' is missing the following properties from type 'Memory': userId, type, content, importance, and 7 more.
src/app/api/privacy/consent/route.ts(40,56): error TS2345: Argument of type '"authenticated"' is not assignable to parameter of type 'number | "STRICT" | "STANDARD" | "LENIENT" | "AUTH" | "ADMIN" | "EXPORT"'.
src/app/api/privacy/consent/route.ts(94,56): error TS2345: Argument of type '"authenticated"' is not assignable to parameter of type 'number | "STRICT" | "STANDARD" | "LENIENT" | "AUTH" | "ADMIN" | "EXPORT"'.
src/app/api/rgy/opportunities/express-interest/route.ts(14,65): error TS2339: Property 'auth' does not exist on type 'Promise<SupabaseClient<Database, "public", "public", { Tables: { emergent_orgs: { Row: { id: string; name: string; slug: string; plan: string | null; created_at: string | null; updated_at: string | null; }; Insert: { ...; }; Update: { ...; }; Relationships: []; }; ... 23 more ...; content_queue: { ...; }; }; Views: ...'.
src/app/api/rgy/opportunities/express-interest/route.ts(34,8): error TS2339: Property 'from' does not exist on type 'Promise<SupabaseClient<Database, "public", "public", { Tables: { emergent_orgs: { Row: { id: string; name: string; slug: string; plan: string | null; created_at: string | null; updated_at: string | null; }; Insert: { ...; }; Update: { ...; }; Relationships: []; }; ... 23 more ...; content_queue: { ...; }; }; Views: ...'.
src/app/api/rgy/opportunities/express-interest/route.ts(63,8): error TS2339: Property 'from' does not exist on type 'Promise<SupabaseClient<Database, "public", "public", { Tables: { emergent_orgs: { Row: { id: string; name: string; slug: string; plan: string | null; created_at: string | null; updated_at: string | null; }; Insert: { ...; }; Update: { ...; }; Relationships: []; }; ... 23 more ...; content_queue: { ...; }; }; Views: ...'.
src/app/api/rgy/opportunities/express-interest/route.ts(72,10): error TS2339: Property 'from' does not exist on type 'Promise<SupabaseClient<Database, "public", "public", { Tables: { emergent_orgs: { Row: { id: string; name: string; slug: string; plan: string | null; created_at: string | null; updated_at: string | null; }; Insert: { ...; }; Update: { ...; }; Relationships: []; }; ... 23 more ...; content_queue: { ...; }; }; Views: ...'.
src/app/api/rgy/opportunities/express-interest/route.ts(94,10): error TS2339: Property 'from' does not exist on type 'Promise<SupabaseClient<Database, "public", "public", { Tables: { emergent_orgs: { Row: { id: string; name: string; slug: string; plan: string | null; created_at: string | null; updated_at: string | null; }; Insert: { ...; }; Update: { ...; }; Relationships: []; }; ... 23 more ...; content_queue: { ...; }; }; Views: ...'.
src/app/founderspass/dashboard/page.tsx(626,53): error TS2322: Type '{ key: number; role: "user" | "assistant"; content: string; color: "ORANGE"; onActionConfirm: (actionId: string, action: Action) => Promise<void>; }' is not assignable to type 'IntrinsicAttributes & ChatMessageProps'.
  Property 'onActionConfirm' does not exist on type 'IntrinsicAttributes & ChatMessageProps'.
src/app/job-hunt/setup/page.tsx(69,34): error TS18048: 'formData.target_locations' is possibly 'undefined'.
src/app/job-hunt/setup/page.tsx(72,31): error TS2488: Type 'string[] | undefined' must have a '[Symbol.iterator]()' method that returns an iterator.
src/app/job-hunt/setup/page.tsx(81,25): error TS18048: 'formData.target_locations' is possibly 'undefined'.
src/app/job-hunt/setup/page.tsx(330,18): error TS18048: 'formData.target_locations' is possibly 'undefined'.
src/app/side-panel/page.tsx(98,21): error TS2322: Type '{ sessionId: string | null; currentColor: ColorName; onColorChange: Dispatch<SetStateAction<ColorName>>; initialContext: string | undefined; isExtension: boolean; }' is not assignable to type 'IntrinsicAttributes & ChatContainerProps'.
  Property 'initialContext' does not exist on type 'IntrinsicAttributes & ChatContainerProps'.
src/components/admin/OverviewDashboard.tsx(20,8): error TS2307: Cannot find module 'recharts' or its corresponding type declarations.
src/components/admin/OverviewDashboard.tsx(144,51): error TS7053: Element implicitly has an 'any' type because expression of type 'any' can't be used to index type '{ blue: string; green: string; purple: string; orange: string; }'.
src/components/admin/OverviewDashboard.tsx(146,51): error TS7053: Element implicitly has an 'any' type because expression of type 'any' can't be used to index type '{ blue: string; green: string; purple: string; orange: string; }'.
src/components/admin/OverviewDashboard.tsx(147,48): error TS7053: Element implicitly has an 'any' type because expression of type 'any' can't be used to index type '{ blue: string; green: string; purple: string; orange: string; }'.
src/components/cube/CubeDemo.tsx(12,50): error TS2322: Type '"GREEN_BLUE"' is not assignable to type 'ColorName'.
src/components/cube/CubeDemo.tsx(41,21): error TS2367: This comparison appears to be unintentional because the types '"TEAL" | "ORANGE"' and '"GREEN_BLUE"' have no overlap.
src/components/cube/CubeDemo.tsx(48,18): error TS2367: This comparison appears to be unintentional because the types 'ColorName' and '"GREEN_BLUE"' have no overlap.
src/components/cube/EnergyCube.tsx(232,3): error TS2353: Object literal may only specify known properties, and 'GREEN_BLUE' does not exist in type 'Record<ColorName, { primary: Color; secondary: Color; accent: Color; shadowColor: Color | null; floats: boolean; floatHeight: number; isLanding?: boolean | undefined; }>'.
src/components/CubiQoApp.tsx(143,25): error TS2367: This comparison appears to be unintentional because the types '"TEAL" | "ORANGE"' and '"GREEN_BLUE"' have no overlap.
src/components/CubiQoApp.tsx(147,18): error TS2367: This comparison appears to be unintentional because the types 'ColorName' and '"GREEN_BLUE"' have no overlap.
src/components/FullscreenApp.tsx(1041,9): error TS2322: Type '{ isOpen: boolean; onClose: () => void; isDark: boolean; onZoneSelect: (context: RGYContext) => void; }' is not assignable to type 'IntrinsicAttributes & RGYChatsModalProps'.
  Property 'onZoneSelect' does not exist on type 'IntrinsicAttributes & RGYChatsModalProps'.
src/components/landing/ParticleLanding.tsx(146,25): error TS2322: Type '{ children: Element; disableNormalPass: true; }' is not assignable to type 'IntrinsicAttributes & EffectComposerProps & RefAttributes<EffectComposer>'.
  Property 'disableNormalPass' does not exist on type 'IntrinsicAttributes & EffectComposerProps & RefAttributes<EffectComposer>'. Did you mean 'enableNormalPass'?
src/components/RGYIntentKeywordList.tsx(188,15): error TS2322: Type '{ children: string; variant: "default" | "outline"; className: string; onClick: () => void; }' is not assignable to type 'IntrinsicAttributes & BadgeProps'.
  Property 'onClick' does not exist on type 'IntrinsicAttributes & BadgeProps'.
src/components/RGYIntentKeywordList.tsx(200,17): error TS2322: Type '{ children: (string | Element)[]; key: string; variant: "outline"; className: string; onClick: () => void; }' is not assignable to type 'IntrinsicAttributes & BadgeProps'.
  Property 'onClick' does not exist on type 'IntrinsicAttributes & BadgeProps'.
src/components/settings-cube/SettingsCube.tsx(31,46): error TS2345: Argument of type '"RED" | "YELLOW" | "GREEN_BLUE" | "ORANGE"' is not assignable to parameter of type 'ColorName'.
  Type '"GREEN_BLUE"' is not assignable to type 'ColorName'.
src/components/stories/AuthButton.stories.tsx(1,37): error TS2307: Cannot find module '@storybook/react' or its corresponding type declarations.
src/components/stories/AuthNudgeModal.stories.tsx(1,37): error TS2307: Cannot find module '@storybook/react' or its corresponding type declarations.
src/components/stories/BYOSettings.stories.tsx(1,37): error TS2307: Cannot find module '@storybook/react' or its corresponding type declarations.
src/components/stories/BYOSettings.stories.tsx(21,6): error TS7006: Parameter 'Story' implicitly has an 'any' type.
src/components/stories/BYOSettings.stories.tsx(36,6): error TS7006: Parameter 'Story' implicitly has an 'any' type.
src/components/stories/FullscreenApp.stories.tsx(1,37): error TS2307: Cannot find module '@storybook/react' or its corresponding type declarations.
src/components/stories/GettingStartedPanel.stories.tsx(1,37): error TS2307: Cannot find module '@storybook/react' or its corresponding type declarations.
src/components/stories/GettingStartedPanel.stories.tsx(63,22): error TS7006: Parameter 'text' implicitly has an 'any' type.
src/components/stories/KeywordPanel.stories.tsx(1,37): error TS2307: Cannot find module '@storybook/react' or its corresponding type declarations.
src/components/stories/LoginForm.stories.tsx(1,37): error TS2307: Cannot find module '@storybook/react' or its corresponding type declarations.
src/components/stories/LoginForm.stories.tsx(18,6): error TS7006: Parameter 'Story' implicitly has an 'any' type.
src/components/stories/LoginForm.stories.tsx(33,6): error TS7006: Parameter 'Story' implicitly has an 'any' type.
src/components/stories/RGYChatsModal.stories.tsx(1,37): error TS2307: Cannot find module '@storybook/react' or its corresponding type declarations.
src/components/studio/StudioLayout.tsx(199,16): error TS2741: Property 'currentFile' is missing in type '{ onFileSelect: (path: string) => void; }' but required in type 'FileExplorerProps'.
src/lib/ai/llm-router.ts(39,10): error TS2678: Type '"openrouter"' is not comparable to type '"openai" | "meta" | "groq" | "google" | "anthropic" | "mistral" | "emergent"'.
src/lib/auth/permissions.ts(138,3): error TS2578: Unused '@ts-expect-error' directive.
src/lib/browser/browser-service.ts(249,24): error TS7006: Parameter 'el' implicitly has an 'any' type.
src/lib/browser/browser-service.ts(249,42): error TS7006: Parameter 'node' implicitly has an 'any' type.
src/lib/browser/browser-service.ts(323,31): error TS7006: Parameter 'direction' implicitly has an 'any' type.
src/lib/browser/browser-service.ts(323,42): error TS7006: Parameter 'amount' implicitly has an 'any' type.
src/lib/browser/browser-service.ts(356,42): error TS7006: Parameter 'sel' implicitly has an 'any' type.
src/lib/browser/browser-service.ts(381,42): error TS7006: Parameter 'sel' implicitly has an 'any' type.
src/lib/browser/browser-service.ts(387,38): error TS18046: 'row' is of type 'unknown'.
src/lib/browser/browser-service.ts(388,38): error TS18046: 'cell' is of type 'unknown'.
src/lib/byo/encryption.ts(51,7): error TS2769: No overload matches this call.
  Overload 1 of 2, '(algorithm: AlgorithmIdentifier | EcdhKeyDeriveParams | HkdfParams | Pbkdf2Params, baseKey: CryptoKey, derivedKeyType: AlgorithmIdentifier | ... 3 more ... | AesDerivedKeyParams, extractable: boolean, keyUsages: Iterable<...>): Promise<...>', gave the following error.
    Type 'Uint8Array<ArrayBufferLike>' is not assignable to type 'BufferSource'.
      Type 'Uint8Array<ArrayBufferLike>' is not assignable to type 'ArrayBufferView<ArrayBuffer>'.
        Types of property 'buffer' are incompatible.
          Type 'ArrayBufferLike' is not assignable to type 'ArrayBuffer'.
            Type 'SharedArrayBuffer' is missing the following properties from type 'ArrayBuffer': resizable, resize, detached, transfer, transferToFixedLength
  Overload 2 of 2, '(algorithm: AlgorithmIdentifier | EcdhKeyDeriveParams | HkdfParams | Pbkdf2Params, baseKey: CryptoKey, derivedKeyType: AlgorithmIdentifier | ... 3 more ... | AesDerivedKeyParams, extractable: boolean, keyUsages: KeyUsage[]): Promise<...>', gave the following error.
    Type 'Uint8Array<ArrayBufferLike>' is not assignable to type 'BufferSource'.
      Type 'Uint8Array<ArrayBufferLike>' is not assignable to type 'ArrayBufferView<ArrayBuffer>'.
        Types of property 'buffer' are incompatible.
          Type 'ArrayBufferLike' is not assignable to type 'ArrayBuffer'.
            Type 'SharedArrayBuffer' is missing the following properties from type 'ArrayBuffer': resizable, resize, detached, transfer, transferToFixedLength
src/lib/byo/encryption.ts(88,9): error TS2322: Type 'Uint8Array<ArrayBufferLike>' is not assignable to type 'BufferSource'.
  Type 'Uint8Array<ArrayBufferLike>' is not assignable to type 'ArrayBufferView<ArrayBuffer>'.
    Types of property 'buffer' are incompatible.
      Type 'ArrayBufferLike' is not assignable to type 'ArrayBuffer'.
        Type 'SharedArrayBuffer' is missing the following properties from type 'ArrayBuffer': resizable, resize, detached, transfer, transferToFixedLength
src/lib/emergent/__tests__/audit-logger.test.ts(90,25): error TS2322: Type 'Promise<{ data: null; error: { message: string; }; }>' is not assignable to type 'Promise<{ data: { id: string; }; error: null; }>'.
  Type '{ data: null; error: { message: string; }; }' is not assignable to type '{ data: { id: string; }; error: null; }'.
    Types of property 'data' are incompatible.
      Type 'null' is not assignable to type '{ id: string; }'.
src/lib/emergent/automation/trend-jacker.ts(2,10): error TS2305: Module '"../integrations/playbooks/shopify"' has no exported member 'ShopifyService'.
src/lib/emergent/automation/trend-jacker.ts(3,10): error TS2305: Module '"../integrations/playbooks/printify"' has no exported member 'PrintifyService'.
src/lib/emergent/automation/trend-jacker.ts(42,37): error TS2769: No overload matches this call.
  Overload 1 of 2, '(relation: "events" | "memory" | "emergent_orgs" | "emergent_projects" | "sessions" | "profiles" | "feature_flags" | "feature_flag_webhooks" | "conversations" | "social_campaigns" | ... 14 more ... | "content_queue"): PostgrestQueryBuilder<...>', gave the following error.
    Argument of type '"automation_logs"' is not assignable to parameter of type '"events" | "memory" | "emergent_orgs" | "emergent_projects" | "sessions" | "profiles" | "feature_flags" | "feature_flag_webhooks" | "conversations" | "social_campaigns" | ... 14 more ... | "content_queue"'.
  Overload 2 of 2, '(relation: never): PostgrestQueryBuilder<{ PostgrestVersion: "13.0.5"; }, { Tables: { emergent_orgs: { Row: { id: string; name: string; slug: string; plan: string | null; created_at: string | null; updated_at: string | null; }; Insert: { ...; }; Update: { ...; }; Relationships: []; }; ... 23 more ...; content_queue: { ...; }; }; Views: {}; Functions: { ...; }; Enums: {}; CompositeTypes: {}; }, never, never, never>', gave the following error.
    Argument of type '"automation_logs"' is not assignable to parameter of type 'never'.
src/lib/emergent/integrations/playbook-executor.ts(47,11): error TS2769: No overload matches this call.
  Overload 1 of 2, '(relation: "events" | "memory" | "emergent_orgs" | "emergent_projects" | "sessions" | "profiles" | "feature_flags" | "feature_flag_webhooks" | "conversations" | "social_campaigns" | ... 14 more ... | "content_queue"): PostgrestQueryBuilder<...>', gave the following error.
    Argument of type '"playbooks"' is not assignable to parameter of type '"events" | "memory" | "emergent_orgs" | "emergent_projects" | "sessions" | "profiles" | "feature_flags" | "feature_flag_webhooks" | "conversations" | "social_campaigns" | ... 14 more ... | "content_queue"'.
  Overload 2 of 2, '(relation: never): PostgrestQueryBuilder<{ PostgrestVersion: "13.0.5"; }, { Tables: { emergent_orgs: { Row: { id: string; name: string; slug: string; plan: string | null; created_at: string | null; updated_at: string | null; }; Insert: { ...; }; Update: { ...; }; Relationships: []; }; ... 23 more ...; content_queue: { ...; }; }; Views: {}; Functions: { ...; }; Enums: {}; CompositeTypes: {}; }, never, never, never>', gave the following error.
    Argument of type '"playbooks"' is not assignable to parameter of type 'never'.
src/lib/emergent/integrations/playbook-executor.ts(60,5): error TS2322: Type '{}' is not assignable to type 'Record<string, unknown>'.
  Index signature for type 'string' is missing in type '{}'.
src/lib/emergent/integrations/playbook-executor.ts(67,26): error TS2339: Property 'code_templates' does not exist on type '{ avatar_url: string | null; created_at: string | null; cubiqo_email: string | null; cubiqo_phone: string | null; display_name: string | null; email: string | null; handle: string | null; ... 4 more ...; updated_at: string | null; } | ... 23 more ... | { ...; }'.
  Property 'code_templates' does not exist on type '{ avatar_url: string | null; created_at: string | null; cubiqo_email: string | null; cubiqo_phone: string | null; display_name: string | null; email: string | null; handle: string | null; ... 4 more ...; updated_at: string | null; }'.
src/lib/emergent/integrations/playbook-executor.ts(93,11): error TS2769: No overload matches this call.
  Overload 1 of 2, '(relation: "events" | "memory" | "emergent_orgs" | "emergent_projects" | "sessions" | "profiles" | "feature_flags" | "feature_flag_webhooks" | "conversations" | "social_campaigns" | ... 14 more ... | "content_queue"): PostgrestQueryBuilder<...>', gave the following error.
    Argument of type '"project_secrets"' is not assignable to parameter of type '"events" | "memory" | "emergent_orgs" | "emergent_projects" | "sessions" | "profiles" | "feature_flags" | "feature_flag_webhooks" | "conversations" | "social_campaigns" | ... 14 more ... | "content_queue"'.
  Overload 2 of 2, '(relation: never): PostgrestQueryBuilder<{ PostgrestVersion: "13.0.5"; }, { Tables: { emergent_orgs: { Row: { id: string; name: string; slug: string; plan: string | null; created_at: string | null; updated_at: string | null; }; Insert: { ...; }; Update: { ...; }; Relationships: []; }; ... 23 more ...; content_queue: { ...; }; }; Views: {}; Functions: { ...; }; Enums: {}; CompositeTypes: {}; }, never, never, never>', gave the following error.
    Argument of type '"project_secrets"' is not assignable to parameter of type 'never'.
src/lib/emergent/integrations/playbook-executor.ts(102,32): error TS2339: Property 'encrypted_value' does not exist on type '{ avatar_url: string | null; created_at: string | null; cubiqo_email: string | null; cubiqo_phone: string | null; display_name: string | null; email: string | null; handle: string | null; ... 4 more ...; updated_at: string | null; } | ... 23 more ... | { ...; }'.
  Property 'encrypted_value' does not exist on type '{ avatar_url: string | null; created_at: string | null; cubiqo_email: string | null; cubiqo_phone: string | null; display_name: string | null; email: string | null; handle: string | null; ... 4 more ...; updated_at: string | null; }'.
src/lib/emergent/integrations/playbook-executor.ts(103,20): error TS2339: Property 'iv' does not exist on type '{ avatar_url: string | null; created_at: string | null; cubiqo_email: string | null; cubiqo_phone: string | null; display_name: string | null; email: string | null; handle: string | null; ... 4 more ...; updated_at: string | null; } | ... 23 more ... | { ...; }'.
  Property 'iv' does not exist on type '{ avatar_url: string | null; created_at: string | null; cubiqo_email: string | null; cubiqo_phone: string | null; display_name: string | null; email: string | null; handle: string | null; ... 4 more ...; updated_at: string | null; }'.
src/lib/emergent/integrations/playbook-executor.ts(106,30): error TS2339: Property 'key' does not exist on type '{ avatar_url: string | null; created_at: string | null; cubiqo_email: string | null; cubiqo_phone: string | null; display_name: string | null; email: string | null; handle: string | null; ... 4 more ...; updated_at: string | null; } | ... 23 more ... | { ...; }'.
  Property 'key' does not exist on type '{ avatar_url: string | null; created_at: string | null; cubiqo_email: string | null; cubiqo_phone: string | null; display_name: string | null; email: string | null; handle: string | null; ... 4 more ...; updated_at: string | null; }'.
src/lib/emergent/integrations/playbook-schema.ts(17,13): error TS2554: Expected 2-3 arguments, but got 1.
src/lib/emergent/integrations/playbook-schema.ts(26,14): error TS2554: Expected 2-3 arguments, but got 1.
src/lib/emergent/orchestrator.ts(143,11): error TS2769: No overload matches this call.
  Overload 1 of 2, '(relation: "events" | "memory" | "emergent_orgs" | "emergent_projects" | "sessions" | "profiles" | "feature_flags" | "feature_flag_webhooks" | "conversations" | "social_campaigns" | ... 14 more ... | "content_queue"): PostgrestQueryBuilder<...>', gave the following error.
    Argument of type '"credits"' is not assignable to parameter of type '"events" | "memory" | "emergent_orgs" | "emergent_projects" | "sessions" | "profiles" | "feature_flags" | "feature_flag_webhooks" | "conversations" | "social_campaigns" | ... 14 more ... | "content_queue"'.
  Overload 2 of 2, '(relation: never): PostgrestQueryBuilder<{ PostgrestVersion: "13.0.5"; }, { Tables: { emergent_orgs: { Row: { id: string; name: string; slug: string; plan: string | null; created_at: string | null; updated_at: string | null; }; Insert: { ...; }; Update: { ...; }; Relationships: []; }; ... 23 more ...; content_queue: { ...; }; }; Views: {}; Functions: { ...; }; Enums: {}; CompositeTypes: {}; }, never, never, never>', gave the following error.
    Argument of type '"credits"' is not assignable to parameter of type 'never'.
src/lib/emergent/orchestrator.ts(160,15): error TS2769: No overload matches this call.
  Overload 1 of 2, '(relation: "events" | "memory" | "emergent_orgs" | "emergent_projects" | "sessions" | "profiles" | "feature_flags" | "feature_flag_webhooks" | "conversations" | "social_campaigns" | ... 14 more ... | "content_queue"): PostgrestQueryBuilder<...>', gave the following error.
    Argument of type '"credits"' is not assignable to parameter of type '"events" | "memory" | "emergent_orgs" | "emergent_projects" | "sessions" | "profiles" | "feature_flags" | "feature_flag_webhooks" | "conversations" | "social_campaigns" | ... 14 more ... | "content_queue"'.
  Overload 2 of 2, '(relation: never): PostgrestQueryBuilder<{ PostgrestVersion: "13.0.5"; }, { Tables: { emergent_orgs: { Row: { id: string; name: string; slug: string; plan: string | null; created_at: string | null; updated_at: string | null; }; Insert: { ...; }; Update: { ...; }; Relationships: []; }; ... 23 more ...; content_queue: { ...; }; }; Views: {}; Functions: { ...; }; Enums: {}; CompositeTypes: {}; }, never, never, never>', gave the following error.
    Argument of type '"credits"' is not assignable to parameter of type 'never'.
src/lib/emergent/runner/docker-manager.ts(6,20): error TS7016: Could not find a declaration file for module 'dockerode'. 'C:/Users/avloy/.gemini/antigravity/scratch/thecubiqo/repo_temp/node_modules/dockerode/lib/docker.js' implicitly has an 'any' type.
  Try `npm i --save-dev @types/dockerode` if it exists or add a new declaration (.d.ts) file containing `declare module 'dockerode';`
src/lib/emergent/runner/docker-manager.ts(250,30): error TS7006: Parameter 'container' implicitly has an 'any' type.
src/lib/emergent/runner/docker-manager.ts(276,51): error TS7006: Parameter 'err' implicitly has an 'any' type.
src/lib/emergent/runner/docker-manager.ts(276,56): error TS7006: Parameter 'res' implicitly has an 'any' type.
src/lib/emergent/security/audit-logger.ts(75,8): error TS2769: No overload matches this call.
  Overload 1 of 2, '(values: { action_details?: Json | undefined; action_type: string; created_at?: string | null | undefined; id?: string | undefined; ip_address?: string | null | undefined; user_agent?: string | ... 1 more ... | undefined; user_email?: string | ... 1 more ... | undefined; user_id?: string | ... 1 more ... | undefined; }, options?: { ...; } | undefined): PostgrestFilterBuilder<...>', gave the following error.
    Object literal may only specify known properties, and 'org_id' does not exist in type '{ action_details?: Json | undefined; action_type: string; created_at?: string | null | undefined; id?: string | undefined; ip_address?: string | null | undefined; user_agent?: string | ... 1 more ... | undefined; user_email?: string | ... 1 more ... | undefined; user_id?: string | ... 1 more ... | undefined; }'.
  Overload 2 of 2, '(values: { action_details?: Json | undefined; action_type: string; created_at?: string | null | undefined; id?: string | undefined; ip_address?: string | null | undefined; user_agent?: string | ... 1 more ... | undefined; user_email?: string | ... 1 more ... | undefined; user_id?: string | ... 1 more ... | undefined; }[], options?: { ...; } | undefined): PostgrestFilterBuilder<...>', gave the following error.
    Object literal may only specify known properties, and 'user_id' does not exist in type '{ action_details?: Json | undefined; action_type: string; created_at?: string | null | undefined; id?: string | undefined; ip_address?: string | null | undefined; user_agent?: string | ... 1 more ... | undefined; user_email?: string | ... 1 more ... | undefined; user_id?: string | ... 1 more ... | undefined; }[]'.
src/lib/emergent/security/audit-logger.ts(123,13): error TS2769: No overload matches this call.
  Overload 1 of 2, '(relation: "events" | "memory" | "emergent_orgs" | "emergent_projects" | "sessions" | "profiles" | "feature_flags" | "feature_flag_webhooks" | "conversations" | "social_campaigns" | ... 14 more ... | "content_queue"): PostgrestQueryBuilder<...>', gave the following error.
    Argument of type '"secret_access_logs"' is not assignable to parameter of type '"events" | "memory" | "emergent_orgs" | "emergent_projects" | "sessions" | "profiles" | "feature_flags" | "feature_flag_webhooks" | "conversations" | "social_campaigns" | ... 14 more ... | "content_queue"'.
  Overload 2 of 2, '(relation: never): PostgrestQueryBuilder<{ PostgrestVersion: "13.0.5"; }, { Tables: { emergent_orgs: { Row: { id: string; name: string; slug: string; plan: string | null; created_at: string | null; updated_at: string | null; }; Insert: { ...; }; Update: { ...; }; Relationships: []; }; ... 23 more ...; content_queue: { ...; }; }; Views: {}; Functions: { ...; }; Enums: {}; CompositeTypes: {}; }, never, never, never>', gave the following error.
    Argument of type '"secret_access_logs"' is not assignable to parameter of type 'never'.
src/lib/emergent/security/audit-logger.ts(263,11): error TS2769: No overload matches this call.
  Overload 1 of 2, '(relation: "events" | "memory" | "emergent_orgs" | "emergent_projects" | "sessions" | "profiles" | "feature_flags" | "feature_flag_webhooks" | "conversations" | "social_campaigns" | ... 14 more ... | "content_queue"): PostgrestQueryBuilder<...>', gave the following error.
    Argument of type '"secret_access_logs"' is not assignable to parameter of type '"events" | "memory" | "emergent_orgs" | "emergent_projects" | "sessions" | "profiles" | "feature_flags" | "feature_flag_webhooks" | "conversations" | "social_campaigns" | ... 14 more ... | "content_queue"'.
  Overload 2 of 2, '(relation: never): PostgrestQueryBuilder<{ PostgrestVersion: "13.0.5"; }, { Tables: { emergent_orgs: { Row: { id: string; name: string; slug: string; plan: string | null; created_at: string | null; updated_at: string | null; }; Insert: { ...; }; Update: { ...; }; Relationships: []; }; ... 23 more ...; content_queue: { ...; }; }; Views: {}; Functions: { ...; }; Enums: {}; CompositeTypes: {}; }, never, never, never>', gave the following error.
    Argument of type '"secret_access_logs"' is not assignable to parameter of type 'never'.
src/lib/emergent/security/rbac.ts(59,11): error TS2769: No overload matches this call.
  Overload 1 of 2, '(relation: "events" | "memory" | "emergent_orgs" | "emergent_projects" | "sessions" | "profiles" | "feature_flags" | "feature_flag_webhooks" | "conversations" | "social_campaigns" | ... 14 more ... | "content_queue"): PostgrestQueryBuilder<...>', gave the following error.
    Argument of type '"org_members"' is not assignable to parameter of type '"events" | "memory" | "emergent_orgs" | "emergent_projects" | "sessions" | "profiles" | "feature_flags" | "feature_flag_webhooks" | "conversations" | "social_campaigns" | ... 14 more ... | "content_queue"'.
  Overload 2 of 2, '(relation: never): PostgrestQueryBuilder<{ PostgrestVersion: "13.0.5"; }, { Tables: { emergent_orgs: { Row: { id: string; name: string; slug: string; plan: string | null; created_at: string | null; updated_at: string | null; }; Insert: { ...; }; Update: { ...; }; Relationships: []; }; ... 23 more ...; content_queue: { ...; }; }; Views: {}; Functions: { ...; }; Enums: {}; CompositeTypes: {}; }, never, never, never>', gave the following error.
    Argument of type '"org_members"' is not assignable to parameter of type 'never'.
src/lib/emergent/security/rbac.ts(70,15): error TS2339: Property 'role' does not exist on type 'SelectQueryError<"column 'role' does not exist on 'events'."> | SelectQueryError<"column 'role' does not exist on 'memory'."> | ... 22 more ... | SelectQueryError<...>'.
  Property 'role' does not exist on type 'SelectQueryError<"column 'role' does not exist on 'events'.">'.
src/lib/emergent/security/rbac.ts(127,11): error TS2769: No overload matches this call.
  Overload 1 of 2, '(relation: "events" | "memory" | "emergent_orgs" | "emergent_projects" | "sessions" | "profiles" | "feature_flags" | "feature_flag_webhooks" | "conversations" | "social_campaigns" | ... 14 more ... | "content_queue"): PostgrestQueryBuilder<...>', gave the following error.
    Argument of type '"projects"' is not assignable to parameter of type '"events" | "memory" | "emergent_orgs" | "emergent_projects" | "sessions" | "profiles" | "feature_flags" | "feature_flag_webhooks" | "conversations" | "social_campaigns" | ... 14 more ... | "content_queue"'.
  Overload 2 of 2, '(relation: never): PostgrestQueryBuilder<{ PostgrestVersion: "13.0.5"; }, { Tables: { emergent_orgs: { Row: { id: string; name: string; slug: string; plan: string | null; created_at: string | null; updated_at: string | null; }; Insert: { ...; }; Update: { ...; }; Relationships: []; }; ... 23 more ...; content_queue: { ...; }; }; Views: {}; Functions: { ...; }; Enums: {}; CompositeTypes: {}; }, never, never, never>', gave the following error.
    Argument of type '"projects"' is not assignable to parameter of type 'never'.
src/lib/emergent/security/rbac.ts(140,45): error TS2339: Property 'org_id' does not exist on type 'SelectQueryError<"column 'org_id' does not exist on 'events'."> | SelectQueryError<"column 'org_id' does not exist on 'memory'."> | ... 22 more ... | SelectQueryError<...>'.
  Property 'org_id' does not exist on type 'SelectQueryError<"column 'org_id' does not exist on 'events'.">'.
src/lib/emergent/security/rbac.ts(201,11): error TS2769: No overload matches this call.
  Overload 1 of 2, '(relation: "events" | "memory" | "emergent_orgs" | "emergent_projects" | "sessions" | "profiles" | "feature_flags" | "feature_flag_webhooks" | "conversations" | "social_campaigns" | ... 14 more ... | "content_queue"): PostgrestQueryBuilder<...>', gave the following error.
    Argument of type '"org_members"' is not assignable to parameter of type '"events" | "memory" | "emergent_orgs" | "emergent_projects" | "sessions" | "profiles" | "feature_flags" | "feature_flag_webhooks" | "conversations" | "social_campaigns" | ... 14 more ... | "content_queue"'.
  Overload 2 of 2, '(relation: never): PostgrestQueryBuilder<{ PostgrestVersion: "13.0.5"; }, { Tables: { emergent_orgs: { Row: { id: string; name: string; slug: string; plan: string | null; created_at: string | null; updated_at: string | null; }; Insert: { ...; }; Update: { ...; }; Relationships: []; }; ... 23 more ...; content_queue: { ...; }; }; Views: {}; Functions: { ...; }; Enums: {}; CompositeTypes: {}; }, never, never, never>', gave the following error.
    Argument of type '"org_members"' is not assignable to parameter of type 'never'.
src/lib/emergent/security/rbac.ts(213,42): error TS2339: Property 'role' does not exist on type 'SelectQueryError<"column 'org_id' does not exist on 'events'."> | SelectQueryError<"column 'org_id' does not exist on 'memory'."> | ... 22 more ... | SelectQueryError<...>'.
  Property 'role' does not exist on type 'SelectQueryError<"column 'org_id' does not exist on 'events'.">'.
src/lib/emergent/security/rbac.ts(214,27): error TS2339: Property 'org_id' does not exist on type 'SelectQueryError<"column 'org_id' does not exist on 'events'."> | SelectQueryError<"column 'org_id' does not exist on 'memory'."> | ... 22 more ... | SelectQueryError<...>'.
  Property 'org_id' does not exist on type 'SelectQueryError<"column 'org_id' does not exist on 'events'.">'.
src/lib/emergent/security/rbac.ts(239,11): error TS2769: No overload matches this call.
  Overload 1 of 2, '(relation: "events" | "memory" | "emergent_orgs" | "emergent_projects" | "sessions" | "profiles" | "feature_flags" | "feature_flag_webhooks" | "conversations" | "social_campaigns" | ... 14 more ... | "content_queue"): PostgrestQueryBuilder<...>', gave the following error.
    Argument of type '"projects"' is not assignable to parameter of type '"events" | "memory" | "emergent_orgs" | "emergent_projects" | "sessions" | "profiles" | "feature_flags" | "feature_flag_webhooks" | "conversations" | "social_campaigns" | ... 14 more ... | "content_queue"'.
  Overload 2 of 2, '(relation: never): PostgrestQueryBuilder<{ PostgrestVersion: "13.0.5"; }, { Tables: { emergent_orgs: { Row: { id: string; name: string; slug: string; plan: string | null; created_at: string | null; updated_at: string | null; }; Insert: { ...; }; Update: { ...; }; Relationships: []; }; ... 23 more ...; content_queue: { ...; }; }; Views: {}; Functions: { ...; }; Enums: {}; CompositeTypes: {}; }, never, never, never>', gave the following error.
    Argument of type '"projects"' is not assignable to parameter of type 'never'.
src/lib/emergent/subagents/image-agent.ts(22,18): error TS2352: Conversion of type 'Record<string, unknown>' to type 'GenerateImageParams' may be a mistake because neither type sufficiently overlaps with the other. If this was intentional, convert the expression to 'unknown' first.
  Property 'prompt' is missing in type 'Record<string, unknown>' but required in type 'GenerateImageParams'.
src/lib/engine/session.ts(1,28): error TS2305: Module '"@/types/session"' has no exported member 'ContentBlock'.
src/lib/engine/session.ts(252,7): error TS2353: Object literal may only specify known properties, and 'totalTokens' does not exist in type 'Session'.
src/lib/engine/session.ts(276,7): error TS2322: Type 'string | ContentBlock[]' is not assignable to type 'string'.
  Type 'ContentBlock[]' is not assignable to type 'string'.
src/lib/notifications/service.ts(42,9): error TS2353: Object literal may only specify known properties, and 'createdAt' does not exist in type 'Omit<Notification, "createdAt">'.
src/lib/oauth/google.ts(5,24): error TS2307: Cannot find module 'googleapis' or its corresponding type declarations.
src/lib/oauth/google.ts(123,32): error TS7006: Parameter 'msg' implicitly has an 'any' type.
src/lib/oauth/google.ts(132,25): error TS7006: Parameter 'h' implicitly has an 'any' type.
src/lib/oauth/google.ts(140,56): error TS7006: Parameter 'p' implicitly has an 'any' type.
src/lib/validation/schemas.ts(125,15): error TS2554: Expected 2-3 arguments, but got 1.
src/lib/validation/schemas.ts(146,14): error TS2554: Expected 2-3 arguments, but got 1.
src/lib/validation/schemas.ts(168,16): error TS2339: Property 'errors' does not exist on type 'ZodError<unknown>'.
src/lib/validation/schemas.ts(168,27): error TS7006: Parameter 'err' implicitly has an 'any' type.
tests/e2e/landing.spec.ts(1,30): error TS2307: Cannot find module '@playwright/test' or its corresponding type declarations.
tests/e2e/landing.spec.ts(3,54): error TS7031: Binding element 'page' implicitly has an 'any' type.
tests/EnergyCubeScene.test.tsx(21,51): error TS2322: Type '"CYAN"' is not assignable to type 'ColorName | undefined'.
tests/EnergyCubeScene.test.tsx(28,50): error TS2322: Type '"GREEN"' is not assignable to type 'ColorName | undefined'.
tests/EnergyCubeScene.test.tsx(35,50): error TS2322: Type '"BLUE"' is not assignable to type 'ColorName | undefined'.
tests/engine-modules.test.ts(285,9): error TS2739: Type '{ role: "user"; content: string; }' is missing the following properties from type 'Message': id, sessionId, createdAt
tests/engine-modules.test.ts(286,9): error TS2739: Type '{ role: "assistant"; content: string; }' is missing the following properties from type 'Message': id, sessionId, createdAt
tests/feature-flags-config.test.ts(41,17): error TS2540: Cannot assign to 'NODE_ENV' because it is a read-only property.
tests/feature-flags-config.test.ts(48,17): error TS2540: Cannot assign to 'NODE_ENV' because it is a read-only property.
tests/integration/auth-magic-link-state.test.ts(239,9): error TS2322: Type 'null' is not assignable to type '{ id: string; }'.
tests/integration/auth-magic-link-state.test.ts(240,9): error TS2322: Type 'null' is not assignable to type '{ access_token: string; }'.
tests/integration/journal-memory-flow.test.ts(362,65): error TS2345: Argument of type 'Memory[]' is not assignable to parameter of type 'import("C:/Users/avloy/.gemini/antigravity/scratch/thecubiqo/repo_temp/src/lib/conscious-memory/types").Memory[]'.
  Type 'Memory' is not assignable to type 'import("C:/Users/avloy/.gemini/antigravity/scratch/thecubiqo/repo_temp/src/lib/conscious-memory/types").Memory'.
    Types of property 'type' are incompatible.
      Type 'string' is not assignable to type 'MemoryType'.
tests/integration/journal-memory-flow.test.ts(428,65): error TS2345: Argument of type 'Memory[]' is not assignable to parameter of type 'import("C:/Users/avloy/.gemini/antigravity/scratch/thecubiqo/repo_temp/src/lib/conscious-memory/types").Memory[]'.
  Type 'Memory' is not assignable to type 'import("C:/Users/avloy/.gemini/antigravity/scratch/thecubiqo/repo_temp/src/lib/conscious-memory/types").Memory'.
    Types of property 'type' are incompatible.
      Type 'string' is not assignable to type 'MemoryType'.
tests/integration/journal-memory-flow.test.ts(436,65): error TS2345: Argument of type 'Memory[]' is not assignable to parameter of type 'import("C:/Users/avloy/.gemini/antigravity/scratch/thecubiqo/repo_temp/src/lib/conscious-memory/types").Memory[]'.
  Type 'Memory' is not assignable to type 'import("C:/Users/avloy/.gemini/antigravity/scratch/thecubiqo/repo_temp/src/lib/conscious-memory/types").Memory'.
    Types of property 'type' are incompatible.
      Type 'string' is not assignable to type 'MemoryType'.
tests/integration/journal-memory-flow.test.ts(490,65): error TS2345: Argument of type 'Memory[]' is not assignable to parameter of type 'import("C:/Users/avloy/.gemini/antigravity/scratch/thecubiqo/repo_temp/src/lib/conscious-memory/types").Memory[]'.
  Type 'Memory' is not assignable to type 'import("C:/Users/avloy/.gemini/antigravity/scratch/thecubiqo/repo_temp/src/lib/conscious-memory/types").Memory'.
    Types of property 'type' are incompatible.
      Type 'string' is not assignable to type 'MemoryType'.
tests/integration/landingRouter.test.tsx(183,43): error TS2345: Argument of type 'null' is not assignable to parameter of type 'URLSearchParams'.
tests/lib/ai/providers.test.ts(83,17): error TS2540: Cannot assign to 'NODE_ENV' because it is a read-only property.
tests/lib/ai/providers.test.ts(91,17): error TS2540: Cannot assign to 'NODE_ENV' because it is a read-only property.
tests/lib/ai/providers.test.ts(265,17): error TS2540: Cannot assign to 'NODE_ENV' because it is a read-only property.
tests/load/concurrent-operations.test.ts(155,33): error TS18048: 'r.entryCount' is possibly 'undefined'.
tests/load/concurrent-operations.test.ts(168,67): error TS2345: Argument of type 'Memory[]' is not assignable to parameter of type 'import("C:/Users/avloy/.gemini/antigravity/scratch/thecubiqo/repo_temp/src/lib/conscious-memory/types").Memory[]'.
  Type 'Memory' is not assignable to type 'import("C:/Users/avloy/.gemini/antigravity/scratch/thecubiqo/repo_temp/src/lib/conscious-memory/types").Memory'.
    Types of property 'type' are incompatible.
      Type 'string' is not assignable to type 'MemoryType'.
tests/load/concurrent-operations.test.ts(187,67): error TS2345: Argument of type 'Memory[]' is not assignable to parameter of type 'import("C:/Users/avloy/.gemini/antigravity/scratch/thecubiqo/repo_temp/src/lib/conscious-memory/types").Memory[]'.
  Type 'Memory' is not assignable to type 'import("C:/Users/avloy/.gemini/antigravity/scratch/thecubiqo/repo_temp/src/lib/conscious-memory/types").Memory'.
    Types of property 'type' are incompatible.
      Type 'string' is not assignable to type 'MemoryType'.
tests/load/concurrent-operations.test.ts(344,69): error TS2345: Argument of type 'Memory[]' is not assignable to parameter of type 'import("C:/Users/avloy/.gemini/antigravity/scratch/thecubiqo/repo_temp/src/lib/conscious-memory/types").Memory[]'.
  Type 'Memory' is not assignable to type 'import("C:/Users/avloy/.gemini/antigravity/scratch/thecubiqo/repo_temp/src/lib/conscious-memory/types").Memory'.
    Types of property 'type' are incompatible.
      Type 'string' is not assignable to type 'MemoryType'.
tests/load/concurrent-operations.test.ts(399,73): error TS2345: Argument of type 'Memory[]' is not assignable to parameter of type 'import("C:/Users/avloy/.gemini/antigravity/scratch/thecubiqo/repo_temp/src/lib/conscious-memory/types").Memory[]'.
  Type 'Memory' is not assignable to type 'import("C:/Users/avloy/.gemini/antigravity/scratch/thecubiqo/repo_temp/src/lib/conscious-memory/types").Memory'.
    Types of property 'type' are incompatible.
      Type 'string' is not assignable to type 'MemoryType'.
tests/load/concurrent-operations.test.ts(453,71): error TS2345: Argument of type 'Memory[]' is not assignable to parameter of type 'import("C:/Users/avloy/.gemini/antigravity/scratch/thecubiqo/repo_temp/src/lib/conscious-memory/types").Memory[]'.
  Type 'Memory' is not assignable to type 'import("C:/Users/avloy/.gemini/antigravity/scratch/thecubiqo/repo_temp/src/lib/conscious-memory/types").Memory'.
    Types of property 'type' are incompatible.
      Type 'string' is not assignable to type 'MemoryType'.
tests/load/concurrent-operations.test.ts(494,71): error TS2345: Argument of type 'Memory[]' is not assignable to parameter of type 'import("C:/Users/avloy/.gemini/antigravity/scratch/thecubiqo/repo_temp/src/lib/conscious-memory/types").Memory[]'.
  Type 'Memory' is not assignable to type 'import("C:/Users/avloy/.gemini/antigravity/scratch/thecubiqo/repo_temp/src/lib/conscious-memory/types").Memory'.
    Types of property 'type' are incompatible.
      Type 'string' is not assignable to type 'MemoryType'.
tests/performance/benchmarks.test.ts(227,65): error TS2345: Argument of type 'Memory[]' is not assignable to parameter of type 'import("C:/Users/avloy/.gemini/antigravity/scratch/thecubiqo/repo_temp/src/lib/conscious-memory/types").Memory[]'.
  Type 'Memory' is not assignable to type 'import("C:/Users/avloy/.gemini/antigravity/scratch/thecubiqo/repo_temp/src/lib/conscious-memory/types").Memory'.
    Types of property 'type' are incompatible.
      Type 'string' is not assignable to type 'MemoryType'.
tests/performance/benchmarks.test.ts(239,65): error TS2345: Argument of type 'Memory[]' is not assignable to parameter of type 'import("C:/Users/avloy/.gemini/antigravity/scratch/thecubiqo/repo_temp/src/lib/conscious-memory/types").Memory[]'.
  Type 'Memory' is not assignable to type 'import("C:/Users/avloy/.gemini/antigravity/scratch/thecubiqo/repo_temp/src/lib/conscious-memory/types").Memory'.
    Types of property 'type' are incompatible.
      Type 'string' is not assignable to type 'MemoryType'.
tests/performance/benchmarks.test.ts(410,51): error TS2345: Argument of type '{ id: string; userId: string; type: string; content: string; importance: string; tags: string[]; relatedMemories: never[]; verified: boolean; lastAccessed: string; accessCount: number; createdAt: string; updatedAt: string; }[]' is not assignable to parameter of type 'Memory[]'.
  Type '{ id: string; userId: string; type: string; content: string; importance: string; tags: string[]; relatedMemories: never[]; verified: boolean; lastAccessed: string; accessCount: number; createdAt: string; updatedAt: string; }' is not assignable to type 'Memory'.
    Types of property 'type' are incompatible.
      Type 'string' is not assignable to type 'MemoryType'.
tests/security/rate-limit.test.ts(8,47): error TS2724: '"@/lib/security/rate-limit"' has no exported member named 'RATE_LIMITS'. Did you mean 'RateLimits'?
tests/security/rate-limit.test.ts(20,55): error TS2345: Argument of type '"global"' is not assignable to parameter of type 'number | "STRICT" | "STANDARD" | "LENIENT" | "AUTH" | "ADMIN" | "EXPORT"'.
tests/security/rate-limit.test.ts(23,21): error TS2339: Property 'limit' does not exist on type 'RateLimitResult'.
tests/security/rate-limit.test.ts(32,42): error TS2345: Argument of type '"auth"' is not assignable to parameter of type 'number | "STRICT" | "STANDARD" | "LENIENT" | "AUTH" | "ADMIN" | "EXPORT"'.
tests/security/rate-limit.test.ts(36,55): error TS2345: Argument of type '"auth"' is not assignable to parameter of type 'number | "STRICT" | "STANDARD" | "LENIENT" | "AUTH" | "ADMIN" | "EXPORT"'.
tests/security/rate-limit.test.ts(46,54): error TS2345: Argument of type '"auth"' is not assignable to parameter of type 'number | "STRICT" | "STANDARD" | "LENIENT" | "AUTH" | "ADMIN" | "EXPORT"'.
tests/security/rate-limit.test.ts(51,20): error TS2339: Property 'reset' does not exist on type 'RateLimitResult'.
tests/security/rate-limit.test.ts(57,61): error TS2345: Argument of type '"global"' is not assignable to parameter of type 'number | "STRICT" | "STANDARD" | "LENIENT" | "AUTH" | "ADMIN" | "EXPORT"'.
tests/security/rate-limit.test.ts(58,27): error TS2339: Property 'limit' does not exist on type 'RateLimitResult'.
tests/security/rate-limit.test.ts(60,59): error TS2345: Argument of type '"auth"' is not assignable to parameter of type 'number | "STRICT" | "STANDARD" | "LENIENT" | "AUTH" | "ADMIN" | "EXPORT"'.
tests/security/rate-limit.test.ts(61,25): error TS2339: Property 'limit' does not exist on type 'RateLimitResult'.
tests/security/rate-limit.test.ts(63,58): error TS2345: Argument of type '"api"' is not assignable to parameter of type 'number | "STRICT" | "STANDARD" | "LENIENT" | "AUTH" | "ADMIN" | "EXPORT"'.
tests/security/rate-limit.test.ts(64,24): error TS2339: Property 'limit' does not exist on type 'RateLimitResult'.
tests/unit/ai-service.test.ts(10,34): error TS2459: Module '"@/lib/ai/types"' declares 'ColorName' locally, but it is not exported.
tests/unit/ai-service.test.ts(343,56): error TS2345: Argument of type '"GREEN_BLUE"' is not assignable to parameter of type 'ColorName'.
tests/utils/supabase-mock.ts(117,32): error TS2538: Type 'unknown' cannot be used as an index type.
tests/utils/supabase-mock.ts(129,33): error TS18046: 'value' is of type 'unknown'.
tests/utils/supabase-mock.ts(131,33): error TS18046: 'value' is of type 'unknown'.
tests/utils/supabase-mock.ts(193,11): error TS7022: 'data' implicitly has type 'any' because it does not have a type annotation and is referenced directly or indirectly in its own initializer.
tests/utils/supabase-mock.ts(193,61): error TS2349: This expression is not callable.
  Type 'unknown[]' has no call signatures.
tests/utils/supabase-mock.ts(196,48): error TS2448: Block-scoped variable 'data' used before its declaration.
tests/utils/supabase-mock.ts(235,27): error TS2538: Type 'unknown' cannot be used as an index type.
tests/WaveToCubeMorph.integration.test.tsx(9,23): error TS2307: Cannot find module '@testing-library/user-event' or its corresponding type declarations.
