npm warn config global-style This option has been deprecated in favor of `--install-strategy=shallow`
social-army/scripts/test-content-gen.ts(22,55): error TS18046: 'err' is of type 'unknown'.
src/__tests__/agent-hub.test.tsx(75,3): error TS2322: Type 'Mock<Procedure | Constructable>' is not assignable to type '{ (input: URL | RequestInfo, init?: RequestInit | undefined): Promise<Response>; (input: string | Request | URL, init?: RequestInit | undefined): Promise<...>; }'.
  Type 'MockInstance<Procedure | Constructable> & (new (...args: any[]) => any) & {}' is not assignable to type '{ (input: URL | RequestInfo, init?: RequestInit | undefined): Promise<Response>; (input: string | Request | URL, init?: RequestInit | undefined): Promise<...>; }'.
    Type 'MockInstance<Procedure | Constructable> & (new (...args: any[]) => any) & {}' provides no match for the signature '(input: URL | RequestInfo, init?: RequestInit | undefined): Promise<Response>'.
src/__tests__/api-database-validation.test.ts(665,26): error TS18048: 'response' is possibly 'undefined'.
src/__tests__/api-database-validation.test.ts(689,26): error TS18048: 'response' is possibly 'undefined'.
src/__tests__/api-database-validation.test.ts(714,14): error TS18048: 'response' is possibly 'undefined'.
src/__tests__/api-database-validation.test.ts(716,26): error TS18048: 'response' is possibly 'undefined'.
src/__tests__/integration/onboarding-flow.test.ts(24,31): error TS2367: This comparison appears to be unintentional because the types '5' and '0' have no overlap.
src/app/api/admin/security/failed-logins/route.ts(54,13): error TS2769: No overload matches this call.
  Overload 1 of 2, '(relation: "events" | "memory" | "emergent_orgs" | "emergent_projects" | "sessions" | "profiles" | "feature_flags" | "feature_flag_webhooks" | "conversations" | "social_campaigns" | ... 14 more ... | "content_queue"): PostgrestQueryBuilder<...>', gave the following error.
    Argument of type '"security_alerts"' is not assignable to parameter of type '"events" | "memory" | "emergent_orgs" | "emergent_projects" | "sessions" | "profiles" | "feature_flags" | "feature_flag_webhooks" | "conversations" | "social_campaigns" | ... 14 more ... | "content_queue"'.
  Overload 2 of 2, '(relation: never): PostgrestQueryBuilder<{ PostgrestVersion: "13.0.5"; }, { Tables: { emergent_orgs: { Row: { id: string; name: string; slug: string; plan: string | null; created_at: string | null; updated_at: string | null; }; Insert: { ...; }; Update: { ...; }; Relationships: []; }; ... 23 more ...; content_queue: { ...; }; }; Views: {}; Functions: { ...; }; Enums: {}; CompositeTypes: {}; }, never, never, never>', gave the following error.
    Argument of type '"security_alerts"' is not assignable to parameter of type 'never'.
src/app/api/admin/security/failed-logins/route.ts(92,13): error TS2769: No overload matches this call.
  Overload 1 of 2, '(relation: "events" | "memory" | "emergent_orgs" | "emergent_projects" | "sessions" | "profiles" | "feature_flags" | "feature_flag_webhooks" | "conversations" | "social_campaigns" | ... 14 more ... | "content_queue"): PostgrestQueryBuilder<...>', gave the following error.
    Argument of type '"security_alerts"' is not assignable to parameter of type '"events" | "memory" | "emergent_orgs" | "emergent_projects" | "sessions" | "profiles" | "feature_flags" | "feature_flag_webhooks" | "conversations" | "social_campaigns" | ... 14 more ... | "content_queue"'.
  Overload 2 of 2, '(relation: never): PostgrestQueryBuilder<{ PostgrestVersion: "13.0.5"; }, { Tables: { emergent_orgs: { Row: { id: string; name: string; slug: string; plan: string | null; created_at: string | null; updated_at: string | null; }; Insert: { ...; }; Update: { ...; }; Relationships: []; }; ... 23 more ...; content_queue: { ...; }; }; Views: {}; Functions: { ...; }; Enums: {}; CompositeTypes: {}; }, never, never, never>', gave the following error.
    Argument of type '"security_alerts"' is not assignable to parameter of type 'never'.
src/app/api/admin/security/failed-logins/route.ts(98,13): error TS2769: No overload matches this call.
  Overload 1 of 2, '(relation: "events" | "memory" | "emergent_orgs" | "emergent_projects" | "sessions" | "profiles" | "feature_flags" | "feature_flag_webhooks" | "conversations" | "social_campaigns" | ... 14 more ... | "content_queue"): PostgrestQueryBuilder<...>', gave the following error.
    Argument of type '"security_alerts"' is not assignable to parameter of type '"events" | "memory" | "emergent_orgs" | "emergent_projects" | "sessions" | "profiles" | "feature_flags" | "feature_flag_webhooks" | "conversations" | "social_campaigns" | ... 14 more ... | "content_queue"'.
  Overload 2 of 2, '(relation: never): PostgrestQueryBuilder<{ PostgrestVersion: "13.0.5"; }, { Tables: { emergent_orgs: { Row: { id: string; name: string; slug: string; plan: string | null; created_at: string | null; updated_at: string | null; }; Insert: { ...; }; Update: { ...; }; Relationships: []; }; ... 23 more ...; content_queue: { ...; }; }; Views: {}; Functions: { ...; }; Enums: {}; CompositeTypes: {}; }, never, never, never>', gave the following error.
    Argument of type '"security_alerts"' is not assignable to parameter of type 'never'.
src/app/api/admin/security/failed-logins/route.ts(186,13): error TS2769: No overload matches this call.
  Overload 1 of 2, '(relation: "events" | "memory" | "emergent_orgs" | "emergent_projects" | "sessions" | "profiles" | "feature_flags" | "feature_flag_webhooks" | "conversations" | "social_campaigns" | ... 14 more ... | "content_queue"): PostgrestQueryBuilder<...>', gave the following error.
    Argument of type '"security_alerts"' is not assignable to parameter of type '"events" | "memory" | "emergent_orgs" | "emergent_projects" | "sessions" | "profiles" | "feature_flags" | "feature_flag_webhooks" | "conversations" | "social_campaigns" | ... 14 more ... | "content_queue"'.
  Overload 2 of 2, '(relation: never): PostgrestQueryBuilder<{ PostgrestVersion: "13.0.5"; }, { Tables: { emergent_orgs: { Row: { id: string; name: string; slug: string; plan: string | null; created_at: string | null; updated_at: string | null; }; Insert: { ...; }; Update: { ...; }; Relationships: []; }; ... 23 more ...; content_queue: { ...; }; }; Views: {}; Functions: { ...; }; Enums: {}; CompositeTypes: {}; }, never, never, never>', gave the following error.
    Argument of type '"security_alerts"' is not assignable to parameter of type 'never'.
src/app/api/admin/security/failed-logins/route.ts(209,7): error TS2345: Argument of type '"create_security_alert"' is not assignable to parameter of type '"cleanup_expired_data" | "convert_guest_session" | "ensure_profile_and_session" | "generate_unique_handle" | "log_admin_action"'.
src/app/api/admin/security/failed-logins/route.ts(234,26): error TS2345: Argument of type '"create_security_alert"' is not assignable to parameter of type '"cleanup_expired_data" | "convert_guest_session" | "ensure_profile_and_session" | "generate_unique_handle" | "log_admin_action"'.
src/app/api/browser/action/route.ts(71,13): error TS2769: No overload matches this call.
  Overload 1 of 2, '(relation: "events" | "memory" | "emergent_orgs" | "emergent_projects" | "sessions" | "profiles" | "feature_flags" | "feature_flag_webhooks" | "conversations" | "social_campaigns" | ... 14 more ... | "content_queue"): PostgrestQueryBuilder<...>', gave the following error.
    Argument of type '"browser_sessions"' is not assignable to parameter of type '"events" | "memory" | "emergent_orgs" | "emergent_projects" | "sessions" | "profiles" | "feature_flags" | "feature_flag_webhooks" | "conversations" | "social_campaigns" | ... 14 more ... | "content_queue"'.
  Overload 2 of 2, '(relation: never): PostgrestQueryBuilder<{ PostgrestVersion: "13.0.5"; }, { Tables: { emergent_orgs: { Row: { id: string; name: string; slug: string; plan: string | null; created_at: string | null; updated_at: string | null; }; Insert: { ...; }; Update: { ...; }; Relationships: []; }; ... 23 more ...; content_queue: { ...; }; }; Views: {}; Functions: { ...; }; Enums: {}; CompositeTypes: {}; }, never, never, never>', gave the following error.
    Argument of type '"browser_sessions"' is not assignable to parameter of type 'never'.
src/app/api/browser/action/route.ts(85,17): error TS2339: Property 'status' does not exist on type '{ avatar_url: string | null; created_at: string | null; cubiqo_email: string | null; cubiqo_phone: string | null; display_name: string | null; email: string | null; handle: string | null; ... 4 more ...; updated_at: string | null; } | ... 23 more ... | { ...; }'.
  Property 'status' does not exist on type '{ avatar_url: string | null; created_at: string | null; cubiqo_email: string | null; cubiqo_phone: string | null; display_name: string | null; email: string | null; handle: string | null; ... 4 more ...; updated_at: string | null; }'.
src/app/api/browser/action/route.ts(101,25): error TS2769: No overload matches this call.
  Overload 1 of 2, '(relation: "events" | "memory" | "emergent_orgs" | "emergent_projects" | "sessions" | "profiles" | "feature_flags" | "feature_flag_webhooks" | "conversations" | "social_campaigns" | ... 14 more ... | "content_queue"): PostgrestQueryBuilder<...>', gave the following error.
    Argument of type '"browser_actions"' is not assignable to parameter of type '"events" | "memory" | "emergent_orgs" | "emergent_projects" | "sessions" | "profiles" | "feature_flags" | "feature_flag_webhooks" | "conversations" | "social_campaigns" | ... 14 more ... | "content_queue"'.
  Overload 2 of 2, '(relation: never): PostgrestQueryBuilder<{ PostgrestVersion: "13.0.5"; }, { Tables: { emergent_orgs: { Row: { id: string; name: string; slug: string; plan: string | null; created_at: string | null; updated_at: string | null; }; Insert: { ...; }; Update: { ...; }; Relationships: []; }; ... 23 more ...; content_queue: { ...; }; }; Views: {}; Functions: { ...; }; Enums: {}; CompositeTypes: {}; }, never, never, never>', gave the following error.
    Argument of type '"browser_actions"' is not assignable to parameter of type 'never'.
src/app/api/browser/action/route.ts(160,13): error TS2769: No overload matches this call.
  Overload 1 of 2, '(relation: "events" | "memory" | "emergent_orgs" | "emergent_projects" | "sessions" | "profiles" | "feature_flags" | "feature_flag_webhooks" | "conversations" | "social_campaigns" | ... 14 more ... | "content_queue"): PostgrestQueryBuilder<...>', gave the following error.
    Argument of type '"browser_sessions"' is not assignable to parameter of type '"events" | "memory" | "emergent_orgs" | "emergent_projects" | "sessions" | "profiles" | "feature_flags" | "feature_flag_webhooks" | "conversations" | "social_campaigns" | ... 14 more ... | "content_queue"'.
  Overload 2 of 2, '(relation: never): PostgrestQueryBuilder<{ PostgrestVersion: "13.0.5"; }, { Tables: { emergent_orgs: { Row: { id: string; name: string; slug: string; plan: string | null; created_at: string | null; updated_at: string | null; }; Insert: { ...; }; Update: { ...; }; Relationships: []; }; ... 23 more ...; content_queue: { ...; }; }; Views: {}; Functions: { ...; }; Enums: {}; CompositeTypes: {}; }, never, never, never>', gave the following error.
    Argument of type '"browser_sessions"' is not assignable to parameter of type 'never'.
src/app/api/browser/action/route.ts(175,13): error TS2769: No overload matches this call.
  Overload 1 of 2, '(relation: "events" | "memory" | "emergent_orgs" | "emergent_projects" | "sessions" | "profiles" | "feature_flags" | "feature_flag_webhooks" | "conversations" | "social_campaigns" | ... 14 more ... | "content_queue"): PostgrestQueryBuilder<...>', gave the following error.
    Argument of type '"browser_actions"' is not assignable to parameter of type '"events" | "memory" | "emergent_orgs" | "emergent_projects" | "sessions" | "profiles" | "feature_flags" | "feature_flag_webhooks" | "conversations" | "social_campaigns" | ... 14 more ... | "content_queue"'.
  Overload 2 of 2, '(relation: never): PostgrestQueryBuilder<{ PostgrestVersion: "13.0.5"; }, { Tables: { emergent_orgs: { Row: { id: string; name: string; slug: string; plan: string | null; created_at: string | null; updated_at: string | null; }; Insert: { ...; }; Update: { ...; }; Relationships: []; }; ... 23 more ...; content_queue: { ...; }; }; Views: {}; Functions: { ...; }; Enums: {}; CompositeTypes: {}; }, never, never, never>', gave the following error.
    Argument of type '"browser_actions"' is not assignable to parameter of type 'never'.
src/app/api/browser/action/route.ts(190,30): error TS2339: Property 'action_type' does not exist on type '{ avatar_url: string | null; created_at: string | null; cubiqo_email: string | null; cubiqo_phone: string | null; display_name: string | null; email: string | null; handle: string | null; ... 4 more ...; updated_at: string | null; } | ... 23 more ... | { ...; }'.
  Property 'action_type' does not exist on type '{ avatar_url: string | null; created_at: string | null; cubiqo_email: string | null; cubiqo_phone: string | null; display_name: string | null; email: string | null; handle: string | null; ... 4 more ...; updated_at: string | null; }'.
src/app/api/browser/action/route.ts(191,26): error TS2339: Property 'target' does not exist on type '{ avatar_url: string | null; created_at: string | null; cubiqo_email: string | null; cubiqo_phone: string | null; display_name: string | null; email: string | null; handle: string | null; ... 4 more ...; updated_at: string | null; } | ... 23 more ... | { ...; }'.
  Property 'target' does not exist on type '{ avatar_url: string | null; created_at: string | null; cubiqo_email: string | null; cubiqo_phone: string | null; display_name: string | null; email: string | null; handle: string | null; ... 4 more ...; updated_at: string | null; }'.
src/app/api/browser/action/route.ts(192,26): error TS2339: Property 'result' does not exist on type '{ avatar_url: string | null; created_at: string | null; cubiqo_email: string | null; cubiqo_phone: string | null; display_name: string | null; email: string | null; handle: string | null; ... 4 more ...; updated_at: string | null; } | ... 23 more ... | { ...; }'.
  Property 'result' does not exist on type '{ avatar_url: string | null; created_at: string | null; cubiqo_email: string | null; cubiqo_phone: string | null; display_name: string | null; email: string | null; handle: string | null; ... 4 more ...; updated_at: string | null; }'.
src/app/api/browser/action/route.ts(193,27): error TS2339: Property 'success' does not exist on type '{ avatar_url: string | null; created_at: string | null; cubiqo_email: string | null; cubiqo_phone: string | null; display_name: string | null; email: string | null; handle: string | null; ... 4 more ...; updated_at: string | null; } | ... 23 more ... | { ...; }'.
  Property 'success' does not exist on type '{ avatar_url: string | null; created_at: string | null; cubiqo_email: string | null; cubiqo_phone: string | null; display_name: string | null; email: string | null; handle: string | null; ... 4 more ...; updated_at: string | null; }'.
src/app/api/browser/action/route.ts(194,25): error TS2339: Property 'error' does not exist on type '{ avatar_url: string | null; created_at: string | null; cubiqo_email: string | null; cubiqo_phone: string | null; display_name: string | null; email: string | null; handle: string | null; ... 4 more ...; updated_at: string | null; } | ... 23 more ... | { ...; }'.
  Property 'error' does not exist on type '{ avatar_url: string | null; created_at: string | null; cubiqo_email: string | null; cubiqo_phone: string | null; display_name: string | null; email: string | null; handle: string | null; ... 4 more ...; updated_at: string | null; }'.
src/app/api/browser/action/route.ts(195,29): error TS2339: Property 'created_at' does not exist on type '{ avatar_url: string | null; created_at: string | null; cubiqo_email: string | null; cubiqo_phone: string | null; display_name: string | null; email: string | null; handle: string | null; ... 4 more ...; updated_at: string | null; } | ... 23 more ... | { ...; }'.
  Property 'created_at' does not exist on type '{ id: string; org_id: string; user_id: string; role: string; joined_at: string | null; }'.
src/app/api/browser/queue/route.ts(46,9): error TS7034: Variable 'pendingSessions' implicitly has type 'any[]' in some locations where its type cannot be determined.
src/app/api/browser/queue/route.ts(50,15): error TS2769: No overload matches this call.
  Overload 1 of 2, '(relation: "events" | "memory" | "emergent_orgs" | "emergent_projects" | "sessions" | "profiles" | "feature_flags" | "feature_flag_webhooks" | "conversations" | "social_campaigns" | ... 14 more ... | "content_queue"): PostgrestQueryBuilder<...>', gave the following error.
    Argument of type '"browser_sessions"' is not assignable to parameter of type '"events" | "memory" | "emergent_orgs" | "emergent_projects" | "sessions" | "profiles" | "feature_flags" | "feature_flag_webhooks" | "conversations" | "social_campaigns" | ... 14 more ... | "content_queue"'.
  Overload 2 of 2, '(relation: never): PostgrestQueryBuilder<{ PostgrestVersion: "13.0.5"; }, { Tables: { emergent_orgs: { Row: { id: string; name: string; slug: string; plan: string | null; created_at: string | null; updated_at: string | null; }; Insert: { ...; }; Update: { ...; }; Relationships: []; }; ... 23 more ...; content_queue: { ...; }; }; Views: {}; Functions: { ...; }; Enums: {}; CompositeTypes: {}; }, never, never, never>', gave the following error.
    Argument of type '"browser_sessions"' is not assignable to parameter of type 'never'.
src/app/api/browser/queue/route.ts(78,43): error TS7005: Variable 'pendingSessions' implicitly has an 'any[]' type.
src/app/api/browser/session/route.ts(145,15): error TS2769: No overload matches this call.
  Overload 1 of 2, '(relation: "events" | "memory" | "emergent_orgs" | "emergent_projects" | "sessions" | "profiles" | "feature_flags" | "feature_flag_webhooks" | "conversations" | "social_campaigns" | ... 14 more ... | "content_queue"): PostgrestQueryBuilder<...>', gave the following error.
    Argument of type '"browser_sessions"' is not assignable to parameter of type '"events" | "memory" | "emergent_orgs" | "emergent_projects" | "sessions" | "profiles" | "feature_flags" | "feature_flag_webhooks" | "conversations" | "social_campaigns" | ... 14 more ... | "content_queue"'.
  Overload 2 of 2, '(relation: never): PostgrestQueryBuilder<{ PostgrestVersion: "13.0.5"; }, { Tables: { emergent_orgs: { Row: { id: string; name: string; slug: string; plan: string | null; created_at: string | null; updated_at: string | null; }; Insert: { ...; }; Update: { ...; }; Relationships: []; }; ... 23 more ...; content_queue: { ...; }; }; Views: {}; Functions: { ...; }; Enums: {}; CompositeTypes: {}; }, never, never, never>', gave the following error.
    Argument of type '"browser_sessions"' is not assignable to parameter of type 'never'.
src/app/api/browser/session/route.ts(162,26): error TS2339: Property 'url' does not exist on type '{ avatar_url: string | null; created_at: string | null; cubiqo_email: string | null; cubiqo_phone: string | null; display_name: string | null; email: string | null; handle: string | null; ... 4 more ...; updated_at: string | null; } | ... 23 more ... | { ...; }'.
  Property 'url' does not exist on type '{ avatar_url: string | null; created_at: string | null; cubiqo_email: string | null; cubiqo_phone: string | null; display_name: string | null; email: string | null; handle: string | null; ... 4 more ...; updated_at: string | null; }'.
src/app/api/browser/session/route.ts(163,30): error TS2339: Property 'purpose' does not exist on type '{ avatar_url: string | null; created_at: string | null; cubiqo_email: string | null; cubiqo_phone: string | null; display_name: string | null; email: string | null; handle: string | null; ... 4 more ...; updated_at: string | null; } | ... 23 more ... | { ...; }'.
  Property 'purpose' does not exist on type '{ avatar_url: string | null; created_at: string | null; cubiqo_email: string | null; cubiqo_phone: string | null; display_name: string | null; email: string | null; handle: string | null; ... 4 more ...; updated_at: string | null; }'.
src/app/api/browser/session/route.ts(164,29): error TS2339: Property 'status' does not exist on type '{ avatar_url: string | null; created_at: string | null; cubiqo_email: string | null; cubiqo_phone: string | null; display_name: string | null; email: string | null; handle: string | null; ... 4 more ...; updated_at: string | null; } | ... 23 more ... | { ...; }'.
  Property 'status' does not exist on type '{ avatar_url: string | null; created_at: string | null; cubiqo_email: string | null; cubiqo_phone: string | null; display_name: string | null; email: string | null; handle: string | null; ... 4 more ...; updated_at: string | null; }'.
src/app/api/browser/session/route.ts(165,32): error TS2339: Property 'created_at' does not exist on type '{ avatar_url: string | null; created_at: string | null; cubiqo_email: string | null; cubiqo_phone: string | null; display_name: string | null; email: string | null; handle: string | null; ... 4 more ...; updated_at: string | null; } | ... 23 more ... | { ...; }'.
  Property 'created_at' does not exist on type '{ id: string; org_id: string; user_id: string; role: string; joined_at: string | null; }'.
src/app/api/browser/session/route.ts(166,34): error TS2339: Property 'completed_at' does not exist on type '{ avatar_url: string | null; created_at: string | null; cubiqo_email: string | null; cubiqo_phone: string | null; display_name: string | null; email: string | null; handle: string | null; ... 4 more ...; updated_at: string | null; } | ... 23 more ... | { ...; }'.
  Property 'completed_at' does not exist on type '{ avatar_url: string | null; created_at: string | null; cubiqo_email: string | null; cubiqo_phone: string | null; display_name: string | null; email: string | null; handle: string | null; ... 4 more ...; updated_at: string | null; }'.
src/app/api/code/terminal/route.ts(145,7): error TS2769: No overload matches this call.
  The last overload gave the following error.
    Object literal may only specify known properties, and 'cwd' does not exist in type 'readonly string[]'.
src/app/api/code/terminal/route.ts(160,18): error TS2339: Property 'killed' does not exist on type 'never'.
  The intersection 'ChildProcessWithoutNullStreams & ChildProcessByStdio<Writable, Readable, Readable> & ... 7 more ... & ChildProcess' was reduced to 'never' because property 'stdin' has conflicting types in some constituents.
src/app/api/code/terminal/route.ts(161,15): error TS2339: Property 'kill' does not exist on type 'never'.
  The intersection 'ChildProcessWithoutNullStreams & ChildProcessByStdio<Writable, Readable, Readable> & ... 7 more ... & ChildProcess' was reduced to 'never' because property 'stdin' has conflicting types in some constituents.
src/app/api/code/terminal/route.ts(169,25): error TS2339: Property 'pid' does not exist on type 'never'.
  The intersection 'ChildProcessWithoutNullStreams & ChildProcessByStdio<Writable, Readable, Readable> & ... 7 more ... & ChildProcess' was reduced to 'never' because property 'stdin' has conflicting types in some constituents.
src/app/api/code/terminal/route.ts(180,13): error TS2339: Property 'on' does not exist on type 'never'.
  The intersection 'ChildProcessWithoutNullStreams & ChildProcessByStdio<Writable, Readable, Readable> & ... 7 more ... & ChildProcess' was reduced to 'never' because property 'stdin' has conflicting types in some constituents.
src/app/api/code/terminal/route.ts(189,11): error TS2339: Property 'stdout' does not exist on type 'never'.
  The intersection 'ChildProcessWithoutNullStreams & ChildProcessByStdio<Writable, Readable, Readable> & ... 7 more ... & ChildProcess' was reduced to 'never' because property 'stdin' has conflicting types in some constituents.
src/app/api/code/terminal/route.ts(189,30): error TS7006: Parameter 'data' implicitly has an 'any' type.
src/app/api/code/terminal/route.ts(193,11): error TS2339: Property 'stderr' does not exist on type 'never'.
  The intersection 'ChildProcessWithoutNullStreams & ChildProcessByStdio<Writable, Readable, Readable> & ... 7 more ... & ChildProcess' was reduced to 'never' because property 'stdin' has conflicting types in some constituents.
src/app/api/code/terminal/route.ts(193,30): error TS7006: Parameter 'data' implicitly has an 'any' type.
src/app/api/code/terminal/route.ts(197,11): error TS2339: Property 'on' does not exist on type 'never'.
  The intersection 'ChildProcessWithoutNullStreams & ChildProcessByStdio<Writable, Readable, Readable> & ... 7 more ... & ChildProcess' was reduced to 'never' because property 'stdin' has conflicting types in some constituents.
src/app/api/code/terminal/route.ts(197,24): error TS7006: Parameter 'error' implicitly has an 'any' type.
src/app/api/code/terminal/route.ts(201,11): error TS2339: Property 'on' does not exist on type 'never'.
  The intersection 'ChildProcessWithoutNullStreams & ChildProcessByStdio<Writable, Readable, Readable> & ... 7 more ... & ChildProcess' was reduced to 'never' because property 'stdin' has conflicting types in some constituents.
src/app/api/code/terminal/route.ts(201,23): error TS7006: Parameter 'code' implicitly has an 'any' type.
src/app/api/emergent/orgs/route.ts(54,13): error TS2769: No overload matches this call.
  Overload 1 of 2, '(relation: "events" | "memory" | "emergent_orgs" | "emergent_projects" | "sessions" | "profiles" | "feature_flags" | "feature_flag_webhooks" | "conversations" | "social_campaigns" | ... 14 more ... | "content_queue"): PostgrestQueryBuilder<...>', gave the following error.
    Argument of type '"organizations"' is not assignable to parameter of type '"events" | "memory" | "emergent_orgs" | "emergent_projects" | "sessions" | "profiles" | "feature_flags" | "feature_flag_webhooks" | "conversations" | "social_campaigns" | ... 14 more ... | "content_queue"'.
  Overload 2 of 2, '(relation: never): PostgrestQueryBuilder<{ PostgrestVersion: "13.0.5"; }, { Tables: { emergent_orgs: { Row: { id: string; name: string; slug: string; plan: string | null; created_at: string | null; updated_at: string | null; }; Insert: { ...; }; Update: { ...; }; Relationships: []; }; ... 23 more ...; content_queue: { ...; }; }; Views: {}; Functions: { ...; }; Enums: {}; CompositeTypes: {}; }, never, never, never>', gave the following error.
    Argument of type '"organizations"' is not assignable to parameter of type 'never'.
src/app/api/emergent/orgs/route.ts(68,13): error TS2769: No overload matches this call.
  Overload 1 of 2, '(relation: "events" | "memory" | "emergent_orgs" | "emergent_projects" | "sessions" | "profiles" | "feature_flags" | "feature_flag_webhooks" | "conversations" | "social_campaigns" | ... 14 more ... | "content_queue"): PostgrestQueryBuilder<...>', gave the following error.
    Argument of type '"organizations"' is not assignable to parameter of type '"events" | "memory" | "emergent_orgs" | "emergent_projects" | "sessions" | "profiles" | "feature_flags" | "feature_flag_webhooks" | "conversations" | "social_campaigns" | ... 14 more ... | "content_queue"'.
  Overload 2 of 2, '(relation: never): PostgrestQueryBuilder<{ PostgrestVersion: "13.0.5"; }, { Tables: { emergent_orgs: { Row: { id: string; name: string; slug: string; plan: string | null; created_at: string | null; updated_at: string | null; }; Insert: { ...; }; Update: { ...; }; Relationships: []; }; ... 23 more ...; content_queue: { ...; }; }; Views: {}; Functions: { ...; }; Enums: {}; CompositeTypes: {}; }, never, never, never>', gave the following error.
    Argument of type '"organizations"' is not assignable to parameter of type 'never'.
src/app/api/emergent/orgs/route.ts(86,13): error TS2769: No overload matches this call.
  Overload 1 of 2, '(relation: "events" | "memory" | "emergent_orgs" | "emergent_projects" | "sessions" | "profiles" | "feature_flags" | "feature_flag_webhooks" | "conversations" | "social_campaigns" | ... 14 more ... | "content_queue"): PostgrestQueryBuilder<...>', gave the following error.
    Argument of type '"org_members"' is not assignable to parameter of type '"events" | "memory" | "emergent_orgs" | "emergent_projects" | "sessions" | "profiles" | "feature_flags" | "feature_flag_webhooks" | "conversations" | "social_campaigns" | ... 14 more ... | "content_queue"'.
  Overload 2 of 2, '(relation: never): PostgrestQueryBuilder<{ PostgrestVersion: "13.0.5"; }, { Tables: { emergent_orgs: { Row: { id: string; name: string; slug: string; plan: string | null; created_at: string | null; updated_at: string | null; }; Insert: { ...; }; Update: { ...; }; Relationships: []; }; ... 23 more ...; content_queue: { ...; }; }; Views: {}; Functions: { ...; }; Enums: {}; CompositeTypes: {}; }, never, never, never>', gave the following error.
    Argument of type '"org_members"' is not assignable to parameter of type 'never'.
src/app/api/emergent/orgs/route.ts(96,27): error TS2769: No overload matches this call.
  Overload 1 of 2, '(relation: "events" | "memory" | "emergent_orgs" | "emergent_projects" | "sessions" | "profiles" | "feature_flags" | "feature_flag_webhooks" | "conversations" | "social_campaigns" | ... 14 more ... | "content_queue"): PostgrestQueryBuilder<...>', gave the following error.
    Argument of type '"organizations"' is not assignable to parameter of type '"events" | "memory" | "emergent_orgs" | "emergent_projects" | "sessions" | "profiles" | "feature_flags" | "feature_flag_webhooks" | "conversations" | "social_campaigns" | ... 14 more ... | "content_queue"'.
  Overload 2 of 2, '(relation: never): PostgrestQueryBuilder<{ PostgrestVersion: "13.0.5"; }, { Tables: { emergent_orgs: { Row: { id: string; name: string; slug: string; plan: string | null; created_at: string | null; updated_at: string | null; }; Insert: { ...; }; Update: { ...; }; Relationships: []; }; ... 23 more ...; content_queue: { ...; }; }; Views: {}; Functions: { ...; }; Enums: {}; CompositeTypes: {}; }, never, never, never>', gave the following error.
    Argument of type '"organizations"' is not assignable to parameter of type 'never'.
src/app/api/emergent/orgs/route.ts(106,13): error TS2769: No overload matches this call.
  Overload 1 of 2, '(relation: "events" | "memory" | "emergent_orgs" | "emergent_projects" | "sessions" | "profiles" | "feature_flags" | "feature_flag_webhooks" | "conversations" | "social_campaigns" | ... 14 more ... | "content_queue"): PostgrestQueryBuilder<...>', gave the following error.
    Argument of type '"credits"' is not assignable to parameter of type '"events" | "memory" | "emergent_orgs" | "emergent_projects" | "sessions" | "profiles" | "feature_flags" | "feature_flag_webhooks" | "conversations" | "social_campaigns" | ... 14 more ... | "content_queue"'.
  Overload 2 of 2, '(relation: never): PostgrestQueryBuilder<{ PostgrestVersion: "13.0.5"; }, { Tables: { emergent_orgs: { Row: { id: string; name: string; slug: string; plan: string | null; created_at: string | null; updated_at: string | null; }; Insert: { ...; }; Update: { ...; }; Relationships: []; }; ... 23 more ...; content_queue: { ...; }; }; Views: {}; Functions: { ...; }; Enums: {}; CompositeTypes: {}; }, never, never, never>', gave the following error.
    Argument of type '"credits"' is not assignable to parameter of type 'never'.
src/app/api/emergent/orgs/route.ts(107,8): error TS2769: No overload matches this call.
  Overload 1 of 2, '(values: { id?: string | undefined; name: string; slug: string; plan?: string | null | undefined; created_at?: string | null | undefined; updated_at?: string | null | undefined; } | { id?: string | undefined; org_id: string; user_id: string; role?: string | undefined; joined_at?: string | ... 1 more ... | undefined; } | ... 22 more ... | { ...; }, options?: { ...; } | undefined): PostgrestFilterBuilder<...>', gave the following error.
    Object literal may only specify known properties, and 'balance' does not exist in type '{ id?: string | undefined; name: string; slug: string; plan?: string | null | undefined; created_at?: string | null | undefined; updated_at?: string | null | undefined; } | { id?: string | undefined; org_id: string; user_id: string; role?: string | undefined; joined_at?: string | ... 1 more ... | undefined; } | ... ...'.
  Overload 2 of 2, '(values: ({ id?: string | undefined; name: string; slug: string; plan?: string | null | undefined; created_at?: string | null | undefined; updated_at?: string | null | undefined; } | { id?: string | undefined; org_id: string; user_id: string; role?: string | undefined; joined_at?: string | ... 1 more ... | undefined; } | ... 22 more ... | { ...; })[], options?: { ...; } | undefined): PostgrestFilterBuilder<...>', gave the following error.
    Object literal may only specify known properties, and 'org_id' does not exist in type '({ id?: string | undefined; name: string; slug: string; plan?: string | null | undefined; created_at?: string | null | undefined; updated_at?: string | null | undefined; } | { id?: string | undefined; org_id: string; user_id: string; role?: string | undefined; joined_at?: string | ... 1 more ... | undefined; } | ......'.
src/app/api/emergent/orgs/route.ts(126,7): error TS2322: Type 'string | null' is not assignable to type 'string | undefined'.
  Type 'null' is not assignable to type 'string | undefined'.
src/app/api/emergent/orgs/route.ts(127,7): error TS2322: Type 'string | null' is not assignable to type 'string | undefined'.
  Type 'null' is not assignable to type 'string | undefined'.
src/app/api/emergent/orgs/route.ts(135,19): error TS2339: Property 'name' does not exist on type '{ avatar_url: string | null; created_at: string | null; cubiqo_email: string | null; cubiqo_phone: string | null; display_name: string | null; email: string | null; handle: string | null; ... 4 more ...; updated_at: string | null; } | ... 23 more ... | { ...; }'.
  Property 'name' does not exist on type '{ avatar_url: string | null; created_at: string | null; cubiqo_email: string | null; cubiqo_phone: string | null; display_name: string | null; email: string | null; handle: string | null; ... 4 more ...; updated_at: string | null; }'.
src/app/api/emergent/orgs/route.ts(136,19): error TS2339: Property 'slug' does not exist on type '{ avatar_url: string | null; created_at: string | null; cubiqo_email: string | null; cubiqo_phone: string | null; display_name: string | null; email: string | null; handle: string | null; ... 4 more ...; updated_at: string | null; } | ... 23 more ... | { ...; }'.
  Property 'slug' does not exist on type '{ avatar_url: string | null; created_at: string | null; cubiqo_email: string | null; cubiqo_phone: string | null; display_name: string | null; email: string | null; handle: string | null; ... 4 more ...; updated_at: string | null; }'.
src/app/api/emergent/orgs/route.ts(137,19): error TS2339: Property 'plan' does not exist on type '{ avatar_url: string | null; created_at: string | null; cubiqo_email: string | null; cubiqo_phone: string | null; display_name: string | null; email: string | null; handle: string | null; ... 4 more ...; updated_at: string | null; } | ... 23 more ... | { ...; }'.
  Property 'plan' does not exist on type '{ avatar_url: string | null; created_at: string | null; cubiqo_email: string | null; cubiqo_phone: string | null; display_name: string | null; email: string | null; handle: string | null; ... 4 more ...; updated_at: string | null; }'.
src/app/api/emergent/orgs/route.ts(138,24): error TS2339: Property 'created_at' does not exist on type '{ avatar_url: string | null; created_at: string | null; cubiqo_email: string | null; cubiqo_phone: string | null; display_name: string | null; email: string | null; handle: string | null; ... 4 more ...; updated_at: string | null; } | ... 23 more ... | { ...; }'.
  Property 'created_at' does not exist on type '{ id: string; org_id: string; user_id: string; role: string; joined_at: string | null; }'.
src/app/api/emergent/orgs/route.ts(177,13): error TS2769: No overload matches this call.
  Overload 1 of 2, '(relation: "events" | "memory" | "emergent_orgs" | "emergent_projects" | "sessions" | "profiles" | "feature_flags" | "feature_flag_webhooks" | "conversations" | "social_campaigns" | ... 14 more ... | "content_queue"): PostgrestQueryBuilder<...>', gave the following error.
    Argument of type '"org_members"' is not assignable to parameter of type '"events" | "memory" | "emergent_orgs" | "emergent_projects" | "sessions" | "profiles" | "feature_flags" | "feature_flag_webhooks" | "conversations" | "social_campaigns" | ... 14 more ... | "content_queue"'.
  Overload 2 of 2, '(relation: never): PostgrestQueryBuilder<{ PostgrestVersion: "13.0.5"; }, { Tables: { emergent_orgs: { Row: { id: string; name: string; slug: string; plan: string | null; created_at: string | null; updated_at: string | null; }; Insert: { ...; }; Update: { ...; }; Relationships: []; }; ... 23 more ...; content_queue: { ...; }; }; Views: {}; Functions: { ...; }; Enums: {}; CompositeTypes: {}; }, never, never, never>', gave the following error.
    Argument of type '"org_members"' is not assignable to parameter of type 'never'.
src/app/api/emergent/orgs/route.ts(203,12): error TS2339: Property 'organizations' does not exist on type 'SelectQueryError<"column 'role' does not exist on 'events'."> | SelectQueryError<"column 'role' does not exist on 'memory'."> | ... 22 more ... | SelectQueryError<...>'.
  Property 'organizations' does not exist on type 'SelectQueryError<"column 'role' does not exist on 'events'.">'.
src/app/api/emergent/orgs/route.ts(204,15): error TS2339: Property 'role' does not exist on type 'SelectQueryError<"column 'role' does not exist on 'events'."> | SelectQueryError<"column 'role' does not exist on 'memory'."> | ... 22 more ... | SelectQueryError<...>'.
  Property 'role' does not exist on type 'SelectQueryError<"column 'role' does not exist on 'events'.">'.
src/app/api/emergent/orgs/route.ts(205,19): error TS2339: Property 'joined_at' does not exist on type 'SelectQueryError<"column 'role' does not exist on 'events'."> | SelectQueryError<"column 'role' does not exist on 'memory'."> | ... 22 more ... | SelectQueryError<...>'.
  Property 'joined_at' does not exist on type 'SelectQueryError<"column 'role' does not exist on 'events'.">'.
src/app/api/emergent/projects/route.ts(68,13): error TS2769: No overload matches this call.
  Overload 1 of 2, '(relation: "events" | "memory" | "emergent_orgs" | "emergent_projects" | "sessions" | "profiles" | "feature_flags" | "feature_flag_webhooks" | "conversations" | "social_campaigns" | ... 14 more ... | "content_queue"): PostgrestQueryBuilder<...>', gave the following error.
    Argument of type '"projects"' is not assignable to parameter of type '"events" | "memory" | "emergent_orgs" | "emergent_projects" | "sessions" | "profiles" | "feature_flags" | "feature_flag_webhooks" | "conversations" | "social_campaigns" | ... 14 more ... | "content_queue"'.
  Overload 2 of 2, '(relation: never): PostgrestQueryBuilder<{ PostgrestVersion: "13.0.5"; }, { Tables: { emergent_orgs: { Row: { id: string; name: string; slug: string; plan: string | null; created_at: string | null; updated_at: string | null; }; Insert: { ...; }; Update: { ...; }; Relationships: []; }; ... 23 more ...; content_queue: { ...; }; }; Views: {}; Functions: { ...; }; Enums: {}; CompositeTypes: {}; }, never, never, never>', gave the following error.
    Argument of type '"projects"' is not assignable to parameter of type 'never'.
src/app/api/emergent/projects/route.ts(83,13): error TS2769: No overload matches this call.
  Overload 1 of 2, '(relation: "events" | "memory" | "emergent_orgs" | "emergent_projects" | "sessions" | "profiles" | "feature_flags" | "feature_flag_webhooks" | "conversations" | "social_campaigns" | ... 14 more ... | "content_queue"): PostgrestQueryBuilder<...>', gave the following error.
    Argument of type '"projects"' is not assignable to parameter of type '"events" | "memory" | "emergent_orgs" | "emergent_projects" | "sessions" | "profiles" | "feature_flags" | "feature_flag_webhooks" | "conversations" | "social_campaigns" | ... 14 more ... | "content_queue"'.
  Overload 2 of 2, '(relation: never): PostgrestQueryBuilder<{ PostgrestVersion: "13.0.5"; }, { Tables: { emergent_orgs: { Row: { id: string; name: string; slug: string; plan: string | null; created_at: string | null; updated_at: string | null; }; Insert: { ...; }; Update: { ...; }; Relationships: []; }; ... 23 more ...; content_queue: { ...; }; }; Views: {}; Functions: { ...; }; Enums: {}; CompositeTypes: {}; }, never, never, never>', gave the following error.
    Argument of type '"projects"' is not assignable to parameter of type 'never'.
src/app/api/emergent/projects/route.ts(112,7): error TS2322: Type 'string | null' is not assignable to type 'string | undefined'.
  Type 'null' is not assignable to type 'string | undefined'.
src/app/api/emergent/projects/route.ts(113,7): error TS2322: Type 'string | null' is not assignable to type 'string | undefined'.
  Type 'null' is not assignable to type 'string | undefined'.
src/app/api/emergent/projects/route.ts(121,24): error TS2339: Property 'org_id' does not exist on type '{ avatar_url: string | null; created_at: string | null; cubiqo_email: string | null; cubiqo_phone: string | null; display_name: string | null; email: string | null; handle: string | null; ... 4 more ...; updated_at: string | null; } | ... 23 more ... | { ...; }'.
  Property 'org_id' does not exist on type '{ avatar_url: string | null; created_at: string | null; cubiqo_email: string | null; cubiqo_phone: string | null; display_name: string | null; email: string | null; handle: string | null; ... 4 more ...; updated_at: string | null; }'.
src/app/api/emergent/projects/route.ts(122,23): error TS2339: Property 'name' does not exist on type '{ avatar_url: string | null; created_at: string | null; cubiqo_email: string | null; cubiqo_phone: string | null; display_name: string | null; email: string | null; handle: string | null; ... 4 more ...; updated_at: string | null; } | ... 23 more ... | { ...; }'.
  Property 'name' does not exist on type '{ avatar_url: string | null; created_at: string | null; cubiqo_email: string | null; cubiqo_phone: string | null; display_name: string | null; email: string | null; handle: string | null; ... 4 more ...; updated_at: string | null; }'.
src/app/api/emergent/projects/route.ts(123,23): error TS2339: Property 'slug' does not exist on type '{ avatar_url: string | null; created_at: string | null; cubiqo_email: string | null; cubiqo_phone: string | null; display_name: string | null; email: string | null; handle: string | null; ... 4 more ...; updated_at: string | null; } | ... 23 more ... | { ...; }'.
  Property 'slug' does not exist on type '{ avatar_url: string | null; created_at: string | null; cubiqo_email: string | null; cubiqo_phone: string | null; display_name: string | null; email: string | null; handle: string | null; ... 4 more ...; updated_at: string | null; }'.
src/app/api/emergent/projects/route.ts(124,30): error TS2339: Property 'description' does not exist on type '{ avatar_url: string | null; created_at: string | null; cubiqo_email: string | null; cubiqo_phone: string | null; display_name: string | null; email: string | null; handle: string | null; ... 4 more ...; updated_at: string | null; } | ... 23 more ... | { ...; }'.
  Property 'description' does not exist on type '{ avatar_url: string | null; created_at: string | null; cubiqo_email: string | null; cubiqo_phone: string | null; display_name: string | null; email: string | null; handle: string | null; ... 4 more ...; updated_at: string | null; }'.
src/app/api/emergent/projects/route.ts(125,24): error TS2339: Property 'stack' does not exist on type '{ avatar_url: string | null; created_at: string | null; cubiqo_email: string | null; cubiqo_phone: string | null; display_name: string | null; email: string | null; handle: string | null; ... 4 more ...; updated_at: string | null; } | ... 23 more ... | { ...; }'.
  Property 'stack' does not exist on type '{ avatar_url: string | null; created_at: string | null; cubiqo_email: string | null; cubiqo_phone: string | null; display_name: string | null; email: string | null; handle: string | null; ... 4 more ...; updated_at: string | null; }'.
src/app/api/emergent/projects/route.ts(126,28): error TS2339: Property 'framework' does not exist on type '{ avatar_url: string | null; created_at: string | null; cubiqo_email: string | null; cubiqo_phone: string | null; display_name: string | null; email: string | null; handle: string | null; ... 4 more ...; updated_at: string | null; } | ... 23 more ... | { ...; }'.
  Property 'framework' does not exist on type '{ avatar_url: string | null; created_at: string | null; cubiqo_email: string | null; cubiqo_phone: string | null; display_name: string | null; email: string | null; handle: string | null; ... 4 more ...; updated_at: string | null; }'.
src/app/api/emergent/projects/route.ts(127,27): error TS2339: Property 'language' does not exist on type '{ avatar_url: string | null; created_at: string | null; cubiqo_email: string | null; cubiqo_phone: string | null; display_name: string | null; email: string | null; handle: string | null; ... 4 more ...; updated_at: string | null; } | ... 23 more ... | { ...; }'.
  Property 'language' does not exist on type '{ avatar_url: string | null; created_at: string | null; cubiqo_email: string | null; cubiqo_phone: string | null; display_name: string | null; email: string | null; handle: string | null; ... 4 more ...; updated_at: string | null; }'.
src/app/api/emergent/projects/route.ts(128,25): error TS2339: Property 'status' does not exist on type '{ avatar_url: string | null; created_at: string | null; cubiqo_email: string | null; cubiqo_phone: string | null; display_name: string | null; email: string | null; handle: string | null; ... 4 more ...; updated_at: string | null; } | ... 23 more ... | { ...; }'.
  Property 'status' does not exist on type '{ avatar_url: string | null; created_at: string | null; cubiqo_email: string | null; cubiqo_phone: string | null; display_name: string | null; email: string | null; handle: string | null; ... 4 more ...; updated_at: string | null; }'.
src/app/api/emergent/projects/route.ts(129,28): error TS2339: Property 'created_at' does not exist on type '{ avatar_url: string | null; created_at: string | null; cubiqo_email: string | null; cubiqo_phone: string | null; display_name: string | null; email: string | null; handle: string | null; ... 4 more ...; updated_at: string | null; } | ... 23 more ... | { ...; }'.
  Property 'created_at' does not exist on type '{ id: string; org_id: string; user_id: string; role: string; joined_at: string | null; }'.
src/app/api/emergent/projects/route.ts(172,13): error TS2769: No overload matches this call.
  Overload 1 of 2, '(relation: "events" | "memory" | "emergent_orgs" | "emergent_projects" | "sessions" | "profiles" | "feature_flags" | "feature_flag_webhooks" | "conversations" | "social_campaigns" | ... 14 more ... | "content_queue"): PostgrestQueryBuilder<...>', gave the following error.
    Argument of type '"projects"' is not assignable to parameter of type '"events" | "memory" | "emergent_orgs" | "emergent_projects" | "sessions" | "profiles" | "feature_flags" | "feature_flag_webhooks" | "conversations" | "social_campaigns" | ... 14 more ... | "content_queue"'.
  Overload 2 of 2, '(relation: never): PostgrestQueryBuilder<{ PostgrestVersion: "13.0.5"; }, { Tables: { emergent_orgs: { Row: { id: string; name: string; slug: string; plan: string | null; created_at: string | null; updated_at: string | null; }; Insert: { ...; }; Update: { ...; }; Relationships: []; }; ... 23 more ...; content_queue: { ...; }; }; Views: {}; Functions: { ...; }; Enums: {}; CompositeTypes: {}; }, never, never, never>', gave the following error.
    Argument of type '"projects"' is not assignable to parameter of type 'never'.
src/app/api/emergent/projects/route.ts(206,15): error TS2769: No overload matches this call.
  Overload 1 of 2, '(relation: "events" | "memory" | "emergent_orgs" | "emergent_projects" | "sessions" | "profiles" | "feature_flags" | "feature_flag_webhooks" | "conversations" | "social_campaigns" | ... 14 more ... | "content_queue"): PostgrestQueryBuilder<...>', gave the following error.
    Argument of type '"org_members"' is not assignable to parameter of type '"events" | "memory" | "emergent_orgs" | "emergent_projects" | "sessions" | "profiles" | "feature_flags" | "feature_flag_webhooks" | "conversations" | "social_campaigns" | ... 14 more ... | "content_queue"'.
  Overload 2 of 2, '(relation: never): PostgrestQueryBuilder<{ PostgrestVersion: "13.0.5"; }, { Tables: { emergent_orgs: { Row: { id: string; name: string; slug: string; plan: string | null; created_at: string | null; updated_at: string | null; }; Insert: { ...; }; Update: { ...; }; Relationships: []; }; ... 23 more ...; content_queue: { ...; }; }; Views: {}; Functions: { ...; }; Enums: {}; CompositeTypes: {}; }, never, never, never>', gave the following error.
    Argument of type '"org_members"' is not assignable to parameter of type 'never'.
src/app/api/emergent/projects/route.ts(212,47): error TS2339: Property 'org_id' does not exist on type 'SelectQueryError<"column 'org_id' does not exist on 'events'."> | SelectQueryError<"column 'org_id' does not exist on 'memory'."> | ... 22 more ... | SelectQueryError<...>'.
  Property 'org_id' does not exist on type 'SelectQueryError<"column 'org_id' does not exist on 'events'.">'.
src/app/api/emergent/secrets/route.ts(66,13): error TS2769: No overload matches this call.
  Overload 1 of 2, '(relation: "events" | "memory" | "emergent_orgs" | "emergent_projects" | "sessions" | "profiles" | "feature_flags" | "feature_flag_webhooks" | "conversations" | "social_campaigns" | ... 14 more ... | "content_queue"): PostgrestQueryBuilder<...>', gave the following error.
    Argument of type '"project_secrets"' is not assignable to parameter of type '"events" | "memory" | "emergent_orgs" | "emergent_projects" | "sessions" | "profiles" | "feature_flags" | "feature_flag_webhooks" | "conversations" | "social_campaigns" | ... 14 more ... | "content_queue"'.
  Overload 2 of 2, '(relation: never): PostgrestQueryBuilder<{ PostgrestVersion: "13.0.5"; }, { Tables: { emergent_orgs: { Row: { id: string; name: string; slug: string; plan: string | null; created_at: string | null; updated_at: string | null; }; Insert: { ...; }; Update: { ...; }; Relationships: []; }; ... 23 more ...; content_queue: { ...; }; }; Views: {}; Functions: { ...; }; Enums: {}; CompositeTypes: {}; }, never, never, never>', gave the following error.
    Argument of type '"project_secrets"' is not assignable to parameter of type 'never'.
src/app/api/emergent/secrets/route.ts(84,13): error TS2769: No overload matches this call.
  Overload 1 of 2, '(relation: "events" | "memory" | "emergent_orgs" | "emergent_projects" | "sessions" | "profiles" | "feature_flags" | "feature_flag_webhooks" | "conversations" | "social_campaigns" | ... 14 more ... | "content_queue"): PostgrestQueryBuilder<...>', gave the following error.
    Argument of type '"project_secrets"' is not assignable to parameter of type '"events" | "memory" | "emergent_orgs" | "emergent_projects" | "sessions" | "profiles" | "feature_flags" | "feature_flag_webhooks" | "conversations" | "social_campaigns" | ... 14 more ... | "content_queue"'.
  Overload 2 of 2, '(relation: never): PostgrestQueryBuilder<{ PostgrestVersion: "13.0.5"; }, { Tables: { emergent_orgs: { Row: { id: string; name: string; slug: string; plan: string | null; created_at: string | null; updated_at: string | null; }; Insert: { ...; }; Update: { ...; }; Relationships: []; }; ... 23 more ...; content_queue: { ...; }; }; Views: {}; Functions: { ...; }; Enums: {}; CompositeTypes: {}; }, never, never, never>', gave the following error.
    Argument of type '"project_secrets"' is not assignable to parameter of type 'never'.
src/app/api/emergent/secrets/route.ts(105,13): error TS2769: No overload matches this call.
  Overload 1 of 2, '(relation: "events" | "memory" | "emergent_orgs" | "emergent_projects" | "sessions" | "profiles" | "feature_flags" | "feature_flag_webhooks" | "conversations" | "social_campaigns" | ... 14 more ... | "content_queue"): PostgrestQueryBuilder<...>', gave the following error.
    Argument of type '"projects"' is not assignable to parameter of type '"events" | "memory" | "emergent_orgs" | "emergent_projects" | "sessions" | "profiles" | "feature_flags" | "feature_flag_webhooks" | "conversations" | "social_campaigns" | ... 14 more ... | "content_queue"'.
  Overload 2 of 2, '(relation: never): PostgrestQueryBuilder<{ PostgrestVersion: "13.0.5"; }, { Tables: { emergent_orgs: { Row: { id: string; name: string; slug: string; plan: string | null; created_at: string | null; updated_at: string | null; }; Insert: { ...; }; Update: { ...; }; Relationships: []; }; ... 23 more ...; content_queue: { ...; }; }; Views: {}; Functions: { ...; }; Enums: {}; CompositeTypes: {}; }, never, never, never>', gave the following error.
    Argument of type '"projects"' is not assignable to parameter of type 'never'.
src/app/api/emergent/secrets/route.ts(114,24): error TS2339: Property 'org_id' does not exist on type 'SelectQueryError<"column 'org_id' does not exist on 'events'."> | SelectQueryError<"column 'org_id' does not exist on 'memory'."> | ... 22 more ... | SelectQueryError<...>'.
  Property 'org_id' does not exist on type 'SelectQueryError<"column 'org_id' does not exist on 'events'.">'.
src/app/api/emergent/secrets/route.ts(117,28): error TS2339: Property 'id' does not exist on type 'SelectQueryError<"column 'project_id' does not exist on 'events'."> | SelectQueryError<"column 'project_id' does not exist on 'memory'."> | ... 22 more ... | SelectQueryError<...>'.
  Property 'id' does not exist on type 'SelectQueryError<"column 'project_id' does not exist on 'events'.">'.
src/app/api/emergent/secrets/route.ts(119,9): error TS2322: Type 'string | null' is not assignable to type 'string | undefined'.
  Type 'null' is not assignable to type 'string | undefined'.
src/app/api/emergent/secrets/route.ts(120,9): error TS2322: Type 'string | null' is not assignable to type 'string | undefined'.
  Type 'null' is not assignable to type 'string | undefined'.
src/app/api/emergent/secrets/route.ts(126,24): error TS2339: Property 'id' does not exist on type 'SelectQueryError<"column 'project_id' does not exist on 'events'."> | SelectQueryError<"column 'project_id' does not exist on 'memory'."> | ... 22 more ... | SelectQueryError<...>'.
  Property 'id' does not exist on type 'SelectQueryError<"column 'project_id' does not exist on 'events'.">'.
src/app/api/emergent/secrets/route.ts(129,7): error TS2322: Type 'string | null' is not assignable to type 'string | undefined'.
  Type 'null' is not assignable to type 'string | undefined'.
src/app/api/emergent/secrets/route.ts(136,9): error TS2698: Spread types may only be created from object types.
src/app/api/emergent/secrets/route.ts(197,13): error TS2769: No overload matches this call.
  Overload 1 of 2, '(relation: "events" | "memory" | "emergent_orgs" | "emergent_projects" | "sessions" | "profiles" | "feature_flags" | "feature_flag_webhooks" | "conversations" | "social_campaigns" | ... 14 more ... | "content_queue"): PostgrestQueryBuilder<...>', gave the following error.
    Argument of type '"project_secrets"' is not assignable to parameter of type '"events" | "memory" | "emergent_orgs" | "emergent_projects" | "sessions" | "profiles" | "feature_flags" | "feature_flag_webhooks" | "conversations" | "social_campaigns" | ... 14 more ... | "content_queue"'.
  Overload 2 of 2, '(relation: never): PostgrestQueryBuilder<{ PostgrestVersion: "13.0.5"; }, { Tables: { emergent_orgs: { Row: { id: string; name: string; slug: string; plan: string | null; created_at: string | null; updated_at: string | null; }; Insert: { ...; }; Update: { ...; }; Relationships: []; }; ... 23 more ...; content_queue: { ...; }; }; Views: {}; Functions: { ...; }; Enums: {}; CompositeTypes: {}; }, never, never, never>', gave the following error.
    Argument of type '"project_secrets"' is not assignable to parameter of type 'never'.
src/app/api/job-hunt/applications/route.ts(27,13): error TS2769: No overload matches this call.
  Overload 1 of 2, '(relation: "events" | "memory" | "emergent_orgs" | "emergent_projects" | "sessions" | "profiles" | "feature_flags" | "feature_flag_webhooks" | "conversations" | "social_campaigns" | ... 14 more ... | "content_queue"): PostgrestQueryBuilder<...>', gave the following error.
    Argument of type '"job_hunt_profiles"' is not assignable to parameter of type '"events" | "memory" | "emergent_orgs" | "emergent_projects" | "sessions" | "profiles" | "feature_flags" | "feature_flag_webhooks" | "conversations" | "social_campaigns" | ... 14 more ... | "content_queue"'.
  Overload 2 of 2, '(relation: never): PostgrestQueryBuilder<{ PostgrestVersion: "13.0.5"; }, { Tables: { emergent_orgs: { Row: { id: string; name: string; slug: string; plan: string | null; created_at: string | null; updated_at: string | null; }; Insert: { ...; }; Update: { ...; }; Relationships: []; }; ... 23 more ...; content_queue: { ...; }; }; Views: {}; Functions: { ...; }; Enums: {}; CompositeTypes: {}; }, never, never, never>', gave the following error.
    Argument of type '"job_hunt_profiles"' is not assignable to parameter of type 'never'.
src/app/api/job-hunt/applications/route.ts(48,13): error TS2769: No overload matches this call.
  Overload 1 of 2, '(relation: "events" | "memory" | "emergent_orgs" | "emergent_projects" | "sessions" | "profiles" | "feature_flags" | "feature_flag_webhooks" | "conversations" | "social_campaigns" | ... 14 more ... | "content_queue"): PostgrestQueryBuilder<...>', gave the following error.
    Argument of type '"job_applications"' is not assignable to parameter of type '"events" | "memory" | "emergent_orgs" | "emergent_projects" | "sessions" | "profiles" | "feature_flags" | "feature_flag_webhooks" | "conversations" | "social_campaigns" | ... 14 more ... | "content_queue"'.
  Overload 2 of 2, '(relation: never): PostgrestQueryBuilder<{ PostgrestVersion: "13.0.5"; }, { Tables: { emergent_orgs: { Row: { id: string; name: string; slug: string; plan: string | null; created_at: string | null; updated_at: string | null; }; Insert: { ...; }; Update: { ...; }; Relationships: []; }; ... 23 more ...; content_queue: { ...; }; }; Views: {}; Functions: { ...; }; Enums: {}; CompositeTypes: {}; }, never, never, never>', gave the following error.
    Argument of type '"job_applications"' is not assignable to parameter of type 'never'.
src/app/api/job-hunt/applications/route.ts(99,13): error TS2769: No overload matches this call.
  Overload 1 of 2, '(relation: "events" | "memory" | "emergent_orgs" | "emergent_projects" | "sessions" | "profiles" | "feature_flags" | "feature_flag_webhooks" | "conversations" | "social_campaigns" | ... 14 more ... | "content_queue"): PostgrestQueryBuilder<...>', gave the following error.
    Argument of type '"job_hunt_profiles"' is not assignable to parameter of type '"events" | "memory" | "emergent_orgs" | "emergent_projects" | "sessions" | "profiles" | "feature_flags" | "feature_flag_webhooks" | "conversations" | "social_campaigns" | ... 14 more ... | "content_queue"'.
  Overload 2 of 2, '(relation: never): PostgrestQueryBuilder<{ PostgrestVersion: "13.0.5"; }, { Tables: { emergent_orgs: { Row: { id: string; name: string; slug: string; plan: string | null; created_at: string | null; updated_at: string | null; }; Insert: { ...; }; Update: { ...; }; Relationships: []; }; ... 23 more ...; content_queue: { ...; }; }; Views: {}; Functions: { ...; }; Enums: {}; CompositeTypes: {}; }, never, never, never>', gave the following error.
    Argument of type '"job_hunt_profiles"' is not assignable to parameter of type 'never'.
src/app/api/job-hunt/applications/route.ts(124,13): error TS2769: No overload matches this call.
  Overload 1 of 2, '(relation: "events" | "memory" | "emergent_orgs" | "emergent_projects" | "sessions" | "profiles" | "feature_flags" | "feature_flag_webhooks" | "conversations" | "social_campaigns" | ... 14 more ... | "content_queue"): PostgrestQueryBuilder<...>', gave the following error.
    Argument of type '"job_applications"' is not assignable to parameter of type '"events" | "memory" | "emergent_orgs" | "emergent_projects" | "sessions" | "profiles" | "feature_flags" | "feature_flag_webhooks" | "conversations" | "social_campaigns" | ... 14 more ... | "content_queue"'.
  Overload 2 of 2, '(relation: never): PostgrestQueryBuilder<{ PostgrestVersion: "13.0.5"; }, { Tables: { emergent_orgs: { Row: { id: string; name: string; slug: string; plan: string | null; created_at: string | null; updated_at: string | null; }; Insert: { ...; }; Update: { ...; }; Relationships: []; }; ... 23 more ...; content_queue: { ...; }; }; Views: {}; Functions: { ...; }; Enums: {}; CompositeTypes: {}; }, never, never, never>', gave the following error.
    Argument of type '"job_applications"' is not assignable to parameter of type 'never'.
src/app/api/job-hunt/applications/route.ts(126,9): error TS2769: No overload matches this call.
  Overload 1 of 2, '(values: { id?: string | undefined; name: string; slug: string; plan?: string | null | undefined; created_at?: string | null | undefined; updated_at?: string | null | undefined; } | { id?: string | undefined; org_id: string; user_id: string; role?: string | undefined; joined_at?: string | ... 1 more ... | undefined; } | ... 22 more ... | { ...; }, options?: { ...; } | undefined): PostgrestFilterBuilder<...>', gave the following error.
    Object literal may only specify known properties, and 'profile_id' does not exist in type '{ id?: string | undefined; name: string; slug: string; plan?: string | null | undefined; created_at?: string | null | undefined; updated_at?: string | null | undefined; } | { id?: string | undefined; org_id: string; user_id: string; role?: string | undefined; joined_at?: string | ... 1 more ... | undefined; } | ... ...'.
  Overload 2 of 2, '(values: ({ id?: string | undefined; name: string; slug: string; plan?: string | null | undefined; created_at?: string | null | undefined; updated_at?: string | null | undefined; } | { id?: string | undefined; org_id: string; user_id: string; role?: string | undefined; joined_at?: string | ... 1 more ... | undefined; } | ... 22 more ... | { ...; })[], options?: { ...; } | undefined): PostgrestFilterBuilder<...>', gave the following error.
    Object literal may only specify known properties, and 'profile_id' does not exist in type '({ id?: string | undefined; name: string; slug: string; plan?: string | null | undefined; created_at?: string | null | undefined; updated_at?: string | null | undefined; } | { id?: string | undefined; org_id: string; user_id: string; role?: string | undefined; joined_at?: string | ... 1 more ... | undefined; } | ......'.
src/app/api/job-hunt/applications/route.ts(148,25): error TS2769: No overload matches this call.
  Overload 1 of 2, '(relation: "events" | "memory" | "emergent_orgs" | "emergent_projects" | "sessions" | "profiles" | "feature_flags" | "feature_flag_webhooks" | "conversations" | "social_campaigns" | ... 14 more ... | "content_queue"): PostgrestQueryBuilder<...>', gave the following error.
    Argument of type '"job_hunt_activities"' is not assignable to parameter of type '"events" | "memory" | "emergent_orgs" | "emergent_projects" | "sessions" | "profiles" | "feature_flags" | "feature_flag_webhooks" | "conversations" | "social_campaigns" | ... 14 more ... | "content_queue"'.
  Overload 2 of 2, '(relation: never): PostgrestQueryBuilder<{ PostgrestVersion: "13.0.5"; }, { Tables: { emergent_orgs: { Row: { id: string; name: string; slug: string; plan: string | null; created_at: string | null; updated_at: string | null; }; Insert: { ...; }; Update: { ...; }; Relationships: []; }; ... 23 more ...; content_queue: { ...; }; }; Views: {}; Functions: { ...; }; Enums: {}; CompositeTypes: {}; }, never, never, never>', gave the following error.
    Argument of type '"job_hunt_activities"' is not assignable to parameter of type 'never'.
src/app/api/job-hunt/applications/route.ts(149,7): error TS2769: No overload matches this call.
  Overload 1 of 2, '(values: { id?: string | undefined; name: string; slug: string; plan?: string | null | undefined; created_at?: string | null | undefined; updated_at?: string | null | undefined; } | { id?: string | undefined; org_id: string; user_id: string; role?: string | undefined; joined_at?: string | ... 1 more ... | undefined; } | ... 22 more ... | { ...; }, options?: { ...; } | undefined): PostgrestFilterBuilder<...>', gave the following error.
    Object literal may only specify known properties, and 'profile_id' does not exist in type '{ id?: string | undefined; name: string; slug: string; plan?: string | null | undefined; created_at?: string | null | undefined; updated_at?: string | null | undefined; } | { id?: string | undefined; org_id: string; user_id: string; role?: string | undefined; joined_at?: string | ... 1 more ... | undefined; } | ... ...'.
  Overload 2 of 2, '(values: ({ id?: string | undefined; name: string; slug: string; plan?: string | null | undefined; created_at?: string | null | undefined; updated_at?: string | null | undefined; } | { id?: string | undefined; org_id: string; user_id: string; role?: string | undefined; joined_at?: string | ... 1 more ... | undefined; } | ... 22 more ... | { ...; })[], options?: { ...; } | undefined): PostgrestFilterBuilder<...>', gave the following error.
    Object literal may only specify known properties, and 'profile_id' does not exist in type '({ id?: string | undefined; name: string; slug: string; plan?: string | null | undefined; created_at?: string | null | undefined; updated_at?: string | null | undefined; } | { id?: string | undefined; org_id: string; user_id: string; role?: string | undefined; joined_at?: string | ... 1 more ... | undefined; } | ......'.
src/app/api/job-hunt/applications/route.ts(187,13): error TS2769: No overload matches this call.
  Overload 1 of 2, '(relation: "events" | "memory" | "emergent_orgs" | "emergent_projects" | "sessions" | "profiles" | "feature_flags" | "feature_flag_webhooks" | "conversations" | "social_campaigns" | ... 14 more ... | "content_queue"): PostgrestQueryBuilder<...>', gave the following error.
    Argument of type '"job_hunt_profiles"' is not assignable to parameter of type '"events" | "memory" | "emergent_orgs" | "emergent_projects" | "sessions" | "profiles" | "feature_flags" | "feature_flag_webhooks" | "conversations" | "social_campaigns" | ... 14 more ... | "content_queue"'.
  Overload 2 of 2, '(relation: never): PostgrestQueryBuilder<{ PostgrestVersion: "13.0.5"; }, { Tables: { emergent_orgs: { Row: { id: string; name: string; slug: string; plan: string | null; created_at: string | null; updated_at: string | null; }; Insert: { ...; }; Update: { ...; }; Relationships: []; }; ... 23 more ...; content_queue: { ...; }; }; Views: {}; Functions: { ...; }; Enums: {}; CompositeTypes: {}; }, never, never, never>', gave the following error.
    Argument of type '"job_hunt_profiles"' is not assignable to parameter of type 'never'.
src/app/api/job-hunt/applications/route.ts(211,13): error TS2769: No overload matches this call.
  Overload 1 of 2, '(relation: "events" | "memory" | "emergent_orgs" | "emergent_projects" | "sessions" | "profiles" | "feature_flags" | "feature_flag_webhooks" | "conversations" | "social_campaigns" | ... 14 more ... | "content_queue"): PostgrestQueryBuilder<...>', gave the following error.
    Argument of type '"job_applications"' is not assignable to parameter of type '"events" | "memory" | "emergent_orgs" | "emergent_projects" | "sessions" | "profiles" | "feature_flags" | "feature_flag_webhooks" | "conversations" | "social_campaigns" | ... 14 more ... | "content_queue"'.
  Overload 2 of 2, '(relation: never): PostgrestQueryBuilder<{ PostgrestVersion: "13.0.5"; }, { Tables: { emergent_orgs: { Row: { id: string; name: string; slug: string; plan: string | null; created_at: string | null; updated_at: string | null; }; Insert: { ...; }; Update: { ...; }; Relationships: []; }; ... 23 more ...; content_queue: { ...; }; }; Views: {}; Functions: { ...; }; Enums: {}; CompositeTypes: {}; }, never, never, never>', gave the following error.
    Argument of type '"job_applications"' is not assignable to parameter of type 'never'.
src/app/api/job-hunt/applications/route.ts(229,13): error TS2769: No overload matches this call.
  Overload 1 of 2, '(relation: "events" | "memory" | "emergent_orgs" | "emergent_projects" | "sessions" | "profiles" | "feature_flags" | "feature_flag_webhooks" | "conversations" | "social_campaigns" | ... 14 more ... | "content_queue"): PostgrestQueryBuilder<...>', gave the following error.
    Argument of type '"job_applications"' is not assignable to parameter of type '"events" | "memory" | "emergent_orgs" | "emergent_projects" | "sessions" | "profiles" | "feature_flags" | "feature_flag_webhooks" | "conversations" | "social_campaigns" | ... 14 more ... | "content_queue"'.
  Overload 2 of 2, '(relation: never): PostgrestQueryBuilder<{ PostgrestVersion: "13.0.5"; }, { Tables: { emergent_orgs: { Row: { id: string; name: string; slug: string; plan: string | null; created_at: string | null; updated_at: string | null; }; Insert: { ...; }; Update: { ...; }; Relationships: []; }; ... 23 more ...; content_queue: { ...; }; }; Views: {}; Functions: { ...; }; Enums: {}; CompositeTypes: {}; }, never, never, never>', gave the following error.
    Argument of type '"job_applications"' is not assignable to parameter of type 'never'.
src/app/api/job-hunt/applications/route.ts(245,25): error TS2769: No overload matches this call.
  Overload 1 of 2, '(relation: "events" | "memory" | "emergent_orgs" | "emergent_projects" | "sessions" | "profiles" | "feature_flags" | "feature_flag_webhooks" | "conversations" | "social_campaigns" | ... 14 more ... | "content_queue"): PostgrestQueryBuilder<...>', gave the following error.
    Argument of type '"job_hunt_activities"' is not assignable to parameter of type '"events" | "memory" | "emergent_orgs" | "emergent_projects" | "sessions" | "profiles" | "feature_flags" | "feature_flag_webhooks" | "conversations" | "social_campaigns" | ... 14 more ... | "content_queue"'.
  Overload 2 of 2, '(relation: never): PostgrestQueryBuilder<{ PostgrestVersion: "13.0.5"; }, { Tables: { emergent_orgs: { Row: { id: string; name: string; slug: string; plan: string | null; created_at: string | null; updated_at: string | null; }; Insert: { ...; }; Update: { ...; }; Relationships: []; }; ... 23 more ...; content_queue: { ...; }; }; Views: {}; Functions: { ...; }; Enums: {}; CompositeTypes: {}; }, never, never, never>', gave the following error.
    Argument of type '"job_hunt_activities"' is not assignable to parameter of type 'never'.
src/app/api/job-hunt/applications/route.ts(246,7): error TS2769: No overload matches this call.
  Overload 1 of 2, '(values: { id?: string | undefined; name: string; slug: string; plan?: string | null | undefined; created_at?: string | null | undefined; updated_at?: string | null | undefined; } | { id?: string | undefined; org_id: string; user_id: string; role?: string | undefined; joined_at?: string | ... 1 more ... | undefined; } | ... 22 more ... | { ...; }, options?: { ...; } | undefined): PostgrestFilterBuilder<...>', gave the following error.
    Object literal may only specify known properties, and 'profile_id' does not exist in type '{ id?: string | undefined; name: string; slug: string; plan?: string | null | undefined; created_at?: string | null | undefined; updated_at?: string | null | undefined; } | { id?: string | undefined; org_id: string; user_id: string; role?: string | undefined; joined_at?: string | ... 1 more ... | undefined; } | ... ...'.
  Overload 2 of 2, '(values: ({ id?: string | undefined; name: string; slug: string; plan?: string | null | undefined; created_at?: string | null | undefined; updated_at?: string | null | undefined; } | { id?: string | undefined; org_id: string; user_id: string; role?: string | undefined; joined_at?: string | ... 1 more ... | undefined; } | ... 22 more ... | { ...; })[], options?: { ...; } | undefined): PostgrestFilterBuilder<...>', gave the following error.
    Object literal may only specify known properties, and 'profile_id' does not exist in type '({ id?: string | undefined; name: string; slug: string; plan?: string | null | undefined; created_at?: string | null | undefined; updated_at?: string | null | undefined; } | { id?: string | undefined; org_id: string; user_id: string; role?: string | undefined; joined_at?: string | ... 1 more ... | undefined; } | ......'.
src/app/api/job-hunt/applications/route.ts(251,38): error TS2339: Property 'status' does not exist on type 'SelectQueryError<"column 'status' does not exist on 'events'."> | SelectQueryError<"column 'status' does not exist on 'memory'."> | ... 22 more ... | SelectQueryError<...>'.
  Property 'status' does not exist on type 'SelectQueryError<"column 'status' does not exist on 'events'.">'.
src/app/api/job-hunt/applications/route.ts(253,30): error TS2339: Property 'company_name' does not exist on type 'SelectQueryError<"column 'status' does not exist on 'events'."> | SelectQueryError<"column 'status' does not exist on 'memory'."> | ... 22 more ... | SelectQueryError<...>'.
  Property 'company_name' does not exist on type 'SelectQueryError<"column 'status' does not exist on 'events'.">'.
src/app/api/job-hunt/applications/route.ts(253,58): error TS2339: Property 'company_name' does not exist on type '{ avatar_url: string | null; created_at: string | null; cubiqo_email: string | null; cubiqo_phone: string | null; display_name: string | null; email: string | null; handle: string | null; ... 4 more ...; updated_at: string | null; } | ... 23 more ... | { ...; }'.
  Property 'company_name' does not exist on type '{ avatar_url: string | null; created_at: string | null; cubiqo_email: string | null; cubiqo_phone: string | null; display_name: string | null; email: string | null; handle: string | null; ... 4 more ...; updated_at: string | null; }'.
src/app/api/job-hunt/dashboard/route.ts(27,13): error TS2769: No overload matches this call.
  Overload 1 of 2, '(relation: "events" | "memory" | "emergent_orgs" | "emergent_projects" | "sessions" | "profiles" | "feature_flags" | "feature_flag_webhooks" | "conversations" | "social_campaigns" | ... 14 more ... | "content_queue"): PostgrestQueryBuilder<...>', gave the following error.
    Argument of type '"job_hunt_profiles"' is not assignable to parameter of type '"events" | "memory" | "emergent_orgs" | "emergent_projects" | "sessions" | "profiles" | "feature_flags" | "feature_flag_webhooks" | "conversations" | "social_campaigns" | ... 14 more ... | "content_queue"'.
  Overload 2 of 2, '(relation: never): PostgrestQueryBuilder<{ PostgrestVersion: "13.0.5"; }, { Tables: { emergent_orgs: { Row: { id: string; name: string; slug: string; plan: string | null; created_at: string | null; updated_at: string | null; }; Insert: { ...; }; Update: { ...; }; Relationships: []; }; ... 23 more ...; content_queue: { ...; }; }; Views: {}; Functions: { ...; }; Enums: {}; CompositeTypes: {}; }, never, never, never>', gave the following error.
    Argument of type '"job_hunt_profiles"' is not assignable to parameter of type 'never'.
src/app/api/job-hunt/dashboard/route.ts(41,13): error TS2769: No overload matches this call.
  Overload 1 of 2, '(relation: "events" | "memory" | "emergent_orgs" | "emergent_projects" | "sessions" | "profiles" | "feature_flags" | "feature_flag_webhooks" | "conversations" | "social_campaigns" | ... 14 more ... | "content_queue"): PostgrestQueryBuilder<...>', gave the following error.
    Argument of type '"job_applications"' is not assignable to parameter of type '"events" | "memory" | "emergent_orgs" | "emergent_projects" | "sessions" | "profiles" | "feature_flags" | "feature_flag_webhooks" | "conversations" | "social_campaigns" | ... 14 more ... | "content_queue"'.
  Overload 2 of 2, '(relation: never): PostgrestQueryBuilder<{ PostgrestVersion: "13.0.5"; }, { Tables: { emergent_orgs: { Row: { id: string; name: string; slug: string; plan: string | null; created_at: string | null; updated_at: string | null; }; Insert: { ...; }; Update: { ...; }; Relationships: []; }; ... 23 more ...; content_queue: { ...; }; }; Views: {}; Functions: { ...; }; Enums: {}; CompositeTypes: {}; }, never, never, never>', gave the following error.
    Argument of type '"job_applications"' is not assignable to parameter of type 'never'.
src/app/api/job-hunt/dashboard/route.ts(47,13): error TS2769: No overload matches this call.
  Overload 1 of 2, '(relation: "events" | "memory" | "emergent_orgs" | "emergent_projects" | "sessions" | "profiles" | "feature_flags" | "feature_flag_webhooks" | "conversations" | "social_campaigns" | ... 14 more ... | "content_queue"): PostgrestQueryBuilder<...>', gave the following error.
    Argument of type '"job_applications"' is not assignable to parameter of type '"events" | "memory" | "emergent_orgs" | "emergent_projects" | "sessions" | "profiles" | "feature_flags" | "feature_flag_webhooks" | "conversations" | "social_campaigns" | ... 14 more ... | "content_queue"'.
  Overload 2 of 2, '(relation: never): PostgrestQueryBuilder<{ PostgrestVersion: "13.0.5"; }, { Tables: { emergent_orgs: { Row: { id: string; name: string; slug: string; plan: string | null; created_at: string | null; updated_at: string | null; }; Insert: { ...; }; Update: { ...; }; Relationships: []; }; ... 23 more ...; content_queue: { ...; }; }; Views: {}; Functions: { ...; }; Enums: {}; CompositeTypes: {}; }, never, never, never>', gave the following error.
    Argument of type '"job_applications"' is not assignable to parameter of type 'never'.
src/app/api/job-hunt/dashboard/route.ts(53,13): error TS2769: No overload matches this call.
  Overload 1 of 2, '(relation: "events" | "memory" | "emergent_orgs" | "emergent_projects" | "sessions" | "profiles" | "feature_flags" | "feature_flag_webhooks" | "conversations" | "social_campaigns" | ... 14 more ... | "content_queue"): PostgrestQueryBuilder<...>', gave the following error.
    Argument of type '"job_applications"' is not assignable to parameter of type '"events" | "memory" | "emergent_orgs" | "emergent_projects" | "sessions" | "profiles" | "feature_flags" | "feature_flag_webhooks" | "conversations" | "social_campaigns" | ... 14 more ... | "content_queue"'.
  Overload 2 of 2, '(relation: never): PostgrestQueryBuilder<{ PostgrestVersion: "13.0.5"; }, { Tables: { emergent_orgs: { Row: { id: string; name: string; slug: string; plan: string | null; created_at: string | null; updated_at: string | null; }; Insert: { ...; }; Update: { ...; }; Relationships: []; }; ... 23 more ...; content_queue: { ...; }; }; Views: {}; Functions: { ...; }; Enums: {}; CompositeTypes: {}; }, never, never, never>', gave the following error.
    Argument of type '"job_applications"' is not assignable to parameter of type 'never'.
src/app/api/job-hunt/dashboard/route.ts(59,13): error TS2769: No overload matches this call.
  Overload 1 of 2, '(relation: "events" | "memory" | "emergent_orgs" | "emergent_projects" | "sessions" | "profiles" | "feature_flags" | "feature_flag_webhooks" | "conversations" | "social_campaigns" | ... 14 more ... | "content_queue"): PostgrestQueryBuilder<...>', gave the following error.
    Argument of type '"job_applications"' is not assignable to parameter of type '"events" | "memory" | "emergent_orgs" | "emergent_projects" | "sessions" | "profiles" | "feature_flags" | "feature_flag_webhooks" | "conversations" | "social_campaigns" | ... 14 more ... | "content_queue"'.
  Overload 2 of 2, '(relation: never): PostgrestQueryBuilder<{ PostgrestVersion: "13.0.5"; }, { Tables: { emergent_orgs: { Row: { id: string; name: string; slug: string; plan: string | null; created_at: string | null; updated_at: string | null; }; Insert: { ...; }; Update: { ...; }; Relationships: []; }; ... 23 more ...; content_queue: { ...; }; }; Views: {}; Functions: { ...; }; Enums: {}; CompositeTypes: {}; }, never, never, never>', gave the following error.
    Argument of type '"job_applications"' is not assignable to parameter of type 'never'.
src/app/api/job-hunt/dashboard/route.ts(65,13): error TS2769: No overload matches this call.
  Overload 1 of 2, '(relation: "events" | "memory" | "emergent_orgs" | "emergent_projects" | "sessions" | "profiles" | "feature_flags" | "feature_flag_webhooks" | "conversations" | "social_campaigns" | ... 14 more ... | "content_queue"): PostgrestQueryBuilder<...>', gave the following error.
    Argument of type '"job_applications"' is not assignable to parameter of type '"events" | "memory" | "emergent_orgs" | "emergent_projects" | "sessions" | "profiles" | "feature_flags" | "feature_flag_webhooks" | "conversations" | "social_campaigns" | ... 14 more ... | "content_queue"'.
  Overload 2 of 2, '(relation: never): PostgrestQueryBuilder<{ PostgrestVersion: "13.0.5"; }, { Tables: { emergent_orgs: { Row: { id: string; name: string; slug: string; plan: string | null; created_at: string | null; updated_at: string | null; }; Insert: { ...; }; Update: { ...; }; Relationships: []; }; ... 23 more ...; content_queue: { ...; }; }; Views: {}; Functions: { ...; }; Enums: {}; CompositeTypes: {}; }, never, never, never>', gave the following error.
    Argument of type '"job_applications"' is not assignable to parameter of type 'never'.
src/app/api/job-hunt/dashboard/route.ts(71,13): error TS2769: No overload matches this call.
  Overload 1 of 2, '(relation: "events" | "memory" | "emergent_orgs" | "emergent_projects" | "sessions" | "profiles" | "feature_flags" | "feature_flag_webhooks" | "conversations" | "social_campaigns" | ... 14 more ... | "content_queue"): PostgrestQueryBuilder<...>', gave the following error.
    Argument of type '"job_applications"' is not assignable to parameter of type '"events" | "memory" | "emergent_orgs" | "emergent_projects" | "sessions" | "profiles" | "feature_flags" | "feature_flag_webhooks" | "conversations" | "social_campaigns" | ... 14 more ... | "content_queue"'.
  Overload 2 of 2, '(relation: never): PostgrestQueryBuilder<{ PostgrestVersion: "13.0.5"; }, { Tables: { emergent_orgs: { Row: { id: string; name: string; slug: string; plan: string | null; created_at: string | null; updated_at: string | null; }; Insert: { ...; }; Update: { ...; }; Relationships: []; }; ... 23 more ...; content_queue: { ...; }; }; Views: {}; Functions: { ...; }; Enums: {}; CompositeTypes: {}; }, never, never, never>', gave the following error.
    Argument of type '"job_applications"' is not assignable to parameter of type 'never'.
src/app/api/job-hunt/dashboard/route.ts(78,13): error TS2769: No overload matches this call.
  Overload 1 of 2, '(relation: "events" | "memory" | "emergent_orgs" | "emergent_projects" | "sessions" | "profiles" | "feature_flags" | "feature_flag_webhooks" | "conversations" | "social_campaigns" | ... 14 more ... | "content_queue"): PostgrestQueryBuilder<...>', gave the following error.
    Argument of type '"job_hunt_activities"' is not assignable to parameter of type '"events" | "memory" | "emergent_orgs" | "emergent_projects" | "sessions" | "profiles" | "feature_flags" | "feature_flag_webhooks" | "conversations" | "social_campaigns" | ... 14 more ... | "content_queue"'.
  Overload 2 of 2, '(relation: never): PostgrestQueryBuilder<{ PostgrestVersion: "13.0.5"; }, { Tables: { emergent_orgs: { Row: { id: string; name: string; slug: string; plan: string | null; created_at: string | null; updated_at: string | null; }; Insert: { ...; }; Update: { ...; }; Relationships: []; }; ... 23 more ...; content_queue: { ...; }; }; Views: {}; Functions: { ...; }; Enums: {}; CompositeTypes: {}; }, never, never, never>', gave the following error.
    Argument of type '"job_hunt_activities"' is not assignable to parameter of type 'never'.
src/app/api/job-hunt/dashboard/route.ts(87,13): error TS2769: No overload matches this call.
  Overload 1 of 2, '(relation: "events" | "memory" | "emergent_orgs" | "emergent_projects" | "sessions" | "profiles" | "feature_flags" | "feature_flag_webhooks" | "conversations" | "social_campaigns" | ... 14 more ... | "content_queue"): PostgrestQueryBuilder<...>', gave the following error.
    Argument of type '"job_applications"' is not assignable to parameter of type '"events" | "memory" | "emergent_orgs" | "emergent_projects" | "sessions" | "profiles" | "feature_flags" | "feature_flag_webhooks" | "conversations" | "social_campaigns" | ... 14 more ... | "content_queue"'.
  Overload 2 of 2, '(relation: never): PostgrestQueryBuilder<{ PostgrestVersion: "13.0.5"; }, { Tables: { emergent_orgs: { Row: { id: string; name: string; slug: string; plan: string | null; created_at: string | null; updated_at: string | null; }; Insert: { ...; }; Update: { ...; }; Relationships: []; }; ... 23 more ...; content_queue: { ...; }; }; Views: {}; Functions: { ...; }; Enums: {}; CompositeTypes: {}; }, never, never, never>', gave the following error.
    Argument of type '"job_applications"' is not assignable to parameter of type 'never'.
src/app/api/job-hunt/dashboard/route.ts(91,67): error TS2339: Property 'platform' does not exist on type 'SelectQueryError<"column 'platform' does not exist on 'events'."> | SelectQueryError<"column 'platform' does not exist on 'memory'."> | ... 22 more ... | SelectQueryError<...>'.
  Property 'platform' does not exist on type 'SelectQueryError<"column 'platform' does not exist on 'events'.">'.
src/app/api/job-hunt/dashboard/route.ts(95,13): error TS2769: No overload matches this call.
  Overload 1 of 2, '(relation: "events" | "memory" | "emergent_orgs" | "emergent_projects" | "sessions" | "profiles" | "feature_flags" | "feature_flag_webhooks" | "conversations" | "social_campaigns" | ... 14 more ... | "content_queue"): PostgrestQueryBuilder<...>', gave the following error.
    Argument of type '"job_hunt_activities"' is not assignable to parameter of type '"events" | "memory" | "emergent_orgs" | "emergent_projects" | "sessions" | "profiles" | "feature_flags" | "feature_flag_webhooks" | "conversations" | "social_campaigns" | ... 14 more ... | "content_queue"'.
  Overload 2 of 2, '(relation: never): PostgrestQueryBuilder<{ PostgrestVersion: "13.0.5"; }, { Tables: { emergent_orgs: { Row: { id: string; name: string; slug: string; plan: string | null; created_at: string | null; updated_at: string | null; }; Insert: { ...; }; Update: { ...; }; Relationships: []; }; ... 23 more ...; content_queue: { ...; }; }; Views: {}; Functions: { ...; }; Enums: {}; CompositeTypes: {}; }, never, never, never>', gave the following error.
    Argument of type '"job_hunt_activities"' is not assignable to parameter of type 'never'.
src/app/api/job-hunt/dashboard/route.ts(103,13): error TS2769: No overload matches this call.
  Overload 1 of 2, '(relation: "events" | "memory" | "emergent_orgs" | "emergent_projects" | "sessions" | "profiles" | "feature_flags" | "feature_flag_webhooks" | "conversations" | "social_campaigns" | ... 14 more ... | "content_queue"): PostgrestQueryBuilder<...>', gave the following error.
    Argument of type '"job_hunt_questions"' is not assignable to parameter of type '"events" | "memory" | "emergent_orgs" | "emergent_projects" | "sessions" | "profiles" | "feature_flags" | "feature_flag_webhooks" | "conversations" | "social_campaigns" | ... 14 more ... | "content_queue"'.
  Overload 2 of 2, '(relation: never): PostgrestQueryBuilder<{ PostgrestVersion: "13.0.5"; }, { Tables: { emergent_orgs: { Row: { id: string; name: string; slug: string; plan: string | null; created_at: string | null; updated_at: string | null; }; Insert: { ...; }; Update: { ...; }; Relationships: []; }; ... 23 more ...; content_queue: { ...; }; }; Views: {}; Functions: { ...; }; Enums: {}; CompositeTypes: {}; }, never, never, never>', gave the following error.
    Argument of type '"job_hunt_questions"' is not assignable to parameter of type 'never'.
src/app/api/job-hunt/dashboard/route.ts(116,36): error TS2339: Property 'created_at' does not exist on type 'SelectQueryError<"column 'created_at' does not exist on 'events'."> | SelectQueryError<"column 'created_at' does not exist on 'memory'."> | ... 22 more ... | SelectQueryError<...>'.
  Property 'created_at' does not exist on type 'SelectQueryError<"column 'created_at' does not exist on 'events'.">'.
src/app/api/job-hunt/profile/route.ts(27,13): error TS2769: No overload matches this call.
  Overload 1 of 2, '(relation: "events" | "memory" | "emergent_orgs" | "emergent_projects" | "sessions" | "profiles" | "feature_flags" | "feature_flag_webhooks" | "conversations" | "social_campaigns" | ... 14 more ... | "content_queue"): PostgrestQueryBuilder<...>', gave the following error.
    Argument of type '"job_hunt_profiles"' is not assignable to parameter of type '"events" | "memory" | "emergent_orgs" | "emergent_projects" | "sessions" | "profiles" | "feature_flags" | "feature_flag_webhooks" | "conversations" | "social_campaigns" | ... 14 more ... | "content_queue"'.
  Overload 2 of 2, '(relation: never): PostgrestQueryBuilder<{ PostgrestVersion: "13.0.5"; }, { Tables: { emergent_orgs: { Row: { id: string; name: string; slug: string; plan: string | null; created_at: string | null; updated_at: string | null; }; Insert: { ...; }; Update: { ...; }; Relationships: []; }; ... 23 more ...; content_queue: { ...; }; }; Views: {}; Functions: { ...; }; Enums: {}; CompositeTypes: {}; }, never, never, never>', gave the following error.
    Argument of type '"job_hunt_profiles"' is not assignable to parameter of type 'never'.
src/app/api/job-hunt/profile/route.ts(85,13): error TS2769: No overload matches this call.
  Overload 1 of 2, '(relation: "events" | "memory" | "emergent_orgs" | "emergent_projects" | "sessions" | "profiles" | "feature_flags" | "feature_flag_webhooks" | "conversations" | "social_campaigns" | ... 14 more ... | "content_queue"): PostgrestQueryBuilder<...>', gave the following error.
    Argument of type '"job_hunt_profiles"' is not assignable to parameter of type '"events" | "memory" | "emergent_orgs" | "emergent_projects" | "sessions" | "profiles" | "feature_flags" | "feature_flag_webhooks" | "conversations" | "social_campaigns" | ... 14 more ... | "content_queue"'.
  Overload 2 of 2, '(relation: never): PostgrestQueryBuilder<{ PostgrestVersion: "13.0.5"; }, { Tables: { emergent_orgs: { Row: { id: string; name: string; slug: string; plan: string | null; created_at: string | null; updated_at: string | null; }; Insert: { ...; }; Update: { ...; }; Relationships: []; }; ... 23 more ...; content_queue: { ...; }; }; Views: {}; Functions: { ...; }; Enums: {}; CompositeTypes: {}; }, never, never, never>', gave the following error.
    Argument of type '"job_hunt_profiles"' is not assignable to parameter of type 'never'.
src/app/api/job-hunt/profile/route.ts(99,13): error TS2769: No overload matches this call.
  Overload 1 of 2, '(relation: "events" | "memory" | "emergent_orgs" | "emergent_projects" | "sessions" | "profiles" | "feature_flags" | "feature_flag_webhooks" | "conversations" | "social_campaigns" | ... 14 more ... | "content_queue"): PostgrestQueryBuilder<...>', gave the following error.
    Argument of type '"job_hunt_profiles"' is not assignable to parameter of type '"events" | "memory" | "emergent_orgs" | "emergent_projects" | "sessions" | "profiles" | "feature_flags" | "feature_flag_webhooks" | "conversations" | "social_campaigns" | ... 14 more ... | "content_queue"'.
  Overload 2 of 2, '(relation: never): PostgrestQueryBuilder<{ PostgrestVersion: "13.0.5"; }, { Tables: { emergent_orgs: { Row: { id: string; name: string; slug: string; plan: string | null; created_at: string | null; updated_at: string | null; }; Insert: { ...; }; Update: { ...; }; Relationships: []; }; ... 23 more ...; content_queue: { ...; }; }; Views: {}; Functions: { ...; }; Enums: {}; CompositeTypes: {}; }, never, never, never>', gave the following error.
    Argument of type '"job_hunt_profiles"' is not assignable to parameter of type 'never'.
src/app/api/job-hunt/profile/route.ts(103,32): error TS2339: Property 'target_companies' does not exist on type 'CreateJobHuntProfileRequest'.
src/app/api/job-hunt/profile/route.ts(129,25): error TS2769: No overload matches this call.
  Overload 1 of 2, '(relation: "events" | "memory" | "emergent_orgs" | "emergent_projects" | "sessions" | "profiles" | "feature_flags" | "feature_flag_webhooks" | "conversations" | "social_campaigns" | ... 14 more ... | "content_queue"): PostgrestQueryBuilder<...>', gave the following error.
    Argument of type '"job_hunt_activities"' is not assignable to parameter of type '"events" | "memory" | "emergent_orgs" | "emergent_projects" | "sessions" | "profiles" | "feature_flags" | "feature_flag_webhooks" | "conversations" | "social_campaigns" | ... 14 more ... | "content_queue"'.
  Overload 2 of 2, '(relation: never): PostgrestQueryBuilder<{ PostgrestVersion: "13.0.5"; }, { Tables: { emergent_orgs: { Row: { id: string; name: string; slug: string; plan: string | null; created_at: string | null; updated_at: string | null; }; Insert: { ...; }; Update: { ...; }; Relationships: []; }; ... 23 more ...; content_queue: { ...; }; }; Views: {}; Functions: { ...; }; Enums: {}; CompositeTypes: {}; }, never, never, never>', gave the following error.
    Argument of type '"job_hunt_activities"' is not assignable to parameter of type 'never'.
src/app/api/job-hunt/profile/route.ts(130,7): error TS2769: No overload matches this call.
  Overload 1 of 2, '(values: { id?: string | undefined; name: string; slug: string; plan?: string | null | undefined; created_at?: string | null | undefined; updated_at?: string | null | undefined; } | { id?: string | undefined; org_id: string; user_id: string; role?: string | undefined; joined_at?: string | ... 1 more ... | undefined; } | ... 22 more ... | { ...; }, options?: { ...; } | undefined): PostgrestFilterBuilder<...>', gave the following error.
    Object literal may only specify known properties, and 'profile_id' does not exist in type '{ id?: string | undefined; name: string; slug: string; plan?: string | null | undefined; created_at?: string | null | undefined; updated_at?: string | null | undefined; } | { id?: string | undefined; org_id: string; user_id: string; role?: string | undefined; joined_at?: string | ... 1 more ... | undefined; } | ... ...'.
  Overload 2 of 2, '(values: ({ id?: string | undefined; name: string; slug: string; plan?: string | null | undefined; created_at?: string | null | undefined; updated_at?: string | null | undefined; } | { id?: string | undefined; org_id: string; user_id: string; role?: string | undefined; joined_at?: string | ... 1 more ... | undefined; } | ... 22 more ... | { ...; })[], options?: { ...; } | undefined): PostgrestFilterBuilder<...>', gave the following error.
    Object literal may only specify known properties, and 'profile_id' does not exist in type '({ id?: string | undefined; name: string; slug: string; plan?: string | null | undefined; created_at?: string | null | undefined; updated_at?: string | null | undefined; } | { id?: string | undefined; org_id: string; user_id: string; role?: string | undefined; joined_at?: string | ... 1 more ... | undefined; } | ......'.
src/app/api/job-hunt/profile/route.ts(166,13): error TS2769: No overload matches this call.
  Overload 1 of 2, '(relation: "events" | "memory" | "emergent_orgs" | "emergent_projects" | "sessions" | "profiles" | "feature_flags" | "feature_flag_webhooks" | "conversations" | "social_campaigns" | ... 14 more ... | "content_queue"): PostgrestQueryBuilder<...>', gave the following error.
    Argument of type '"job_hunt_profiles"' is not assignable to parameter of type '"events" | "memory" | "emergent_orgs" | "emergent_projects" | "sessions" | "profiles" | "feature_flags" | "feature_flag_webhooks" | "conversations" | "social_campaigns" | ... 14 more ... | "content_queue"'.
  Overload 2 of 2, '(relation: never): PostgrestQueryBuilder<{ PostgrestVersion: "13.0.5"; }, { Tables: { emergent_orgs: { Row: { id: string; name: string; slug: string; plan: string | null; created_at: string | null; updated_at: string | null; }; Insert: { ...; }; Update: { ...; }; Relationships: []; }; ... 23 more ...; content_queue: { ...; }; }; Views: {}; Functions: { ...; }; Enums: {}; CompositeTypes: {}; }, never, never, never>', gave the following error.
    Argument of type '"job_hunt_profiles"' is not assignable to parameter of type 'never'.
src/app/api/job-hunt/profile/route.ts(182,14): error TS2339: Property 'target_companies' does not exist on type 'Partial<CreateJobHuntProfileRequest>'.
src/app/api/job-hunt/profile/route.ts(182,81): error TS2339: Property 'target_companies' does not exist on type 'Partial<CreateJobHuntProfileRequest>'.
src/app/api/job-hunt/profile/route.ts(195,13): error TS2769: No overload matches this call.
  Overload 1 of 2, '(relation: "events" | "memory" | "emergent_orgs" | "emergent_projects" | "sessions" | "profiles" | "feature_flags" | "feature_flag_webhooks" | "conversations" | "social_campaigns" | ... 14 more ... | "content_queue"): PostgrestQueryBuilder<...>', gave the following error.
    Argument of type '"job_hunt_profiles"' is not assignable to parameter of type '"events" | "memory" | "emergent_orgs" | "emergent_projects" | "sessions" | "profiles" | "feature_flags" | "feature_flag_webhooks" | "conversations" | "social_campaigns" | ... 14 more ... | "content_queue"'.
  Overload 2 of 2, '(relation: never): PostgrestQueryBuilder<{ PostgrestVersion: "13.0.5"; }, { Tables: { emergent_orgs: { Row: { id: string; name: string; slug: string; plan: string | null; created_at: string | null; updated_at: string | null; }; Insert: { ...; }; Update: { ...; }; Relationships: []; }; ... 23 more ...; content_queue: { ...; }; }; Views: {}; Functions: { ...; }; Enums: {}; CompositeTypes: {}; }, never, never, never>', gave the following error.
    Argument of type '"job_hunt_profiles"' is not assignable to parameter of type 'never'.
src/app/api/job-hunt/profile/route.ts(210,25): error TS2769: No overload matches this call.
  Overload 1 of 2, '(relation: "events" | "memory" | "emergent_orgs" | "emergent_projects" | "sessions" | "profiles" | "feature_flags" | "feature_flag_webhooks" | "conversations" | "social_campaigns" | ... 14 more ... | "content_queue"): PostgrestQueryBuilder<...>', gave the following error.
    Argument of type '"job_hunt_activities"' is not assignable to parameter of type '"events" | "memory" | "emergent_orgs" | "emergent_projects" | "sessions" | "profiles" | "feature_flags" | "feature_flag_webhooks" | "conversations" | "social_campaigns" | ... 14 more ... | "content_queue"'.
  Overload 2 of 2, '(relation: never): PostgrestQueryBuilder<{ PostgrestVersion: "13.0.5"; }, { Tables: { emergent_orgs: { Row: { id: string; name: string; slug: string; plan: string | null; created_at: string | null; updated_at: string | null; }; Insert: { ...; }; Update: { ...; }; Relationships: []; }; ... 23 more ...; content_queue: { ...; }; }; Views: {}; Functions: { ...; }; Enums: {}; CompositeTypes: {}; }, never, never, never>', gave the following error.
    Argument of type '"job_hunt_activities"' is not assignable to parameter of type 'never'.
src/app/api/job-hunt/profile/route.ts(211,7): error TS2769: No overload matches this call.
  Overload 1 of 2, '(values: { id?: string | undefined; name: string; slug: string; plan?: string | null | undefined; created_at?: string | null | undefined; updated_at?: string | null | undefined; } | { id?: string | undefined; org_id: string; user_id: string; role?: string | undefined; joined_at?: string | ... 1 more ... | undefined; } | ... 22 more ... | { ...; }, options?: { ...; } | undefined): PostgrestFilterBuilder<...>', gave the following error.
    Object literal may only specify known properties, and 'profile_id' does not exist in type '{ id?: string | undefined; name: string; slug: string; plan?: string | null | undefined; created_at?: string | null | undefined; updated_at?: string | null | undefined; } | { id?: string | undefined; org_id: string; user_id: string; role?: string | undefined; joined_at?: string | ... 1 more ... | undefined; } | ... ...'.
  Overload 2 of 2, '(values: ({ id?: string | undefined; name: string; slug: string; plan?: string | null | undefined; created_at?: string | null | undefined; updated_at?: string | null | undefined; } | { id?: string | undefined; org_id: string; user_id: string; role?: string | undefined; joined_at?: string | ... 1 more ... | undefined; } | ... 22 more ... | { ...; })[], options?: { ...; } | undefined): PostgrestFilterBuilder<...>', gave the following error.
    Object literal may only specify known properties, and 'profile_id' does not exist in type '({ id?: string | undefined; name: string; slug: string; plan?: string | null | undefined; created_at?: string | null | undefined; updated_at?: string | null | undefined; } | { id?: string | undefined; org_id: string; user_id: string; role?: string | undefined; joined_at?: string | ... 1 more ... | undefined; } | ......'.
src/app/api/job-hunt/profile/route.ts(244,13): error TS2769: No overload matches this call.
  Overload 1 of 2, '(relation: "events" | "memory" | "emergent_orgs" | "emergent_projects" | "sessions" | "profiles" | "feature_flags" | "feature_flag_webhooks" | "conversations" | "social_campaigns" | ... 14 more ... | "content_queue"): PostgrestQueryBuilder<...>', gave the following error.
    Argument of type '"job_hunt_profiles"' is not assignable to parameter of type '"events" | "memory" | "emergent_orgs" | "emergent_projects" | "sessions" | "profiles" | "feature_flags" | "feature_flag_webhooks" | "conversations" | "social_campaigns" | ... 14 more ... | "content_queue"'.
  Overload 2 of 2, '(relation: never): PostgrestQueryBuilder<{ PostgrestVersion: "13.0.5"; }, { Tables: { emergent_orgs: { Row: { id: string; name: string; slug: string; plan: string | null; created_at: string | null; updated_at: string | null; }; Insert: { ...; }; Update: { ...; }; Relationships: []; }; ... 23 more ...; content_queue: { ...; }; }; Views: {}; Functions: { ...; }; Enums: {}; CompositeTypes: {}; }, never, never, never>', gave the following error.
    Argument of type '"job_hunt_profiles"' is not assignable to parameter of type 'never'.
src/app/api/job-hunt/questions/route.ts(27,13): error TS2769: No overload matches this call.
  Overload 1 of 2, '(relation: "events" | "memory" | "emergent_orgs" | "emergent_projects" | "sessions" | "profiles" | "feature_flags" | "feature_flag_webhooks" | "conversations" | "social_campaigns" | ... 14 more ... | "content_queue"): PostgrestQueryBuilder<...>', gave the following error.
    Argument of type '"job_hunt_profiles"' is not assignable to parameter of type '"events" | "memory" | "emergent_orgs" | "emergent_projects" | "sessions" | "profiles" | "feature_flags" | "feature_flag_webhooks" | "conversations" | "social_campaigns" | ... 14 more ... | "content_queue"'.
  Overload 2 of 2, '(relation: never): PostgrestQueryBuilder<{ PostgrestVersion: "13.0.5"; }, { Tables: { emergent_orgs: { Row: { id: string; name: string; slug: string; plan: string | null; created_at: string | null; updated_at: string | null; }; Insert: { ...; }; Update: { ...; }; Relationships: []; }; ... 23 more ...; content_queue: { ...; }; }; Views: {}; Functions: { ...; }; Enums: {}; CompositeTypes: {}; }, never, never, never>', gave the following error.
    Argument of type '"job_hunt_profiles"' is not assignable to parameter of type 'never'.
src/app/api/job-hunt/questions/route.ts(41,13): error TS2769: No overload matches this call.
  Overload 1 of 2, '(relation: "events" | "memory" | "emergent_orgs" | "emergent_projects" | "sessions" | "profiles" | "feature_flags" | "feature_flag_webhooks" | "conversations" | "social_campaigns" | ... 14 more ... | "content_queue"): PostgrestQueryBuilder<...>', gave the following error.
    Argument of type '"job_hunt_questions"' is not assignable to parameter of type '"events" | "memory" | "emergent_orgs" | "emergent_projects" | "sessions" | "profiles" | "feature_flags" | "feature_flag_webhooks" | "conversations" | "social_campaigns" | ... 14 more ... | "content_queue"'.
  Overload 2 of 2, '(relation: never): PostgrestQueryBuilder<{ PostgrestVersion: "13.0.5"; }, { Tables: { emergent_orgs: { Row: { id: string; name: string; slug: string; plan: string | null; created_at: string | null; updated_at: string | null; }; Insert: { ...; }; Update: { ...; }; Relationships: []; }; ... 23 more ...; content_queue: { ...; }; }; Views: {}; Functions: { ...; }; Enums: {}; CompositeTypes: {}; }, never, never, never>', gave the following error.
    Argument of type '"job_hunt_questions"' is not assignable to parameter of type 'never'.
src/app/api/job-hunt/questions/route.ts(81,13): error TS2769: No overload matches this call.
  Overload 1 of 2, '(relation: "events" | "memory" | "emergent_orgs" | "emergent_projects" | "sessions" | "profiles" | "feature_flags" | "feature_flag_webhooks" | "conversations" | "social_campaigns" | ... 14 more ... | "content_queue"): PostgrestQueryBuilder<...>', gave the following error.
    Argument of type '"job_hunt_profiles"' is not assignable to parameter of type '"events" | "memory" | "emergent_orgs" | "emergent_projects" | "sessions" | "profiles" | "feature_flags" | "feature_flag_webhooks" | "conversations" | "social_campaigns" | ... 14 more ... | "content_queue"'.
  Overload 2 of 2, '(relation: never): PostgrestQueryBuilder<{ PostgrestVersion: "13.0.5"; }, { Tables: { emergent_orgs: { Row: { id: string; name: string; slug: string; plan: string | null; created_at: string | null; updated_at: string | null; }; Insert: { ...; }; Update: { ...; }; Relationships: []; }; ... 23 more ...; content_queue: { ...; }; }; Views: {}; Functions: { ...; }; Enums: {}; CompositeTypes: {}; }, never, never, never>', gave the following error.
    Argument of type '"job_hunt_profiles"' is not assignable to parameter of type 'never'.
src/app/api/job-hunt/questions/route.ts(114,13): error TS2769: No overload matches this call.
  Overload 1 of 2, '(relation: "events" | "memory" | "emergent_orgs" | "emergent_projects" | "sessions" | "profiles" | "feature_flags" | "feature_flag_webhooks" | "conversations" | "social_campaigns" | ... 14 more ... | "content_queue"): PostgrestQueryBuilder<...>', gave the following error.
    Argument of type '"job_hunt_questions"' is not assignable to parameter of type '"events" | "memory" | "emergent_orgs" | "emergent_projects" | "sessions" | "profiles" | "feature_flags" | "feature_flag_webhooks" | "conversations" | "social_campaigns" | ... 14 more ... | "content_queue"'.
  Overload 2 of 2, '(relation: never): PostgrestQueryBuilder<{ PostgrestVersion: "13.0.5"; }, { Tables: { emergent_orgs: { Row: { id: string; name: string; slug: string; plan: string | null; created_at: string | null; updated_at: string | null; }; Insert: { ...; }; Update: { ...; }; Relationships: []; }; ... 23 more ...; content_queue: { ...; }; }; Views: {}; Functions: { ...; }; Enums: {}; CompositeTypes: {}; }, never, never, never>', gave the following error.
    Argument of type '"job_hunt_questions"' is not assignable to parameter of type 'never'.
src/app/api/job-hunt/questions/route.ts(115,15): error TS2769: No overload matches this call.
  Overload 1 of 2, '(values: { id?: string | undefined; name: string; slug: string; plan?: string | null | undefined; created_at?: string | null | undefined; updated_at?: string | null | undefined; } | { id?: string | undefined; org_id: string; user_id: string; role?: string | undefined; joined_at?: string | ... 1 more ... | undefined; } | ... 22 more ... | { ...; }, options?: { ...; } | undefined): PostgrestFilterBuilder<...>', gave the following error.
    Argument of type '{ profile_id: string; question_key: string; question_text: string; answer: string; answer_type: "text"; metadata: {}; }[]' is not assignable to parameter of type '{ id?: string | undefined; name: string; slug: string; plan?: string | null | undefined; created_at?: string | null | undefined; updated_at?: string | null | undefined; } | { id?: string | undefined; org_id: string; user_id: string; role?: string | undefined; joined_at?: string | ... 1 more ... | undefined; } | ... ...'.
  Overload 2 of 2, '(values: ({ id?: string | undefined; name: string; slug: string; plan?: string | null | undefined; created_at?: string | null | undefined; updated_at?: string | null | undefined; } | { id?: string | undefined; org_id: string; user_id: string; role?: string | undefined; joined_at?: string | ... 1 more ... | undefined; } | ... 22 more ... | { ...; })[], options?: { ...; } | undefined): PostgrestFilterBuilder<...>', gave the following error.
    Argument of type '{ profile_id: string; question_key: string; question_text: string; answer: string; answer_type: "text"; metadata: {}; }[]' is not assignable to parameter of type '({ id?: string | undefined; name: string; slug: string; plan?: string | null | undefined; created_at?: string | null | undefined; updated_at?: string | null | undefined; } | { id?: string | undefined; org_id: string; user_id: string; role?: string | undefined; joined_at?: string | ... 1 more ... | undefined; } | ......'.
      Type '{ profile_id: string; question_key: string; question_text: string; answer: string; answer_type: "text"; metadata: {}; }' is not assignable to type '{ id?: string | undefined; name: string; slug: string; plan?: string | null | undefined; created_at?: string | null | undefined; updated_at?: string | null | undefined; } | { id?: string | undefined; org_id: string; user_id: string; role?: string | undefined; joined_at?: string | ... 1 more ... | undefined; } | ... ...'.
        Type '{ profile_id: string; question_key: string; question_text: string; answer: string; answer_type: "text"; metadata: {}; }' is missing the following properties from type '{ id?: string | undefined; flag_id?: string | null | undefined; flag_name: string; action: string; changed_by?: string | null | undefined; changes?: Json | undefined; metadata?: Json | undefined; created_at?: string | undefined; }': flag_name, action
src/app/api/job-hunt/reports/route.ts(27,13): error TS2769: No overload matches this call.
  Overload 1 of 2, '(relation: "events" | "memory" | "emergent_orgs" | "emergent_projects" | "sessions" | "profiles" | "feature_flags" | "feature_flag_webhooks" | "conversations" | "social_campaigns" | ... 14 more ... | "content_queue"): PostgrestQueryBuilder<...>', gave the following error.
    Argument of type '"job_hunt_profiles"' is not assignable to parameter of type '"events" | "memory" | "emergent_orgs" | "emergent_projects" | "sessions" | "profiles" | "feature_flags" | "feature_flag_webhooks" | "conversations" | "social_campaigns" | ... 14 more ... | "content_queue"'.
  Overload 2 of 2, '(relation: never): PostgrestQueryBuilder<{ PostgrestVersion: "13.0.5"; }, { Tables: { emergent_orgs: { Row: { id: string; name: string; slug: string; plan: string | null; created_at: string | null; updated_at: string | null; }; Insert: { ...; }; Update: { ...; }; Relationships: []; }; ... 23 more ...; content_queue: { ...; }; }; Views: {}; Functions: { ...; }; Enums: {}; CompositeTypes: {}; }, never, never, never>', gave the following error.
    Argument of type '"job_hunt_profiles"' is not assignable to parameter of type 'never'.
src/app/api/job-hunt/reports/route.ts(46,13): error TS2769: No overload matches this call.
  Overload 1 of 2, '(relation: "events" | "memory" | "emergent_orgs" | "emergent_projects" | "sessions" | "profiles" | "feature_flags" | "feature_flag_webhooks" | "conversations" | "social_campaigns" | ... 14 more ... | "content_queue"): PostgrestQueryBuilder<...>', gave the following error.
    Argument of type '"job_hunt_reports"' is not assignable to parameter of type '"events" | "memory" | "emergent_orgs" | "emergent_projects" | "sessions" | "profiles" | "feature_flags" | "feature_flag_webhooks" | "conversations" | "social_campaigns" | ... 14 more ... | "content_queue"'.
  Overload 2 of 2, '(relation: never): PostgrestQueryBuilder<{ PostgrestVersion: "13.0.5"; }, { Tables: { emergent_orgs: { Row: { id: string; name: string; slug: string; plan: string | null; created_at: string | null; updated_at: string | null; }; Insert: { ...; }; Update: { ...; }; Relationships: []; }; ... 23 more ...; content_queue: { ...; }; }; Views: {}; Functions: { ...; }; Enums: {}; CompositeTypes: {}; }, never, never, never>', gave the following error.
    Argument of type '"job_hunt_reports"' is not assignable to parameter of type 'never'.
src/app/api/job-hunt/reports/route.ts(87,13): error TS2769: No overload matches this call.
  Overload 1 of 2, '(relation: "events" | "memory" | "emergent_orgs" | "emergent_projects" | "sessions" | "profiles" | "feature_flags" | "feature_flag_webhooks" | "conversations" | "social_campaigns" | ... 14 more ... | "content_queue"): PostgrestQueryBuilder<...>', gave the following error.
    Argument of type '"job_hunt_profiles"' is not assignable to parameter of type '"events" | "memory" | "emergent_orgs" | "emergent_projects" | "sessions" | "profiles" | "feature_flags" | "feature_flag_webhooks" | "conversations" | "social_campaigns" | ... 14 more ... | "content_queue"'.
  Overload 2 of 2, '(relation: never): PostgrestQueryBuilder<{ PostgrestVersion: "13.0.5"; }, { Tables: { emergent_orgs: { Row: { id: string; name: string; slug: string; plan: string | null; created_at: string | null; updated_at: string | null; }; Insert: { ...; }; Update: { ...; }; Relationships: []; }; ... 23 more ...; content_queue: { ...; }; }; Views: {}; Functions: { ...; }; Enums: {}; CompositeTypes: {}; }, never, never, never>', gave the following error.
    Argument of type '"job_hunt_profiles"' is not assignable to parameter of type 'never'.
src/app/api/job-hunt/reports/route.ts(162,13): error TS2769: No overload matches this call.
  Overload 1 of 2, '(relation: "events" | "memory" | "emergent_orgs" | "emergent_projects" | "sessions" | "profiles" | "feature_flags" | "feature_flag_webhooks" | "conversations" | "social_campaigns" | ... 14 more ... | "content_queue"): PostgrestQueryBuilder<...>', gave the following error.
    Argument of type '"job_hunt_reports"' is not assignable to parameter of type '"events" | "memory" | "emergent_orgs" | "emergent_projects" | "sessions" | "profiles" | "feature_flags" | "feature_flag_webhooks" | "conversations" | "social_campaigns" | ... 14 more ... | "content_queue"'.
  Overload 2 of 2, '(relation: never): PostgrestQueryBuilder<{ PostgrestVersion: "13.0.5"; }, { Tables: { emergent_orgs: { Row: { id: string; name: string; slug: string; plan: string | null; created_at: string | null; updated_at: string | null; }; Insert: { ...; }; Update: { ...; }; Relationships: []; }; ... 23 more ...; content_queue: { ...; }; }; Views: {}; Functions: { ...; }; Enums: {}; CompositeTypes: {}; }, never, never, never>', gave the following error.
    Argument of type '"job_hunt_reports"' is not assignable to parameter of type 'never'.
src/app/api/job-hunt/reports/route.ts(164,9): error TS2769: No overload matches this call.
  Overload 1 of 2, '(values: { id?: string | undefined; name: string; slug: string; plan?: string | null | undefined; created_at?: string | null | undefined; updated_at?: string | null | undefined; } | { id?: string | undefined; org_id: string; user_id: string; role?: string | undefined; joined_at?: string | ... 1 more ... | undefined; } | ... 22 more ... | { ...; }, options?: { ...; } | undefined): PostgrestFilterBuilder<...>', gave the following error.
    Object literal may only specify known properties, and 'profile_id' does not exist in type '{ id?: string | undefined; name: string; slug: string; plan?: string | null | undefined; created_at?: string | null | undefined; updated_at?: string | null | undefined; } | { id?: string | undefined; org_id: string; user_id: string; role?: string | undefined; joined_at?: string | ... 1 more ... | undefined; } | ... ...'.
  Overload 2 of 2, '(values: ({ id?: string | undefined; name: string; slug: string; plan?: string | null | undefined; created_at?: string | null | undefined; updated_at?: string | null | undefined; } | { id?: string | undefined; org_id: string; user_id: string; role?: string | undefined; joined_at?: string | ... 1 more ... | undefined; } | ... 22 more ... | { ...; })[], options?: { ...; } | undefined): PostgrestFilterBuilder<...>', gave the following error.
    Object literal may only specify known properties, and 'profile_id' does not exist in type '({ id?: string | undefined; name: string; slug: string; plan?: string | null | undefined; created_at?: string | null | undefined; updated_at?: string | null | undefined; } | { id?: string | undefined; org_id: string; user_id: string; role?: string | undefined; joined_at?: string | ... 1 more ... | undefined; } | ......'.
src/app/api/job-hunt/reports/route.ts(185,13): error TS2769: No overload matches this call.
  Overload 1 of 2, '(relation: "events" | "memory" | "emergent_orgs" | "emergent_projects" | "sessions" | "profiles" | "feature_flags" | "feature_flag_webhooks" | "conversations" | "social_campaigns" | ... 14 more ... | "content_queue"): PostgrestQueryBuilder<...>', gave the following error.
    Argument of type '"job_hunt_reports"' is not assignable to parameter of type '"events" | "memory" | "emergent_orgs" | "emergent_projects" | "sessions" | "profiles" | "feature_flags" | "feature_flag_webhooks" | "conversations" | "social_campaigns" | ... 14 more ... | "content_queue"'.
  Overload 2 of 2, '(relation: never): PostgrestQueryBuilder<{ PostgrestVersion: "13.0.5"; }, { Tables: { emergent_orgs: { Row: { id: string; name: string; slug: string; plan: string | null; created_at: string | null; updated_at: string | null; }; Insert: { ...; }; Update: { ...; }; Relationships: []; }; ... 23 more ...; content_queue: { ...; }; }; Views: {}; Functions: { ...; }; Enums: {}; CompositeTypes: {}; }, never, never, never>', gave the following error.
    Argument of type '"job_hunt_reports"' is not assignable to parameter of type 'never'.
src/app/api/job-hunt/reports/route.ts(193,25): error TS2769: No overload matches this call.
  Overload 1 of 2, '(relation: "events" | "memory" | "emergent_orgs" | "emergent_projects" | "sessions" | "profiles" | "feature_flags" | "feature_flag_webhooks" | "conversations" | "social_campaigns" | ... 14 more ... | "content_queue"): PostgrestQueryBuilder<...>', gave the following error.
    Argument of type '"job_hunt_activities"' is not assignable to parameter of type '"events" | "memory" | "emergent_orgs" | "emergent_projects" | "sessions" | "profiles" | "feature_flags" | "feature_flag_webhooks" | "conversations" | "social_campaigns" | ... 14 more ... | "content_queue"'.
  Overload 2 of 2, '(relation: never): PostgrestQueryBuilder<{ PostgrestVersion: "13.0.5"; }, { Tables: { emergent_orgs: { Row: { id: string; name: string; slug: string; plan: string | null; created_at: string | null; updated_at: string | null; }; Insert: { ...; }; Update: { ...; }; Relationships: []; }; ... 23 more ...; content_queue: { ...; }; }; Views: {}; Functions: { ...; }; Enums: {}; CompositeTypes: {}; }, never, never, never>', gave the following error.
    Argument of type '"job_hunt_activities"' is not assignable to parameter of type 'never'.
src/app/api/job-hunt/reports/route.ts(194,7): error TS2769: No overload matches this call.
  Overload 1 of 2, '(values: { id?: string | undefined; name: string; slug: string; plan?: string | null | undefined; created_at?: string | null | undefined; updated_at?: string | null | undefined; } | { id?: string | undefined; org_id: string; user_id: string; role?: string | undefined; joined_at?: string | ... 1 more ... | undefined; } | ... 22 more ... | { ...; }, options?: { ...; } | undefined): PostgrestFilterBuilder<...>', gave the following error.
    Object literal may only specify known properties, and 'profile_id' does not exist in type '{ id?: string | undefined; name: string; slug: string; plan?: string | null | undefined; created_at?: string | null | undefined; updated_at?: string | null | undefined; } | { id?: string | undefined; org_id: string; user_id: string; role?: string | undefined; joined_at?: string | ... 1 more ... | undefined; } | ... ...'.
  Overload 2 of 2, '(values: ({ id?: string | undefined; name: string; slug: string; plan?: string | null | undefined; created_at?: string | null | undefined; updated_at?: string | null | undefined; } | { id?: string | undefined; org_id: string; user_id: string; role?: string | undefined; joined_at?: string | ... 1 more ... | undefined; } | ... 22 more ... | { ...; })[], options?: { ...; } | undefined): PostgrestFilterBuilder<...>', gave the following error.
    Object literal may only specify known properties, and 'profile_id' does not exist in type '({ id?: string | undefined; name: string; slug: string; plan?: string | null | undefined; created_at?: string | null | undefined; updated_at?: string | null | undefined; } | { id?: string | undefined; org_id: string; user_id: string; role?: string | undefined; joined_at?: string | ... 1 more ... | undefined; } | ......'.
src/app/api/job-hunt/reports/route.ts(242,30): error TS7006: Parameter 'app' implicitly has an 'any' type.
src/app/api/job-hunt/reports/route.ts(278,31): error TS7006: Parameter 'app' implicitly has an 'any' type.
src/app/api/job-hunt/reports/route.ts(297,23): error TS7006: Parameter 'app' implicitly has an 'any' type.
src/app/api/job-hunt/reports/route.ts(316,29): error TS7006: Parameter 'activity' implicitly has an 'any' type.
src/app/api/job-hunt/resume/route.ts(26,13): error TS2769: No overload matches this call.
  Overload 1 of 2, '(relation: "events" | "memory" | "emergent_orgs" | "emergent_projects" | "sessions" | "profiles" | "feature_flags" | "feature_flag_webhooks" | "conversations" | "social_campaigns" | ... 14 more ... | "content_queue"): PostgrestQueryBuilder<...>', gave the following error.
    Argument of type '"job_hunt_profiles"' is not assignable to parameter of type '"events" | "memory" | "emergent_orgs" | "emergent_projects" | "sessions" | "profiles" | "feature_flags" | "feature_flag_webhooks" | "conversations" | "social_campaigns" | ... 14 more ... | "content_queue"'.
  Overload 2 of 2, '(relation: never): PostgrestQueryBuilder<{ PostgrestVersion: "13.0.5"; }, { Tables: { emergent_orgs: { Row: { id: string; name: string; slug: string; plan: string | null; created_at: string | null; updated_at: string | null; }; Insert: { ...; }; Update: { ...; }; Relationships: []; }; ... 23 more ...; content_queue: { ...; }; }; Views: {}; Functions: { ...; }; Enums: {}; CompositeTypes: {}; }, never, never, never>', gave the following error.
    Argument of type '"job_hunt_profiles"' is not assignable to parameter of type 'never'.
src/app/api/job-hunt/resume/route.ts(103,13): error TS2769: No overload matches this call.
  Overload 1 of 2, '(relation: "events" | "memory" | "emergent_orgs" | "emergent_projects" | "sessions" | "profiles" | "feature_flags" | "feature_flag_webhooks" | "conversations" | "social_campaigns" | ... 14 more ... | "content_queue"): PostgrestQueryBuilder<...>', gave the following error.
    Argument of type '"job_hunt_profiles"' is not assignable to parameter of type '"events" | "memory" | "emergent_orgs" | "emergent_projects" | "sessions" | "profiles" | "feature_flags" | "feature_flag_webhooks" | "conversations" | "social_campaigns" | ... 14 more ... | "content_queue"'.
  Overload 2 of 2, '(relation: never): PostgrestQueryBuilder<{ PostgrestVersion: "13.0.5"; }, { Tables: { emergent_orgs: { Row: { id: string; name: string; slug: string; plan: string | null; created_at: string | null; updated_at: string | null; }; Insert: { ...; }; Update: { ...; }; Relationships: []; }; ... 23 more ...; content_queue: { ...; }; }; Views: {}; Functions: { ...; }; Enums: {}; CompositeTypes: {}; }, never, never, never>', gave the following error.
    Argument of type '"job_hunt_profiles"' is not assignable to parameter of type 'never'.
src/app/api/job-hunt/resume/route.ts(105,9): error TS2353: Object literal may only specify known properties, and 'resume_url' does not exist in type '{ id?: string | undefined; name?: string | undefined; slug?: string | undefined; plan?: string | null | undefined; created_at?: string | null | undefined; updated_at?: string | null | undefined; } | ... 23 more ... | { ...; }'.
src/app/api/job-hunt/resume/route.ts(119,25): error TS2769: No overload matches this call.
  Overload 1 of 2, '(relation: "events" | "memory" | "emergent_orgs" | "emergent_projects" | "sessions" | "profiles" | "feature_flags" | "feature_flag_webhooks" | "conversations" | "social_campaigns" | ... 14 more ... | "content_queue"): PostgrestQueryBuilder<...>', gave the following error.
    Argument of type '"job_hunt_activities"' is not assignable to parameter of type '"events" | "memory" | "emergent_orgs" | "emergent_projects" | "sessions" | "profiles" | "feature_flags" | "feature_flag_webhooks" | "conversations" | "social_campaigns" | ... 14 more ... | "content_queue"'.
  Overload 2 of 2, '(relation: never): PostgrestQueryBuilder<{ PostgrestVersion: "13.0.5"; }, { Tables: { emergent_orgs: { Row: { id: string; name: string; slug: string; plan: string | null; created_at: string | null; updated_at: string | null; }; Insert: { ...; }; Update: { ...; }; Relationships: []; }; ... 23 more ...; content_queue: { ...; }; }; Views: {}; Functions: { ...; }; Enums: {}; CompositeTypes: {}; }, never, never, never>', gave the following error.
    Argument of type '"job_hunt_activities"' is not assignable to parameter of type 'never'.
src/app/api/job-hunt/resume/route.ts(120,7): error TS2769: No overload matches this call.
  Overload 1 of 2, '(values: { id?: string | undefined; name: string; slug: string; plan?: string | null | undefined; created_at?: string | null | undefined; updated_at?: string | null | undefined; } | { id?: string | undefined; org_id: string; user_id: string; role?: string | undefined; joined_at?: string | ... 1 more ... | undefined; } | ... 22 more ... | { ...; }, options?: { ...; } | undefined): PostgrestFilterBuilder<...>', gave the following error.
    Object literal may only specify known properties, and 'profile_id' does not exist in type '{ id?: string | undefined; name: string; slug: string; plan?: string | null | undefined; created_at?: string | null | undefined; updated_at?: string | null | undefined; } | { id?: string | undefined; org_id: string; user_id: string; role?: string | undefined; joined_at?: string | ... 1 more ... | undefined; } | ... ...'.
  Overload 2 of 2, '(values: ({ id?: string | undefined; name: string; slug: string; plan?: string | null | undefined; created_at?: string | null | undefined; updated_at?: string | null | undefined; } | { id?: string | undefined; org_id: string; user_id: string; role?: string | undefined; joined_at?: string | ... 1 more ... | undefined; } | ... 22 more ... | { ...; })[], options?: { ...; } | undefined): PostgrestFilterBuilder<...>', gave the following error.
    Object literal may only specify known properties, and 'profile_id' does not exist in type '({ id?: string | undefined; name: string; slug: string; plan?: string | null | undefined; created_at?: string | null | undefined; updated_at?: string | null | undefined; } | { id?: string | undefined; org_id: string; user_id: string; role?: string | undefined; joined_at?: string | ... 1 more ... | undefined; } | ......'.
src/app/api/journal/entries/route.ts(36,13): error TS2769: No overload matches this call.
  Overload 1 of 2, '(relation: "events" | "memory" | "emergent_orgs" | "emergent_projects" | "sessions" | "profiles" | "feature_flags" | "feature_flag_webhooks" | "conversations" | "social_campaigns" | ... 14 more ... | "content_queue"): PostgrestQueryBuilder<...>', gave the following error.
    Argument of type '"journal_entries"' is not assignable to parameter of type '"events" | "memory" | "emergent_orgs" | "emergent_projects" | "sessions" | "profiles" | "feature_flags" | "feature_flag_webhooks" | "conversations" | "social_campaigns" | ... 14 more ... | "content_queue"'.
  Overload 2 of 2, '(relation: never): PostgrestQueryBuilder<{ PostgrestVersion: "13.0.5"; }, { Tables: { emergent_orgs: { Row: { id: string; name: string; slug: string; plan: string | null; created_at: string | null; updated_at: string | null; }; Insert: { ...; }; Update: { ...; }; Relationships: []; }; ... 23 more ...; content_queue: { ...; }; }; Views: {}; Functions: { ...; }; Enums: {}; CompositeTypes: {}; }, never, never, never>', gave the following error.
    Argument of type '"journal_entries"' is not assignable to parameter of type 'never'.
src/app/api/journal/entries/route.ts(149,13): error TS2769: No overload matches this call.
  Overload 1 of 2, '(relation: "events" | "memory" | "emergent_orgs" | "emergent_projects" | "sessions" | "profiles" | "feature_flags" | "feature_flag_webhooks" | "conversations" | "social_campaigns" | ... 14 more ... | "content_queue"): PostgrestQueryBuilder<...>', gave the following error.
    Argument of type '"journal_entries"' is not assignable to parameter of type '"events" | "memory" | "emergent_orgs" | "emergent_projects" | "sessions" | "profiles" | "feature_flags" | "feature_flag_webhooks" | "conversations" | "social_campaigns" | ... 14 more ... | "content_queue"'.
  Overload 2 of 2, '(relation: never): PostgrestQueryBuilder<{ PostgrestVersion: "13.0.5"; }, { Tables: { emergent_orgs: { Row: { id: string; name: string; slug: string; plan: string | null; created_at: string | null; updated_at: string | null; }; Insert: { ...; }; Update: { ...; }; Relationships: []; }; ... 23 more ...; content_queue: { ...; }; }; Views: {}; Functions: { ...; }; Enums: {}; CompositeTypes: {}; }, never, never, never>', gave the following error.
    Argument of type '"journal_entries"' is not assignable to parameter of type 'never'.
src/app/api/journal/history/route.ts(53,13): error TS2769: No overload matches this call.
  Overload 1 of 2, '(relation: "events" | "memory" | "emergent_orgs" | "emergent_projects" | "sessions" | "profiles" | "feature_flags" | "feature_flag_webhooks" | "conversations" | "social_campaigns" | ... 14 more ... | "content_queue"): PostgrestQueryBuilder<...>', gave the following error.
    Argument of type '"journal_entries"' is not assignable to parameter of type '"events" | "memory" | "emergent_orgs" | "emergent_projects" | "sessions" | "profiles" | "feature_flags" | "feature_flag_webhooks" | "conversations" | "social_campaigns" | ... 14 more ... | "content_queue"'.
  Overload 2 of 2, '(relation: never): PostgrestQueryBuilder<{ PostgrestVersion: "13.0.5"; }, { Tables: { emergent_orgs: { Row: { id: string; name: string; slug: string; plan: string | null; created_at: string | null; updated_at: string | null; }; Insert: { ...; }; Update: { ...; }; Relationships: []; }; ... 23 more ...; content_queue: { ...; }; }; Views: {}; Functions: { ...; }; Enums: {}; CompositeTypes: {}; }, never, never, never>', gave the following error.
    Argument of type '"journal_entries"' is not assignable to parameter of type 'never'.
src/app/api/journal/stats/route.ts(27,13): error TS2769: No overload matches this call.
  Overload 1 of 2, '(relation: "events" | "memory" | "emergent_orgs" | "emergent_projects" | "sessions" | "profiles" | "feature_flags" | "feature_flag_webhooks" | "conversations" | "social_campaigns" | ... 14 more ... | "content_queue"): PostgrestQueryBuilder<...>', gave the following error.
    Argument of type '"journal_entries"' is not assignable to parameter of type '"events" | "memory" | "emergent_orgs" | "emergent_projects" | "sessions" | "profiles" | "feature_flags" | "feature_flag_webhooks" | "conversations" | "social_campaigns" | ... 14 more ... | "content_queue"'.
  Overload 2 of 2, '(relation: never): PostgrestQueryBuilder<{ PostgrestVersion: "13.0.5"; }, { Tables: { emergent_orgs: { Row: { id: string; name: string; slug: string; plan: string | null; created_at: string | null; updated_at: string | null; }; Insert: { ...; }; Update: { ...; }; Relationships: []; }; ... 23 more ...; content_queue: { ...; }; }; Views: {}; Functions: { ...; }; Enums: {}; CompositeTypes: {}; }, never, never, never>', gave the following error.
    Argument of type '"journal_entries"' is not assignable to parameter of type 'never'.
src/app/api/journal/stats/route.ts(40,13): error TS2769: No overload matches this call.
  Overload 1 of 2, '(relation: "events" | "memory" | "emergent_orgs" | "emergent_projects" | "sessions" | "profiles" | "feature_flags" | "feature_flag_webhooks" | "conversations" | "social_campaigns" | ... 14 more ... | "content_queue"): PostgrestQueryBuilder<...>', gave the following error.
    Argument of type '"daily_summaries"' is not assignable to parameter of type '"events" | "memory" | "emergent_orgs" | "emergent_projects" | "sessions" | "profiles" | "feature_flags" | "feature_flag_webhooks" | "conversations" | "social_campaigns" | ... 14 more ... | "content_queue"'.
  Overload 2 of 2, '(relation: never): PostgrestQueryBuilder<{ PostgrestVersion: "13.0.5"; }, { Tables: { emergent_orgs: { Row: { id: string; name: string; slug: string; plan: string | null; created_at: string | null; updated_at: string | null; }; Insert: { ...; }; Update: { ...; }; Relationships: []; }; ... 23 more ...; content_queue: { ...; }; }; Views: {}; Functions: { ...; }; Enums: {}; CompositeTypes: {}; }, never, never, never>', gave the following error.
    Argument of type '"daily_summaries"' is not assignable to parameter of type 'never'.
src/app/api/journal/stats/route.ts(54,49): error TS2345: Argument of type '({ avatar_url: string | null; created_at: string | null; cubiqo_email: string | null; cubiqo_phone: string | null; display_name: string | null; email: string | null; handle: string | null; ... 4 more ...; updated_at: string | null; } | ... 23 more ... | { ...; })[]' is not assignable to parameter of type 'JournalEntry[]'.
  Type '{ avatar_url: string | null; created_at: string | null; cubiqo_email: string | null; cubiqo_phone: string | null; display_name: string | null; email: string | null; handle: string | null; ... 4 more ...; updated_at: string | null; } | ... 23 more ... | { ...; }' is not assignable to type 'JournalEntry'.
    Type '{ avatar_url: string | null; created_at: string | null; cubiqo_email: string | null; cubiqo_phone: string | null; display_name: string | null; email: string | null; handle: string | null; ... 4 more ...; updated_at: string | null; }' is missing the following properties from type 'JournalEntry': userId, date, timestamp, type, and 6 more.
src/app/api/journal/summary/route.ts(30,13): error TS2769: No overload matches this call.
  Overload 1 of 2, '(relation: "events" | "memory" | "emergent_orgs" | "emergent_projects" | "sessions" | "profiles" | "feature_flags" | "feature_flag_webhooks" | "conversations" | "social_campaigns" | ... 14 more ... | "content_queue"): PostgrestQueryBuilder<...>', gave the following error.
    Argument of type '"daily_summaries"' is not assignable to parameter of type '"events" | "memory" | "emergent_orgs" | "emergent_projects" | "sessions" | "profiles" | "feature_flags" | "feature_flag_webhooks" | "conversations" | "social_campaigns" | ... 14 more ... | "content_queue"'.
  Overload 2 of 2, '(relation: never): PostgrestQueryBuilder<{ PostgrestVersion: "13.0.5"; }, { Tables: { emergent_orgs: { Row: { id: string; name: string; slug: string; plan: string | null; created_at: string | null; updated_at: string | null; }; Insert: { ...; }; Update: { ...; }; Relationships: []; }; ... 23 more ...; content_queue: { ...; }; }; Views: {}; Functions: { ...; }; Enums: {}; CompositeTypes: {}; }, never, never, never>', gave the following error.
    Argument of type '"daily_summaries"' is not assignable to parameter of type 'never'.
src/app/api/journal/summary/route.ts(37,7): error TS2740: Type 'PostgrestBuilder<{ PostgrestVersion: "13.0.5"; }, ({ avatar_url: string | null; created_at: string | null; cubiqo_email: string | null; cubiqo_phone: string | null; display_name: string | null; ... 6 more ...; updated_at: string | null; } | ... 23 more ... | { ...; })[], false>' is missing the following properties from type 'PostgrestFilterBuilder<{ PostgrestVersion: "13.0.5"; }, { Tables: { emergent_orgs: { Row: { id: string; name: string; slug: string; plan: string | null; created_at: string | null; updated_at: string | null; }; Insert: { ...; }; Update: { ...; }; Relationships: []; }; ... 23 more ...; content_queue: { ...; }; }; View...': eq, neq, gt, gte, and 39 more.
src/app/api/memory/extract/route.ts(62,17): error TS2769: No overload matches this call.
  Overload 1 of 2, '(relation: "events" | "memory" | "emergent_orgs" | "emergent_projects" | "sessions" | "profiles" | "feature_flags" | "feature_flag_webhooks" | "conversations" | "social_campaigns" | ... 14 more ... | "content_queue"): PostgrestQueryBuilder<...>', gave the following error.
    Argument of type '"conscious_memories"' is not assignable to parameter of type '"events" | "memory" | "emergent_orgs" | "emergent_projects" | "sessions" | "profiles" | "feature_flags" | "feature_flag_webhooks" | "conversations" | "social_campaigns" | ... 14 more ... | "content_queue"'.
  Overload 2 of 2, '(relation: never): PostgrestQueryBuilder<{ PostgrestVersion: "13.0.5"; }, { Tables: { emergent_orgs: { Row: { id: string; name: string; slug: string; plan: string | null; created_at: string | null; updated_at: string | null; }; Insert: { ...; }; Update: { ...; }; Relationships: []; }; ... 23 more ...; content_queue: { ...; }; }; Views: {}; Functions: { ...; }; Enums: {}; CompositeTypes: {}; }, never, never, never>', gave the following error.
    Argument of type '"conscious_memories"' is not assignable to parameter of type 'never'.
src/app/api/memory/route.ts(36,13): error TS2769: No overload matches this call.
  Overload 1 of 2, '(relation: "events" | "memory" | "emergent_orgs" | "emergent_projects" | "sessions" | "profiles" | "feature_flags" | "feature_flag_webhooks" | "conversations" | "social_campaigns" | ... 14 more ... | "content_queue"): PostgrestQueryBuilder<...>', gave the following error.
    Argument of type '"conscious_memories"' is not assignable to parameter of type '"events" | "memory" | "emergent_orgs" | "emergent_projects" | "sessions" | "profiles" | "feature_flags" | "feature_flag_webhooks" | "conversations" | "social_campaigns" | ... 14 more ... | "content_queue"'.
  Overload 2 of 2, '(relation: never): PostgrestQueryBuilder<{ PostgrestVersion: "13.0.5"; }, { Tables: { emergent_orgs: { Row: { id: string; name: string; slug: string; plan: string | null; created_at: string | null; updated_at: string | null; }; Insert: { ...; }; Update: { ...; }; Relationships: []; }; ... 23 more ...; content_queue: { ...; }; }; Views: {}; Functions: { ...; }; Enums: {}; CompositeTypes: {}; }, never, never, never>', gave the following error.
    Argument of type '"conscious_memories"' is not assignable to parameter of type 'never'.
src/app/api/memory/route.ts(75,9): error TS2345: Argument of type '({ avatar_url: string | null; created_at: string | null; cubiqo_email: string | null; cubiqo_phone: string | null; display_name: string | null; email: string | null; handle: string | null; ... 4 more ...; updated_at: string | null; } | ... 23 more ... | { ...; })[]' is not assignable to parameter of type 'Memory[]'.
  Type '{ avatar_url: string | null; created_at: string | null; cubiqo_email: string | null; cubiqo_phone: string | null; display_name: string | null; email: string | null; handle: string | null; ... 4 more ...; updated_at: string | null; } | ... 23 more ... | { ...; }' is not assignable to type 'Memory'.
    Type '{ avatar_url: string | null; created_at: string | null; cubiqo_email: string | null; cubiqo_phone: string | null; display_name: string | null; email: string | null; handle: string | null; ... 4 more ...; updated_at: string | null; }' is missing the following properties from type 'Memory': userId, type, content, importance, and 7 more.
src/app/api/memory/route.ts(137,13): error TS2769: No overload matches this call.
  Overload 1 of 2, '(relation: "events" | "memory" | "emergent_orgs" | "emergent_projects" | "sessions" | "profiles" | "feature_flags" | "feature_flag_webhooks" | "conversations" | "social_campaigns" | ... 14 more ... | "content_queue"): PostgrestQueryBuilder<...>', gave the following error.
    Argument of type '"conscious_memories"' is not assignable to parameter of type '"events" | "memory" | "emergent_orgs" | "emergent_projects" | "sessions" | "profiles" | "feature_flags" | "feature_flag_webhooks" | "conversations" | "social_campaigns" | ... 14 more ... | "content_queue"'.
  Overload 2 of 2, '(relation: never): PostgrestQueryBuilder<{ PostgrestVersion: "13.0.5"; }, { Tables: { emergent_orgs: { Row: { id: string; name: string; slug: string; plan: string | null; created_at: string | null; updated_at: string | null; }; Insert: { ...; }; Update: { ...; }; Relationships: []; }; ... 23 more ...; content_queue: { ...; }; }; Views: {}; Functions: { ...; }; Enums: {}; CompositeTypes: {}; }, never, never, never>', gave the following error.
    Argument of type '"conscious_memories"' is not assignable to parameter of type 'never'.
src/app/api/memory/stats/route.ts(27,13): error TS2769: No overload matches this call.
  Overload 1 of 2, '(relation: "events" | "memory" | "emergent_orgs" | "emergent_projects" | "sessions" | "profiles" | "feature_flags" | "feature_flag_webhooks" | "conversations" | "social_campaigns" | ... 14 more ... | "content_queue"): PostgrestQueryBuilder<...>', gave the following error.
    Argument of type '"conscious_memories"' is not assignable to parameter of type '"events" | "memory" | "emergent_orgs" | "emergent_projects" | "sessions" | "profiles" | "feature_flags" | "feature_flag_webhooks" | "conversations" | "social_campaigns" | ... 14 more ... | "content_queue"'.
  Overload 2 of 2, '(relation: never): PostgrestQueryBuilder<{ PostgrestVersion: "13.0.5"; }, { Tables: { emergent_orgs: { Row: { id: string; name: string; slug: string; plan: string | null; created_at: string | null; updated_at: string | null; }; Insert: { ...; }; Update: { ...; }; Relationships: []; }; ... 23 more ...; content_queue: { ...; }; }; Views: {}; Functions: { ...; }; Enums: {}; CompositeTypes: {}; }, never, never, never>', gave the following error.
    Argument of type '"conscious_memories"' is not assignable to parameter of type 'never'.
src/app/api/memory/stats/route.ts(81,21): error TS2339: Property 'type' does not exist on type '{ avatar_url: string | null; created_at: string | null; cubiqo_email: string | null; cubiqo_phone: string | null; display_name: string | null; email: string | null; handle: string | null; ... 4 more ...; updated_at: string | null; } | ... 23 more ... | { ...; }'.
  Property 'type' does not exist on type '{ avatar_url: string | null; created_at: string | null; cubiqo_email: string | null; cubiqo_phone: string | null; display_name: string | null; email: string | null; handle: string | null; ... 4 more ...; updated_at: string | null; }'.
src/app/api/memory/stats/route.ts(82,27): error TS2339: Property 'importance' does not exist on type '{ avatar_url: string | null; created_at: string | null; cubiqo_email: string | null; cubiqo_phone: string | null; display_name: string | null; email: string | null; handle: string | null; ... 4 more ...; updated_at: string | null; } | ... 23 more ... | { ...; }'.
  Property 'importance' does not exist on type '{ avatar_url: string | null; created_at: string | null; cubiqo_email: string | null; cubiqo_phone: string | null; display_name: string | null; email: string | null; handle: string | null; ... 4 more ...; updated_at: string | null; }'.
src/app/api/memory/stats/route.ts(87,25): error TS2339: Property 'access_count' does not exist on type '{ avatar_url: string | null; created_at: string | null; cubiqo_email: string | null; cubiqo_phone: string | null; display_name: string | null; email: string | null; handle: string | null; ... 4 more ...; updated_at: string | null; } | ... 23 more ... | { ...; }'.
  Property 'access_count' does not exist on type '{ avatar_url: string | null; created_at: string | null; cubiqo_email: string | null; cubiqo_phone: string | null; display_name: string | null; email: string | null; handle: string | null; ... 4 more ...; updated_at: string | null; }'.
src/app/api/memory/stats/route.ts(87,42): error TS2339: Property 'access_count' does not exist on type '{ avatar_url: string | null; created_at: string | null; cubiqo_email: string | null; cubiqo_phone: string | null; display_name: string | null; email: string | null; handle: string | null; ... 4 more ...; updated_at: string | null; } | ... 23 more ... | { ...; }'.
  Property 'access_count' does not exist on type '{ avatar_url: string | null; created_at: string | null; cubiqo_email: string | null; cubiqo_phone: string | null; display_name: string | null; email: string | null; handle: string | null; ... 4 more ...; updated_at: string | null; }'.
src/app/api/memory/stats/route.ts(92,34): error TS2339: Property 'created_at' does not exist on type '{ avatar_url: string | null; created_at: string | null; cubiqo_email: string | null; cubiqo_phone: string | null; display_name: string | null; email: string | null; handle: string | null; ... 4 more ...; updated_at: string | null; } | ... 23 more ... | { ...; }'.
  Property 'created_at' does not exist on type '{ id: string; org_id: string; user_id: string; role: string; joined_at: string | null; }'.
src/app/api/memory/stats/route.ts(92,69): error TS2339: Property 'created_at' does not exist on type '{ avatar_url: string | null; created_at: string | null; cubiqo_email: string | null; cubiqo_phone: string | null; display_name: string | null; email: string | null; handle: string | null; ... 4 more ...; updated_at: string | null; } | ... 23 more ... | { ...; }'.
  Property 'created_at' does not exist on type '{ id: string; org_id: string; user_id: string; role: string; joined_at: string | null; }'.
src/app/api/memory/stats/route.ts(99,7): error TS2322: Type '({ avatar_url: string | null; created_at: string | null; cubiqo_email: string | null; cubiqo_phone: string | null; display_name: string | null; email: string | null; handle: string | null; ... 4 more ...; updated_at: string | null; } | ... 23 more ... | { ...; })[]' is not assignable to type 'Memory[]'.
  Type '{ avatar_url: string | null; created_at: string | null; cubiqo_email: string | null; cubiqo_phone: string | null; display_name: string | null; email: string | null; handle: string | null; ... 4 more ...; updated_at: string | null; } | ... 23 more ... | { ...; }' is not assignable to type 'Memory'.
    Type '{ avatar_url: string | null; created_at: string | null; cubiqo_email: string | null; cubiqo_phone: string | null; display_name: string | null; email: string | null; handle: string | null; ... 4 more ...; updated_at: string | null; }' is missing the following properties from type 'Memory': userId, type, content, importance, and 7 more.
src/app/api/memory/stats/route.ts(100,7): error TS2322: Type '({ avatar_url: string | null; created_at: string | null; cubiqo_email: string | null; cubiqo_phone: string | null; display_name: string | null; email: string | null; handle: string | null; ... 4 more ...; updated_at: string | null; } | ... 23 more ... | { ...; })[]' is not assignable to type 'Memory[]'.
  Type '{ avatar_url: string | null; created_at: string | null; cubiqo_email: string | null; cubiqo_phone: string | null; display_name: string | null; email: string | null; handle: string | null; ... 4 more ...; updated_at: string | null; } | ... 23 more ... | { ...; }' is not assignable to type 'Memory'.
    Type '{ avatar_url: string | null; created_at: string | null; cubiqo_email: string | null; cubiqo_phone: string | null; display_name: string | null; email: string | null; handle: string | null; ... 4 more ...; updated_at: string | null; }' is missing the following properties from type 'Memory': userId, type, content, importance, and 7 more.
src/app/api/monitoring/activity/route.ts(61,13): error TS2769: No overload matches this call.
  Overload 1 of 2, '(relation: "events" | "memory" | "emergent_orgs" | "emergent_projects" | "sessions" | "profiles" | "feature_flags" | "feature_flag_webhooks" | "conversations" | "social_campaigns" | ... 14 more ... | "content_queue"): PostgrestQueryBuilder<...>', gave the following error.
    Argument of type '"monitoring_events"' is not assignable to parameter of type '"events" | "memory" | "emergent_orgs" | "emergent_projects" | "sessions" | "profiles" | "feature_flags" | "feature_flag_webhooks" | "conversations" | "social_campaigns" | ... 14 more ... | "content_queue"'.
  Overload 2 of 2, '(relation: never): PostgrestQueryBuilder<{ PostgrestVersion: "13.0.5"; }, { Tables: { emergent_orgs: { Row: { id: string; name: string; slug: string; plan: string | null; created_at: string | null; updated_at: string | null; }; Insert: { ...; }; Update: { ...; }; Relationships: []; }; ... 23 more ...; content_queue: { ...; }; }; Views: {}; Functions: { ...; }; Enums: {}; CompositeTypes: {}; }, never, never, never>', gave the following error.
    Argument of type '"monitoring_events"' is not assignable to parameter of type 'never'.
src/app/api/monitoring/activity/route.ts(150,13): error TS2769: No overload matches this call.
  Overload 1 of 2, '(relation: "events" | "memory" | "emergent_orgs" | "emergent_projects" | "sessions" | "profiles" | "feature_flags" | "feature_flag_webhooks" | "conversations" | "social_campaigns" | ... 14 more ... | "content_queue"): PostgrestQueryBuilder<...>', gave the following error.
    Argument of type '"monitoring_events"' is not assignable to parameter of type '"events" | "memory" | "emergent_orgs" | "emergent_projects" | "sessions" | "profiles" | "feature_flags" | "feature_flag_webhooks" | "conversations" | "social_campaigns" | ... 14 more ... | "content_queue"'.
  Overload 2 of 2, '(relation: never): PostgrestQueryBuilder<{ PostgrestVersion: "13.0.5"; }, { Tables: { emergent_orgs: { Row: { id: string; name: string; slug: string; plan: string | null; created_at: string | null; updated_at: string | null; }; Insert: { ...; }; Update: { ...; }; Relationships: []; }; ... 23 more ...; content_queue: { ...; }; }; Views: {}; Functions: { ...; }; Enums: {}; CompositeTypes: {}; }, never, never, never>', gave the following error.
    Argument of type '"monitoring_events"' is not assignable to parameter of type 'never'.
src/app/api/monitoring/dashboard/route.ts(84,13): error TS2769: No overload matches this call.
  Overload 1 of 2, '(relation: "events" | "memory" | "emergent_orgs" | "emergent_projects" | "sessions" | "profiles" | "feature_flags" | "feature_flag_webhooks" | "conversations" | "social_campaigns" | ... 14 more ... | "content_queue"): PostgrestQueryBuilder<...>', gave the following error.
    Argument of type '"monitoring_events"' is not assignable to parameter of type '"events" | "memory" | "emergent_orgs" | "emergent_projects" | "sessions" | "profiles" | "feature_flags" | "feature_flag_webhooks" | "conversations" | "social_campaigns" | ... 14 more ... | "content_queue"'.
  Overload 2 of 2, '(relation: never): PostgrestQueryBuilder<{ PostgrestVersion: "13.0.5"; }, { Tables: { emergent_orgs: { Row: { id: string; name: string; slug: string; plan: string | null; created_at: string | null; updated_at: string | null; }; Insert: { ...; }; Update: { ...; }; Relationships: []; }; ... 23 more ...; content_queue: { ...; }; }; Views: {}; Functions: { ...; }; Enums: {}; CompositeTypes: {}; }, never, never, never>', gave the following error.
    Argument of type '"monitoring_events"' is not assignable to parameter of type 'never'.
src/app/api/monitoring/dashboard/route.ts(98,13): error TS2769: No overload matches this call.
  Overload 1 of 2, '(relation: "events" | "memory" | "emergent_orgs" | "emergent_projects" | "sessions" | "profiles" | "feature_flags" | "feature_flag_webhooks" | "conversations" | "social_campaigns" | ... 14 more ... | "content_queue"): PostgrestQueryBuilder<...>', gave the following error.
    Argument of type '"monitoring_events"' is not assignable to parameter of type '"events" | "memory" | "emergent_orgs" | "emergent_projects" | "sessions" | "profiles" | "feature_flags" | "feature_flag_webhooks" | "conversations" | "social_campaigns" | ... 14 more ... | "content_queue"'.
  Overload 2 of 2, '(relation: never): PostgrestQueryBuilder<{ PostgrestVersion: "13.0.5"; }, { Tables: { emergent_orgs: { Row: { id: string; name: string; slug: string; plan: string | null; created_at: string | null; updated_at: string | null; }; Insert: { ...; }; Update: { ...; }; Relationships: []; }; ... 23 more ...; content_queue: { ...; }; }; Views: {}; Functions: { ...; }; Enums: {}; CompositeTypes: {}; }, never, never, never>', gave the following error.
    Argument of type '"monitoring_events"' is not assignable to parameter of type 'never'.
src/app/api/monitoring/dashboard/route.ts(104,49): error TS2339: Property 'event_type' does not exist on type 'SelectQueryError<"column 'event_type' does not exist on 'events'."> | SelectQueryError<"column 'event_type' does not exist on 'memory'."> | ... 22 more ... | SelectQueryError<...>'.
  Property 'event_type' does not exist on type 'SelectQueryError<"column 'event_type' does not exist on 'events'.">'.
src/app/api/monitoring/dashboard/route.ts(105,49): error TS2339: Property 'event_type' does not exist on type 'SelectQueryError<"column 'event_type' does not exist on 'events'."> | SelectQueryError<"column 'event_type' does not exist on 'memory'."> | ... 22 more ... | SelectQueryError<...>'.
  Property 'event_type' does not exist on type 'SelectQueryError<"column 'event_type' does not exist on 'events'.">'.
src/app/api/monitoring/dashboard/route.ts(106,47): error TS2339: Property 'event_type' does not exist on type 'SelectQueryError<"column 'event_type' does not exist on 'events'."> | SelectQueryError<"column 'event_type' does not exist on 'memory'."> | ... 22 more ... | SelectQueryError<...>'.
  Property 'event_type' does not exist on type 'SelectQueryError<"column 'event_type' does not exist on 'events'.">'.
src/app/api/monitoring/dashboard/route.ts(107,49): error TS2339: Property 'event_type' does not exist on type 'SelectQueryError<"column 'event_type' does not exist on 'events'."> | SelectQueryError<"column 'event_type' does not exist on 'memory'."> | ... 22 more ... | SelectQueryError<...>'.
  Property 'event_type' does not exist on type 'SelectQueryError<"column 'event_type' does not exist on 'events'.">'.
src/app/api/monitoring/dashboard/route.ts(112,13): error TS2769: No overload matches this call.
  Overload 1 of 2, '(relation: "events" | "memory" | "emergent_orgs" | "emergent_projects" | "sessions" | "profiles" | "feature_flags" | "feature_flag_webhooks" | "conversations" | "social_campaigns" | ... 14 more ... | "content_queue"): PostgrestQueryBuilder<...>', gave the following error.
    Argument of type '"monitoring_events"' is not assignable to parameter of type '"events" | "memory" | "emergent_orgs" | "emergent_projects" | "sessions" | "profiles" | "feature_flags" | "feature_flag_webhooks" | "conversations" | "social_campaigns" | ... 14 more ... | "content_queue"'.
  Overload 2 of 2, '(relation: never): PostgrestQueryBuilder<{ PostgrestVersion: "13.0.5"; }, { Tables: { emergent_orgs: { Row: { id: string; name: string; slug: string; plan: string | null; created_at: string | null; updated_at: string | null; }; Insert: { ...; }; Update: { ...; }; Relationships: []; }; ... 23 more ...; content_queue: { ...; }; }; Views: {}; Functions: { ...; }; Enums: {}; CompositeTypes: {}; }, never, never, never>', gave the following error.
    Argument of type '"monitoring_events"' is not assignable to parameter of type 'never'.
src/app/api/monitoring/dashboard/route.ts(118,19): error TS2339: Property 'event_type' does not exist on type '{ avatar_url: string | null; created_at: string | null; cubiqo_email: string | null; cubiqo_phone: string | null; display_name: string | null; email: string | null; handle: string | null; ... 4 more ...; updated_at: string | null; } | ... 23 more ... | { ...; }'.
  Property 'event_type' does not exist on type '{ avatar_url: string | null; created_at: string | null; cubiqo_email: string | null; cubiqo_phone: string | null; display_name: string | null; email: string | null; handle: string | null; ... 4 more ...; updated_at: string | null; }'.
src/app/api/monitoring/dashboard/route.ts(119,24): error TS2339: Property 'created_at' does not exist on type '{ avatar_url: string | null; created_at: string | null; cubiqo_email: string | null; cubiqo_phone: string | null; display_name: string | null; email: string | null; handle: string | null; ... 4 more ...; updated_at: string | null; } | ... 23 more ... | { ...; }'.
  Property 'created_at' does not exist on type '{ id: string; org_id: string; user_id: string; role: string; joined_at: string | null; }'.
src/app/api/monitoring/dashboard/route.ts(120,43): error TS2345: Argument of type '{ avatar_url: string | null; created_at: string | null; cubiqo_email: string | null; cubiqo_phone: string | null; display_name: string | null; email: string | null; handle: string | null; ... 4 more ...; updated_at: string | null; } | ... 23 more ... | { ...; }' is not assignable to parameter of type 'MonitoringEvent'.
  Type '{ avatar_url: string | null; created_at: string | null; cubiqo_email: string | null; cubiqo_phone: string | null; display_name: string | null; email: string | null; handle: string | null; ... 4 more ...; updated_at: string | null; }' is missing the following properties from type 'MonitoringEvent': event_type, event_data
src/app/api/monitoring/dashboard/route.ts(125,13): error TS2769: No overload matches this call.
  Overload 1 of 2, '(relation: "events" | "memory" | "emergent_orgs" | "emergent_projects" | "sessions" | "profiles" | "feature_flags" | "feature_flag_webhooks" | "conversations" | "social_campaigns" | ... 14 more ... | "content_queue"): PostgrestQueryBuilder<...>', gave the following error.
    Argument of type '"monitoring_events"' is not assignable to parameter of type '"events" | "memory" | "emergent_orgs" | "emergent_projects" | "sessions" | "profiles" | "feature_flags" | "feature_flag_webhooks" | "conversations" | "social_campaigns" | ... 14 more ... | "content_queue"'.
  Overload 2 of 2, '(relation: never): PostgrestQueryBuilder<{ PostgrestVersion: "13.0.5"; }, { Tables: { emergent_orgs: { Row: { id: string; name: string; slug: string; plan: string | null; created_at: string | null; updated_at: string | null; }; Insert: { ...; }; Update: { ...; }; Relationships: []; }; ... 23 more ...; content_queue: { ...; }; }; Views: {}; Functions: { ...; }; Enums: {}; CompositeTypes: {}; }, never, never, never>', gave the following error.
    Argument of type '"monitoring_events"' is not assignable to parameter of type 'never'.
src/app/api/monitoring/dashboard/route.ts(133,13): error TS2769: No overload matches this call.
  Overload 1 of 2, '(relation: "events" | "memory" | "emergent_orgs" | "emergent_projects" | "sessions" | "profiles" | "feature_flags" | "feature_flag_webhooks" | "conversations" | "social_campaigns" | ... 14 more ... | "content_queue"): PostgrestQueryBuilder<...>', gave the following error.
    Argument of type '"monitoring_events"' is not assignable to parameter of type '"events" | "memory" | "emergent_orgs" | "emergent_projects" | "sessions" | "profiles" | "feature_flags" | "feature_flag_webhooks" | "conversations" | "social_campaigns" | ... 14 more ... | "content_queue"'.
  Overload 2 of 2, '(relation: never): PostgrestQueryBuilder<{ PostgrestVersion: "13.0.5"; }, { Tables: { emergent_orgs: { Row: { id: string; name: string; slug: string; plan: string | null; created_at: string | null; updated_at: string | null; }; Insert: { ...; }; Update: { ...; }; Relationships: []; }; ... 23 more ...; content_queue: { ...; }; }; Views: {}; Functions: { ...; }; Enums: {}; CompositeTypes: {}; }, never, never, never>', gave the following error.
    Argument of type '"monitoring_events"' is not assignable to parameter of type 'never'.
src/app/api/monitoring/dashboard/route.ts(141,13): error TS2769: No overload matches this call.
  Overload 1 of 2, '(relation: "events" | "memory" | "emergent_orgs" | "emergent_projects" | "sessions" | "profiles" | "feature_flags" | "feature_flag_webhooks" | "conversations" | "social_campaigns" | ... 14 more ... | "content_queue"): PostgrestQueryBuilder<...>', gave the following error.
    Argument of type '"monitoring_events"' is not assignable to parameter of type '"events" | "memory" | "emergent_orgs" | "emergent_projects" | "sessions" | "profiles" | "feature_flags" | "feature_flag_webhooks" | "conversations" | "social_campaigns" | ... 14 more ... | "content_queue"'.
  Overload 2 of 2, '(relation: never): PostgrestQueryBuilder<{ PostgrestVersion: "13.0.5"; }, { Tables: { emergent_orgs: { Row: { id: string; name: string; slug: string; plan: string | null; created_at: string | null; updated_at: string | null; }; Insert: { ...; }; Update: { ...; }; Relationships: []; }; ... 23 more ...; content_queue: { ...; }; }; Views: {}; Functions: { ...; }; Enums: {}; CompositeTypes: {}; }, never, never, never>', gave the following error.
    Argument of type '"monitoring_events"' is not assignable to parameter of type 'never'.
src/app/api/monitoring/dashboard/route.ts(149,13): error TS2769: No overload matches this call.
  Overload 1 of 2, '(relation: "events" | "memory" | "emergent_orgs" | "emergent_projects" | "sessions" | "profiles" | "feature_flags" | "feature_flag_webhooks" | "conversations" | "social_campaigns" | ... 14 more ... | "content_queue"): PostgrestQueryBuilder<...>', gave the following error.
    Argument of type '"monitoring_events"' is not assignable to parameter of type '"events" | "memory" | "emergent_orgs" | "emergent_projects" | "sessions" | "profiles" | "feature_flags" | "feature_flag_webhooks" | "conversations" | "social_campaigns" | ... 14 more ... | "content_queue"'.
  Overload 2 of 2, '(relation: never): PostgrestQueryBuilder<{ PostgrestVersion: "13.0.5"; }, { Tables: { emergent_orgs: { Row: { id: string; name: string; slug: string; plan: string | null; created_at: string | null; updated_at: string | null; }; Insert: { ...; }; Update: { ...; }; Relationships: []; }; ... 23 more ...; content_queue: { ...; }; }; Views: {}; Functions: { ...; }; Enums: {}; CompositeTypes: {}; }, never, never, never>', gave the following error.
    Argument of type '"monitoring_events"' is not assignable to parameter of type 'never'.
src/app/api/monitoring/dashboard/route.ts(158,37): error TS2339: Property 'created_at' does not exist on type 'SelectQueryError<"column 'created_at' does not exist on 'events'."> | SelectQueryError<"column 'created_at' does not exist on 'memory'."> | ... 22 more ... | SelectQueryError<...>'.
  Property 'created_at' does not exist on type 'SelectQueryError<"column 'created_at' does not exist on 'events'.">'.
src/app/api/monitoring/dashboard/route.ts(159,48): error TS2339: Property 'created_at' does not exist on type 'SelectQueryError<"column 'created_at' does not exist on 'events'."> | SelectQueryError<"column 'created_at' does not exist on 'memory'."> | ... 22 more ... | SelectQueryError<...>'.
  Property 'created_at' does not exist on type 'SelectQueryError<"column 'created_at' does not exist on 'events'.">'.
src/app/api/monitoring/dashboard/route.ts(162,40): error TS2339: Property 'created_at' does not exist on type 'SelectQueryError<"column 'created_at' does not exist on 'events'."> | SelectQueryError<"column 'created_at' does not exist on 'memory'."> | ... 22 more ... | SelectQueryError<...>'.
  Property 'created_at' does not exist on type 'SelectQueryError<"column 'created_at' does not exist on 'events'.">'.
src/app/api/monitoring/dashboard/route.ts(163,51): error TS2339: Property 'created_at' does not exist on type 'SelectQueryError<"column 'created_at' does not exist on 'events'."> | SelectQueryError<"column 'created_at' does not exist on 'memory'."> | ... 22 more ... | SelectQueryError<...>'.
  Property 'created_at' does not exist on type 'SelectQueryError<"column 'created_at' does not exist on 'events'.">'.
src/app/api/monitoring/dashboard/route.ts(169,13): error TS2769: No overload matches this call.
  Overload 1 of 2, '(relation: "events" | "memory" | "emergent_orgs" | "emergent_projects" | "sessions" | "profiles" | "feature_flags" | "feature_flag_webhooks" | "conversations" | "social_campaigns" | ... 14 more ... | "content_queue"): PostgrestQueryBuilder<...>', gave the following error.
    Argument of type '"monitoring_events"' is not assignable to parameter of type '"events" | "memory" | "emergent_orgs" | "emergent_projects" | "sessions" | "profiles" | "feature_flags" | "feature_flag_webhooks" | "conversations" | "social_campaigns" | ... 14 more ... | "content_queue"'.
  Overload 2 of 2, '(relation: never): PostgrestQueryBuilder<{ PostgrestVersion: "13.0.5"; }, { Tables: { emergent_orgs: { Row: { id: string; name: string; slug: string; plan: string | null; created_at: string | null; updated_at: string | null; }; Insert: { ...; }; Update: { ...; }; Relationships: []; }; ... 23 more ...; content_queue: { ...; }; }; Views: {}; Functions: { ...; }; Enums: {}; CompositeTypes: {}; }, never, never, never>', gave the following error.
    Argument of type '"monitoring_events"' is not assignable to parameter of type 'never'.
src/app/api/monitoring/dashboard/route.ts(175,34): error TS2769: No overload matches this call.
  Overload 1 of 2, '(predicate: (value: SelectQueryError<"column 'event_data' does not exist on 'events'."> | SelectQueryError<"column 'event_data' does not exist on 'memory'."> | ... 22 more ... | SelectQueryError<...>, index: number, array: (SelectQueryError<...> | ... 23 more ... | SelectQueryError<...>)[]) => value is SelectQueryError<...> | ... 23 more ... | SelectQueryError<...>, thisArg?: any): (SelectQueryError<...> | ... 23 more ... | SelectQueryError<...>)[] | undefined', gave the following error.
    Argument of type '(e: { event_data: MonitoringEventData; }) => boolean' is not assignable to parameter of type '(value: SelectQueryError<"column 'event_data' does not exist on 'events'."> | SelectQueryError<"column 'event_data' does not exist on 'memory'."> | ... 22 more ... | SelectQueryError<...>, index: number, array: (SelectQueryError<...> | ... 23 more ... | SelectQueryError<...>)[]) => value is SelectQueryError<...> | ....'.
      Types of parameters 'e' and 'value' are incompatible.
        Type 'SelectQueryError<"column 'event_data' does not exist on 'events'."> | SelectQueryError<"column 'event_data' does not exist on 'memory'."> | ... 22 more ... | SelectQueryError<...>' is not assignable to type '{ event_data: MonitoringEventData; }'.
          Property 'event_data' is missing in type '{ error: true; } & String' but required in type '{ event_data: MonitoringEventData; }'.
  Overload 2 of 2, '(predicate: (value: SelectQueryError<"column 'event_data' does not exist on 'events'."> | SelectQueryError<"column 'event_data' does not exist on 'memory'."> | ... 22 more ... | SelectQueryError<...>, index: number, array: (SelectQueryError<...> | ... 23 more ... | SelectQueryError<...>)[]) => unknown, thisArg?: any): (SelectQueryError<...> | ... 23 more ... | SelectQueryError<...>)[] | undefined', gave the following error.
    Argument of type '(e: { event_data: MonitoringEventData; }) => boolean' is not assignable to parameter of type '(value: SelectQueryError<"column 'event_data' does not exist on 'events'."> | SelectQueryError<"column 'event_data' does not exist on 'memory'."> | ... 22 more ... | SelectQueryError<...>, index: number, array: (SelectQueryError<...> | ... 23 more ... | SelectQueryError<...>)[]) => unknown'.
      Types of parameters 'e' and 'value' are incompatible.
        Type 'SelectQueryError<"column 'event_data' does not exist on 'events'."> | SelectQueryError<"column 'event_data' does not exist on 'memory'."> | ... 22 more ... | SelectQueryError<...>' is not assignable to type '{ event_data: MonitoringEventData; }'.
          Property 'event_data' is missing in type '{ error: true; } & String' but required in type '{ event_data: MonitoringEventData; }'.
src/app/api/monitoring/dashboard/route.ts(176,38): error TS2769: No overload matches this call.
  Overload 1 of 2, '(predicate: (value: SelectQueryError<"column 'event_data' does not exist on 'events'."> | SelectQueryError<"column 'event_data' does not exist on 'memory'."> | ... 22 more ... | SelectQueryError<...>, index: number, array: (SelectQueryError<...> | ... 23 more ... | SelectQueryError<...>)[]) => value is SelectQueryError<...> | ... 23 more ... | SelectQueryError<...>, thisArg?: any): (SelectQueryError<...> | ... 23 more ... | SelectQueryError<...>)[] | undefined', gave the following error.
    Argument of type '(e: { event_data: MonitoringEventData; }) => boolean' is not assignable to parameter of type '(value: SelectQueryError<"column 'event_data' does not exist on 'events'."> | SelectQueryError<"column 'event_data' does not exist on 'memory'."> | ... 22 more ... | SelectQueryError<...>, index: number, array: (SelectQueryError<...> | ... 23 more ... | SelectQueryError<...>)[]) => value is SelectQueryError<...> | ....'.
      Types of parameters 'e' and 'value' are incompatible.
        Type 'SelectQueryError<"column 'event_data' does not exist on 'events'."> | SelectQueryError<"column 'event_data' does not exist on 'memory'."> | ... 22 more ... | SelectQueryError<...>' is not assignable to type '{ event_data: MonitoringEventData; }'.
          Property 'event_data' is missing in type '{ error: true; } & String' but required in type '{ event_data: MonitoringEventData; }'.
  Overload 2 of 2, '(predicate: (value: SelectQueryError<"column 'event_data' does not exist on 'events'."> | SelectQueryError<"column 'event_data' does not exist on 'memory'."> | ... 22 more ... | SelectQueryError<...>, index: number, array: (SelectQueryError<...> | ... 23 more ... | SelectQueryError<...>)[]) => unknown, thisArg?: any): (SelectQueryError<...> | ... 23 more ... | SelectQueryError<...>)[] | undefined', gave the following error.
    Argument of type '(e: { event_data: MonitoringEventData; }) => boolean' is not assignable to parameter of type '(value: SelectQueryError<"column 'event_data' does not exist on 'events'."> | SelectQueryError<"column 'event_data' does not exist on 'memory'."> | ... 22 more ... | SelectQueryError<...>, index: number, array: (SelectQueryError<...> | ... 23 more ... | SelectQueryError<...>)[]) => unknown'.
      Types of parameters 'e' and 'value' are incompatible.
        Type 'SelectQueryError<"column 'event_data' does not exist on 'events'."> | SelectQueryError<"column 'event_data' does not exist on 'memory'."> | ... 22 more ... | SelectQueryError<...>' is not assignable to type '{ event_data: MonitoringEventData; }'.
          Property 'event_data' is missing in type '{ error: true; } & String' but required in type '{ event_data: MonitoringEventData; }'.
src/app/api/monitoring/dashboard/route.ts(177,38): error TS2769: No overload matches this call.
  Overload 1 of 2, '(predicate: (value: SelectQueryError<"column 'event_data' does not exist on 'events'."> | SelectQueryError<"column 'event_data' does not exist on 'memory'."> | ... 22 more ... | SelectQueryError<...>, index: number, array: (SelectQueryError<...> | ... 23 more ... | SelectQueryError<...>)[]) => value is SelectQueryError<...> | ... 23 more ... | SelectQueryError<...>, thisArg?: any): (SelectQueryError<...> | ... 23 more ... | SelectQueryError<...>)[] | undefined', gave the following error.
    Argument of type '(e: { event_data: MonitoringEventData; }) => boolean' is not assignable to parameter of type '(value: SelectQueryError<"column 'event_data' does not exist on 'events'."> | SelectQueryError<"column 'event_data' does not exist on 'memory'."> | ... 22 more ... | SelectQueryError<...>, index: number, array: (SelectQueryError<...> | ... 23 more ... | SelectQueryError<...>)[]) => value is SelectQueryError<...> | ....'.
      Types of parameters 'e' and 'value' are incompatible.
        Type 'SelectQueryError<"column 'event_data' does not exist on 'events'."> | SelectQueryError<"column 'event_data' does not exist on 'memory'."> | ... 22 more ... | SelectQueryError<...>' is not assignable to type '{ event_data: MonitoringEventData; }'.
          Property 'event_data' is missing in type '{ error: true; } & String' but required in type '{ event_data: MonitoringEventData; }'.
  Overload 2 of 2, '(predicate: (value: SelectQueryError<"column 'event_data' does not exist on 'events'."> | SelectQueryError<"column 'event_data' does not exist on 'memory'."> | ... 22 more ... | SelectQueryError<...>, index: number, array: (SelectQueryError<...> | ... 23 more ... | SelectQueryError<...>)[]) => unknown, thisArg?: any): (SelectQueryError<...> | ... 23 more ... | SelectQueryError<...>)[] | undefined', gave the following error.
    Argument of type '(e: { event_data: MonitoringEventData; }) => boolean' is not assignable to parameter of type '(value: SelectQueryError<"column 'event_data' does not exist on 'events'."> | SelectQueryError<"column 'event_data' does not exist on 'memory'."> | ... 22 more ... | SelectQueryError<...>, index: number, array: (SelectQueryError<...> | ... 23 more ... | SelectQueryError<...>)[]) => unknown'.
      Types of parameters 'e' and 'value' are incompatible.
        Type 'SelectQueryError<"column 'event_data' does not exist on 'events'."> | SelectQueryError<"column 'event_data' does not exist on 'memory'."> | ... 22 more ... | SelectQueryError<...>' is not assignable to type '{ event_data: MonitoringEventData; }'.
          Property 'event_data' is missing in type '{ error: true; } & String' but required in type '{ event_data: MonitoringEventData; }'.
src/app/api/notifications/route.ts(7,65): error TS2339: Property 'auth' does not exist on type 'Promise<SupabaseClient<Database, "public", "public", { Tables: { emergent_orgs: { Row: { id: string; name: string; slug: string; plan: string | null; created_at: string | null; updated_at: string | null; }; Insert: { ...; }; Update: { ...; }; Relationships: []; }; ... 23 more ...; content_queue: { ...; }; }; Views: ...'.
src/app/api/notifications/route.ts(18,8): error TS2339: Property 'from' does not exist on type 'Promise<SupabaseClient<Database, "public", "public", { Tables: { emergent_orgs: { Row: { id: string; name: string; slug: string; plan: string | null; created_at: string | null; updated_at: string | null; }; Insert: { ...; }; Update: { ...; }; Relationships: []; }; ... 23 more ...; content_queue: { ...; }; }; Views: ...'.
src/app/api/notifications/route.ts(46,65): error TS2339: Property 'auth' does not exist on type 'Promise<SupabaseClient<Database, "public", "public", { Tables: { emergent_orgs: { Row: { id: string; name: string; slug: string; plan: string | null; created_at: string | null; updated_at: string | null; }; Insert: { ...; }; Update: { ...; }; Relationships: []; }; ... 23 more ...; content_queue: { ...; }; }; Views: ...'.
src/app/api/notifications/route.ts(55,8): error TS2339: Property 'from' does not exist on type 'Promise<SupabaseClient<Database, "public", "public", { Tables: { emergent_orgs: { Row: { id: string; name: string; slug: string; plan: string | null; created_at: string | null; updated_at: string | null; }; Insert: { ...; }; Update: { ...; }; Relationships: []; }; ... 23 more ...; content_queue: { ...; }; }; Views: ...'.
src/app/api/orgs/route.ts(20,8): error TS2339: Property 'from' does not exist on type 'Promise<SupabaseClient<Database, "public", "public", { Tables: { emergent_orgs: { Row: { id: string; name: string; slug: string; plan: string | null; created_at: string | null; updated_at: string | null; }; Insert: { ...; }; Update: { ...; }; Relationships: []; }; ... 23 more ...; content_queue: { ...; }; }; Views: ...'.
src/app/api/orgs/route.ts(69,8): error TS2339: Property 'from' does not exist on type 'Promise<SupabaseClient<Database, "public", "public", { Tables: { emergent_orgs: { Row: { id: string; name: string; slug: string; plan: string | null; created_at: string | null; updated_at: string | null; }; Insert: { ...; }; Update: { ...; }; Relationships: []; }; ... 23 more ...; content_queue: { ...; }; }; Views: ...'.
src/app/api/orgs/route.ts(79,20): error TS2339: Property 'from' does not exist on type 'Promise<SupabaseClient<Database, "public", "public", { Tables: { emergent_orgs: { Row: { id: string; name: string; slug: string; plan: string | null; created_at: string | null; updated_at: string | null; }; Insert: { ...; }; Update: { ...; }; Relationships: []; }; ... 23 more ...; content_queue: { ...; }; }; Views: ...'.
src/app/api/privacy/consent/route.ts(40,56): error TS2345: Argument of type '"authenticated"' is not assignable to parameter of type 'number | "STRICT" | "STANDARD" | "LENIENT" | "AUTH" | "ADMIN" | "EXPORT"'.
src/app/api/privacy/consent/route.ts(94,56): error TS2345: Argument of type '"authenticated"' is not assignable to parameter of type 'number | "STRICT" | "STANDARD" | "LENIENT" | "AUTH" | "ADMIN" | "EXPORT"'.
src/app/api/rgy/intents/route.ts(14,65): error TS2339: Property 'auth' does not exist on type 'Promise<SupabaseClient<Database, "public", "public", { Tables: { emergent_orgs: { Row: { id: string; name: string; slug: string; plan: string | null; created_at: string | null; updated_at: string | null; }; Insert: { ...; }; Update: { ...; }; Relationships: []; }; ... 23 more ...; content_queue: { ...; }; }; Views: ...'.
src/app/api/rgy/intents/route.ts(53,8): error TS2339: Property 'from' does not exist on type 'Promise<SupabaseClient<Database, "public", "public", { Tables: { emergent_orgs: { Row: { id: string; name: string; slug: string; plan: string | null; created_at: string | null; updated_at: string | null; }; Insert: { ...; }; Update: { ...; }; Relationships: []; }; ... 23 more ...; content_queue: { ...; }; }; Views: ...'.
src/app/api/rgy/intents/route.ts(63,10): error TS2339: Property 'from' does not exist on type 'Promise<SupabaseClient<Database, "public", "public", { Tables: { emergent_orgs: { Row: { id: string; name: string; slug: string; plan: string | null; created_at: string | null; updated_at: string | null; }; Insert: { ...; }; Update: { ...; }; Relationships: []; }; ... 23 more ...; content_queue: { ...; }; }; Views: ...'.
src/app/api/rgy/intents/route.ts(90,10): error TS2339: Property 'from' does not exist on type 'Promise<SupabaseClient<Database, "public", "public", { Tables: { emergent_orgs: { Row: { id: string; name: string; slug: string; plan: string | null; created_at: string | null; updated_at: string | null; }; Insert: { ...; }; Update: { ...; }; Relationships: []; }; ... 23 more ...; content_queue: { ...; }; }; Views: ...'.
src/app/api/rgy/intents/route.ts(134,65): error TS2339: Property 'auth' does not exist on type 'Promise<SupabaseClient<Database, "public", "public", { Tables: { emergent_orgs: { Row: { id: string; name: string; slug: string; plan: string | null; created_at: string | null; updated_at: string | null; }; Insert: { ...; }; Update: { ...; }; Relationships: []; }; ... 23 more ...; content_queue: { ...; }; }; Views: ...'.
src/app/api/rgy/intents/route.ts(147,8): error TS2339: Property 'from' does not exist on type 'Promise<SupabaseClient<Database, "public", "public", { Tables: { emergent_orgs: { Row: { id: string; name: string; slug: string; plan: string | null; created_at: string | null; updated_at: string | null; }; Insert: { ...; }; Update: { ...; }; Relationships: []; }; ... 23 more ...; content_queue: { ...; }; }; Views: ...'.
src/app/api/rgy/intents/route.ts(188,65): error TS2339: Property 'auth' does not exist on type 'Promise<SupabaseClient<Database, "public", "public", { Tables: { emergent_orgs: { Row: { id: string; name: string; slug: string; plan: string | null; created_at: string | null; updated_at: string | null; }; Insert: { ...; }; Update: { ...; }; Relationships: []; }; ... 23 more ...; content_queue: { ...; }; }; Views: ...'.
src/app/api/rgy/intents/route.ts(208,8): error TS2339: Property 'from' does not exist on type 'Promise<SupabaseClient<Database, "public", "public", { Tables: { emergent_orgs: { Row: { id: string; name: string; slug: string; plan: string | null; created_at: string | null; updated_at: string | null; }; Insert: { ...; }; Update: { ...; }; Relationships: []; }; ... 23 more ...; content_queue: { ...; }; }; Views: ...'.
src/app/api/rgy/opportunities/discover/route.ts(14,65): error TS2339: Property 'auth' does not exist on type 'Promise<SupabaseClient<Database, "public", "public", { Tables: { emergent_orgs: { Row: { id: string; name: string; slug: string; plan: string | null; created_at: string | null; updated_at: string | null; }; Insert: { ...; }; Update: { ...; }; Relationships: []; }; ... 23 more ...; content_queue: { ...; }; }; Views: ...'.
src/app/api/rgy/opportunities/discover/route.ts(43,8): error TS2339: Property 'from' does not exist on type 'Promise<SupabaseClient<Database, "public", "public", { Tables: { emergent_orgs: { Row: { id: string; name: string; slug: string; plan: string | null; created_at: string | null; updated_at: string | null; }; Insert: { ...; }; Update: { ...; }; Relationships: []; }; ... 23 more ...; content_queue: { ...; }; }; Views: ...'.
src/app/api/rgy/opportunities/discover/route.ts(76,10): error TS2339: Property 'rpc' does not exist on type 'Promise<SupabaseClient<Database, "public", "public", { Tables: { emergent_orgs: { Row: { id: string; name: string; slug: string; plan: string | null; created_at: string | null; updated_at: string | null; }; Insert: { ...; }; Update: { ...; }; Relationships: []; }; ... 23 more ...; content_queue: { ...; }; }; Views: ...'.
src/app/api/rgy/opportunities/discover/route.ts(91,12): error TS2339: Property 'from' does not exist on type 'Promise<SupabaseClient<Database, "public", "public", { Tables: { emergent_orgs: { Row: { id: string; name: string; slug: string; plan: string | null; created_at: string | null; updated_at: string | null; }; Insert: { ...; }; Update: { ...; }; Relationships: []; }; ... 23 more ...; content_queue: { ...; }; }; Views: ...'.
src/app/api/rgy/opportunities/discover/route.ts(97,54): error TS7006: Parameter 'opp' implicitly has an 'any' type.
src/app/api/rgy/opportunities/discover/route.ts(121,10): error TS2339: Property 'from' does not exist on type 'Promise<SupabaseClient<Database, "public", "public", { Tables: { emergent_orgs: { Row: { id: string; name: string; slug: string; plan: string | null; created_at: string | null; updated_at: string | null; }; Insert: { ...; }; Update: { ...; }; Relationships: []; }; ... 23 more ...; content_queue: { ...; }; }; Views: ...'.
src/app/api/rgy/opportunities/discover/route.ts(130,12): error TS2339: Property 'from' does not exist on type 'Promise<SupabaseClient<Database, "public", "public", { Tables: { emergent_orgs: { Row: { id: string; name: string; slug: string; plan: string | null; created_at: string | null; updated_at: string | null; }; Insert: { ...; }; Update: { ...; }; Relationships: []; }; ... 23 more ...; content_queue: { ...; }; }; Views: ...'.
src/app/api/rgy/opportunities/express-interest/route.ts(14,65): error TS2339: Property 'auth' does not exist on type 'Promise<SupabaseClient<Database, "public", "public", { Tables: { emergent_orgs: { Row: { id: string; name: string; slug: string; plan: string | null; created_at: string | null; updated_at: string | null; }; Insert: { ...; }; Update: { ...; }; Relationships: []; }; ... 23 more ...; content_queue: { ...; }; }; Views: ...'.
src/app/api/rgy/opportunities/express-interest/route.ts(34,8): error TS2339: Property 'from' does not exist on type 'Promise<SupabaseClient<Database, "public", "public", { Tables: { emergent_orgs: { Row: { id: string; name: string; slug: string; plan: string | null; created_at: string | null; updated_at: string | null; }; Insert: { ...; }; Update: { ...; }; Relationships: []; }; ... 23 more ...; content_queue: { ...; }; }; Views: ...'.
src/app/api/rgy/opportunities/express-interest/route.ts(63,8): error TS2339: Property 'from' does not exist on type 'Promise<SupabaseClient<Database, "public", "public", { Tables: { emergent_orgs: { Row: { id: string; name: string; slug: string; plan: string | null; created_at: string | null; updated_at: string | null; }; Insert: { ...; }; Update: { ...; }; Relationships: []; }; ... 23 more ...; content_queue: { ...; }; }; Views: ...'.
src/app/api/rgy/opportunities/express-interest/route.ts(72,10): error TS2339: Property 'from' does not exist on type 'Promise<SupabaseClient<Database, "public", "public", { Tables: { emergent_orgs: { Row: { id: string; name: string; slug: string; plan: string | null; created_at: string | null; updated_at: string | null; }; Insert: { ...; }; Update: { ...; }; Relationships: []; }; ... 23 more ...; content_queue: { ...; }; }; Views: ...'.
src/app/api/rgy/opportunities/express-interest/route.ts(94,10): error TS2339: Property 'from' does not exist on type 'Promise<SupabaseClient<Database, "public", "public", { Tables: { emergent_orgs: { Row: { id: string; name: string; slug: string; plan: string | null; created_at: string | null; updated_at: string | null; }; Insert: { ...; }; Update: { ...; }; Relationships: []; }; ... 23 more ...; content_queue: { ...; }; }; Views: ...'.
src/app/api/rgy/subscription/route.ts(14,65): error TS2339: Property 'auth' does not exist on type 'Promise<SupabaseClient<Database, "public", "public", { Tables: { emergent_orgs: { Row: { id: string; name: string; slug: string; plan: string | null; created_at: string | null; updated_at: string | null; }; Insert: { ...; }; Update: { ...; }; Relationships: []; }; ... 23 more ...; content_queue: { ...; }; }; Views: ...'.
src/app/api/rgy/subscription/route.ts(23,8): error TS2339: Property 'from' does not exist on type 'Promise<SupabaseClient<Database, "public", "public", { Tables: { emergent_orgs: { Row: { id: string; name: string; slug: string; plan: string | null; created_at: string | null; updated_at: string | null; }; Insert: { ...; }; Update: { ...; }; Relationships: []; }; ... 23 more ...; content_queue: { ...; }; }; Views: ...'.
src/app/api/rgy/subscription/route.ts(59,65): error TS2339: Property 'auth' does not exist on type 'Promise<SupabaseClient<Database, "public", "public", { Tables: { emergent_orgs: { Row: { id: string; name: string; slug: string; plan: string | null; created_at: string | null; updated_at: string | null; }; Insert: { ...; }; Update: { ...; }; Relationships: []; }; ... 23 more ...; content_queue: { ...; }; }; Views: ...'.
src/app/api/rgy/subscription/route.ts(72,8): error TS2339: Property 'from' does not exist on type 'Promise<SupabaseClient<Database, "public", "public", { Tables: { emergent_orgs: { Row: { id: string; name: string; slug: string; plan: string | null; created_at: string | null; updated_at: string | null; }; Insert: { ...; }; Update: { ...; }; Relationships: []; }; ... 23 more ...; content_queue: { ...; }; }; Views: ...'.
src/app/api/rgy/subscription/route.ts(84,10): error TS2339: Property 'from' does not exist on type 'Promise<SupabaseClient<Database, "public", "public", { Tables: { emergent_orgs: { Row: { id: string; name: string; slug: string; plan: string | null; created_at: string | null; updated_at: string | null; }; Insert: { ...; }; Update: { ...; }; Relationships: []; }; ... 23 more ...; content_queue: { ...; }; }; Views: ...'.
src/app/api/rgy/subscription/route.ts(106,10): error TS2339: Property 'from' does not exist on type 'Promise<SupabaseClient<Database, "public", "public", { Tables: { emergent_orgs: { Row: { id: string; name: string; slug: string; plan: string | null; created_at: string | null; updated_at: string | null; }; Insert: { ...; }; Update: { ...; }; Relationships: []; }; ... 23 more ...; content_queue: { ...; }; }; Views: ...'.
src/app/api/verbal-command/route.ts(41,15): error TS2769: No overload matches this call.
  Overload 1 of 2, '(relation: "events" | "memory" | "emergent_orgs" | "emergent_projects" | "sessions" | "profiles" | "feature_flags" | "feature_flag_webhooks" | "conversations" | "social_campaigns" | ... 14 more ... | "content_queue"): PostgrestQueryBuilder<...>', gave the following error.
    Argument of type '"pending_intents"' is not assignable to parameter of type '"events" | "memory" | "emergent_orgs" | "emergent_projects" | "sessions" | "profiles" | "feature_flags" | "feature_flag_webhooks" | "conversations" | "social_campaigns" | ... 14 more ... | "content_queue"'.
  Overload 2 of 2, '(relation: never): PostgrestQueryBuilder<{ PostgrestVersion: "13.0.5"; }, { Tables: { emergent_orgs: { Row: { id: string; name: string; slug: string; plan: string | null; created_at: string | null; updated_at: string | null; }; Insert: { ...; }; Update: { ...; }; Relationships: []; }; ... 23 more ...; content_queue: { ...; }; }; Views: {}; Functions: { ...; }; Enums: {}; CompositeTypes: {}; }, never, never, never>', gave the following error.
    Argument of type '"pending_intents"' is not assignable to parameter of type 'never'.
src/app/api/verbal-command/route.ts(59,22): error TS2339: Property 'intent' does not exist on type '{ avatar_url: string | null; created_at: string | null; cubiqo_email: string | null; cubiqo_phone: string | null; display_name: string | null; email: string | null; handle: string | null; ... 4 more ...; updated_at: string | null; } | ... 23 more ... | { ...; }'.
  Property 'intent' does not exist on type '{ avatar_url: string | null; created_at: string | null; cubiqo_email: string | null; cubiqo_phone: string | null; display_name: string | null; email: string | null; handle: string | null; ... 4 more ...; updated_at: string | null; }'.
src/app/api/verbal-command/route.ts(65,15): error TS2769: No overload matches this call.
  Overload 1 of 2, '(relation: "events" | "memory" | "emergent_orgs" | "emergent_projects" | "sessions" | "profiles" | "feature_flags" | "feature_flag_webhooks" | "conversations" | "social_campaigns" | ... 14 more ... | "content_queue"): PostgrestQueryBuilder<...>', gave the following error.
    Argument of type '"pending_intents"' is not assignable to parameter of type '"events" | "memory" | "emergent_orgs" | "emergent_projects" | "sessions" | "profiles" | "feature_flags" | "feature_flag_webhooks" | "conversations" | "social_campaigns" | ... 14 more ... | "content_queue"'.
  Overload 2 of 2, '(relation: never): PostgrestQueryBuilder<{ PostgrestVersion: "13.0.5"; }, { Tables: { emergent_orgs: { Row: { id: string; name: string; slug: string; plan: string | null; created_at: string | null; updated_at: string | null; }; Insert: { ...; }; Update: { ...; }; Relationships: []; }; ... 23 more ...; content_queue: { ...; }; }; Views: {}; Functions: { ...; }; Enums: {}; CompositeTypes: {}; }, never, never, never>', gave the following error.
    Argument of type '"pending_intents"' is not assignable to parameter of type 'never'.
src/app/api/verbal-command/route.ts(109,15): error TS2769: No overload matches this call.
  Overload 1 of 2, '(relation: "events" | "memory" | "emergent_orgs" | "emergent_projects" | "sessions" | "profiles" | "feature_flags" | "feature_flag_webhooks" | "conversations" | "social_campaigns" | ... 14 more ... | "content_queue"): PostgrestQueryBuilder<...>', gave the following error.
    Argument of type '"pending_intents"' is not assignable to parameter of type '"events" | "memory" | "emergent_orgs" | "emergent_projects" | "sessions" | "profiles" | "feature_flags" | "feature_flag_webhooks" | "conversations" | "social_campaigns" | ... 14 more ... | "content_queue"'.
  Overload 2 of 2, '(relation: never): PostgrestQueryBuilder<{ PostgrestVersion: "13.0.5"; }, { Tables: { emergent_orgs: { Row: { id: string; name: string; slug: string; plan: string | null; created_at: string | null; updated_at: string | null; }; Insert: { ...; }; Update: { ...; }; Relationships: []; }; ... 23 more ...; content_queue: { ...; }; }; Views: {}; Functions: { ...; }; Enums: {}; CompositeTypes: {}; }, never, never, never>', gave the following error.
    Argument of type '"pending_intents"' is not assignable to parameter of type 'never'.
src/app/founderspass/dashboard/page.tsx(626,53): error TS2322: Type '{ key: number; role: "user" | "assistant"; content: string; color: "ORANGE"; onActionConfirm: (actionId: string, action: Action) => Promise<void>; }' is not assignable to type 'IntrinsicAttributes & ChatMessageProps'.
  Property 'onActionConfirm' does not exist on type 'IntrinsicAttributes & ChatMessageProps'.
src/app/job-hunt/setup/page.tsx(69,34): error TS18048: 'formData.target_locations' is possibly 'undefined'.
src/app/job-hunt/setup/page.tsx(72,31): error TS2488: Type 'string[] | undefined' must have a '[Symbol.iterator]()' method that returns an iterator.
src/app/job-hunt/setup/page.tsx(81,25): error TS18048: 'formData.target_locations' is possibly 'undefined'.
src/app/job-hunt/setup/page.tsx(330,18): error TS18048: 'formData.target_locations' is possibly 'undefined'.
src/app/side-panel/page.tsx(98,21): error TS2322: Type '{ sessionId: string | null; currentColor: ColorName; onColorChange: Dispatch<SetStateAction<ColorName>>; initialContext: string | undefined; isExtension: boolean; }' is not assignable to type 'IntrinsicAttributes & ChatContainerProps'.
  Property 'initialContext' does not exist on type 'IntrinsicAttributes & ChatContainerProps'.
src/components/admin/OverviewDashboard.tsx(20,8): error TS2307: Cannot find module 'recharts' or its corresponding type declarations.
src/components/admin/OverviewDashboard.tsx(144,51): error TS7053: Element implicitly has an 'any' type because expression of type 'any' can't be used to index type '{ blue: string; green: string; purple: string; orange: string; }'.
src/components/admin/OverviewDashboard.tsx(146,51): error TS7053: Element implicitly has an 'any' type because expression of type 'any' can't be used to index type '{ blue: string; green: string; purple: string; orange: string; }'.
src/components/admin/OverviewDashboard.tsx(147,48): error TS7053: Element implicitly has an 'any' type because expression of type 'any' can't be used to index type '{ blue: string; green: string; purple: string; orange: string; }'.
src/components/cube/CubeDemo.tsx(12,50): error TS2322: Type '"GREEN_BLUE"' is not assignable to type 'ColorName'.
src/components/cube/CubeDemo.tsx(41,21): error TS2367: This comparison appears to be unintentional because the types '"TEAL" | "ORANGE"' and '"GREEN_BLUE"' have no overlap.
src/components/cube/CubeDemo.tsx(48,18): error TS2367: This comparison appears to be unintentional because the types 'ColorName' and '"GREEN_BLUE"' have no overlap.
src/components/cube/EnergyCube.tsx(232,3): error TS2353: Object literal may only specify known properties, and 'GREEN_BLUE' does not exist in type 'Record<ColorName, { primary: Color; secondary: Color; accent: Color; shadowColor: Color | null; floats: boolean; floatHeight: number; isLanding?: boolean | undefined; }>'.
src/components/CubiQoApp.tsx(143,25): error TS2367: This comparison appears to be unintentional because the types '"TEAL" | "ORANGE"' and '"GREEN_BLUE"' have no overlap.
src/components/CubiQoApp.tsx(147,18): error TS2367: This comparison appears to be unintentional because the types 'ColorName' and '"GREEN_BLUE"' have no overlap.
src/components/FullscreenApp.tsx(1041,9): error TS2322: Type '{ isOpen: boolean; onClose: () => void; isDark: boolean; onZoneSelect: (context: RGYContext) => void; }' is not assignable to type 'IntrinsicAttributes & RGYChatsModalProps'.
  Property 'onZoneSelect' does not exist on type 'IntrinsicAttributes & RGYChatsModalProps'.
src/components/landing/ParticleLanding.tsx(146,25): error TS2322: Type '{ children: Element; disableNormalPass: true; }' is not assignable to type 'IntrinsicAttributes & EffectComposerProps & RefAttributes<EffectComposer>'.
  Property 'disableNormalPass' does not exist on type 'IntrinsicAttributes & EffectComposerProps & RefAttributes<EffectComposer>'. Did you mean 'enableNormalPass'?
src/components/RGYIntentKeywordList.tsx(188,15): error TS2322: Type '{ children: string; variant: "default" | "outline"; className: string; onClick: () => void; }' is not assignable to type 'IntrinsicAttributes & BadgeProps'.
  Property 'onClick' does not exist on type 'IntrinsicAttributes & BadgeProps'.
src/components/RGYIntentKeywordList.tsx(200,17): error TS2322: Type '{ children: (string | Element)[]; key: string; variant: "outline"; className: string; onClick: () => void; }' is not assignable to type 'IntrinsicAttributes & BadgeProps'.
  Property 'onClick' does not exist on type 'IntrinsicAttributes & BadgeProps'.
src/components/settings-cube/SettingsCube.tsx(31,46): error TS2345: Argument of type '"RED" | "YELLOW" | "GREEN_BLUE" | "ORANGE"' is not assignable to parameter of type 'ColorName'.
  Type '"GREEN_BLUE"' is not assignable to type 'ColorName'.
src/components/stories/AuthButton.stories.tsx(1,37): error TS2307: Cannot find module '@storybook/react' or its corresponding type declarations.
src/components/stories/AuthNudgeModal.stories.tsx(1,37): error TS2307: Cannot find module '@storybook/react' or its corresponding type declarations.
src/components/stories/BYOSettings.stories.tsx(1,37): error TS2307: Cannot find module '@storybook/react' or its corresponding type declarations.
src/components/stories/BYOSettings.stories.tsx(21,6): error TS7006: Parameter 'Story' implicitly has an 'any' type.
src/components/stories/BYOSettings.stories.tsx(36,6): error TS7006: Parameter 'Story' implicitly has an 'any' type.
src/components/stories/FullscreenApp.stories.tsx(1,37): error TS2307: Cannot find module '@storybook/react' or its corresponding type declarations.
src/components/stories/GettingStartedPanel.stories.tsx(1,37): error TS2307: Cannot find module '@storybook/react' or its corresponding type declarations.
src/components/stories/GettingStartedPanel.stories.tsx(63,22): error TS7006: Parameter 'text' implicitly has an 'any' type.
src/components/stories/KeywordPanel.stories.tsx(1,37): error TS2307: Cannot find module '@storybook/react' or its corresponding type declarations.
src/components/stories/LoginForm.stories.tsx(1,37): error TS2307: Cannot find module '@storybook/react' or its corresponding type declarations.
src/components/stories/LoginForm.stories.tsx(18,6): error TS7006: Parameter 'Story' implicitly has an 'any' type.
src/components/stories/LoginForm.stories.tsx(33,6): error TS7006: Parameter 'Story' implicitly has an 'any' type.
src/components/stories/RGYChatsModal.stories.tsx(1,37): error TS2307: Cannot find module '@storybook/react' or its corresponding type declarations.
src/components/studio/StudioLayout.tsx(199,16): error TS2741: Property 'currentFile' is missing in type '{ onFileSelect: (path: string) => void; }' but required in type 'FileExplorerProps'.
src/lib/ai/llm-router.ts(39,10): error TS2678: Type '"openrouter"' is not comparable to type '"openai" | "meta" | "groq" | "google" | "anthropic" | "mistral" | "emergent"'.
src/lib/auth/permissions.ts(24,6): error TS2339: Property 'from' does not exist on type 'Promise<SupabaseClient<Database, "public", "public", { Tables: { emergent_orgs: { Row: { id: string; name: string; slug: string; plan: string | null; created_at: string | null; updated_at: string | null; }; Insert: { ...; }; Update: { ...; }; Relationships: []; }; ... 23 more ...; content_queue: { ...; }; }; Views: ...'.
src/lib/auth/permissions.ts(63,22): error TS2339: Property 'auth' does not exist on type 'Promise<SupabaseClient<Database, "public", "public", { Tables: { emergent_orgs: { Row: { id: string; name: string; slug: string; plan: string | null; created_at: string | null; updated_at: string | null; }; Insert: { ...; }; Update: { ...; }; Relationships: []; }; ... 23 more ...; content_queue: { ...; }; }; Views: ...'.
src/lib/auth/permissions.ts(108,6): error TS2339: Property 'from' does not exist on type 'Promise<SupabaseClient<Database, "public", "public", { Tables: { emergent_orgs: { Row: { id: string; name: string; slug: string; plan: string | null; created_at: string | null; updated_at: string | null; }; Insert: { ...; }; Update: { ...; }; Relationships: []; }; ... 23 more ...; content_queue: { ...; }; }; Views: ...'.
src/lib/auth/permissions.ts(129,6): error TS2339: Property 'from' does not exist on type 'Promise<SupabaseClient<Database, "public", "public", { Tables: { emergent_orgs: { Row: { id: string; name: string; slug: string; plan: string | null; created_at: string | null; updated_at: string | null; }; Insert: { ...; }; Update: { ...; }; Relationships: []; }; ... 23 more ...; content_queue: { ...; }; }; Views: ...'.
src/lib/auth/permissions.ts(138,3): error TS2578: Unused '@ts-expect-error' directive.
src/lib/browser/browser-service.ts(249,24): error TS7006: Parameter 'el' implicitly has an 'any' type.
src/lib/browser/browser-service.ts(249,42): error TS7006: Parameter 'node' implicitly has an 'any' type.
src/lib/browser/browser-service.ts(323,31): error TS7006: Parameter 'direction' implicitly has an 'any' type.
src/lib/browser/browser-service.ts(323,42): error TS7006: Parameter 'amount' implicitly has an 'any' type.
src/lib/browser/browser-service.ts(356,42): error TS7006: Parameter 'sel' implicitly has an 'any' type.
src/lib/browser/browser-service.ts(381,42): error TS7006: Parameter 'sel' implicitly has an 'any' type.
src/lib/browser/browser-service.ts(387,38): error TS18046: 'row' is of type 'unknown'.
src/lib/browser/browser-service.ts(388,38): error TS18046: 'cell' is of type 'unknown'.
src/lib/browser/BrowserQueue.ts(263,27): error TS2769: No overload matches this call.
  Overload 1 of 2, '(relation: "events" | "memory" | "emergent_orgs" | "emergent_projects" | "sessions" | "profiles" | "feature_flags" | "feature_flag_webhooks" | "conversations" | "social_campaigns" | ... 14 more ... | "content_queue"): PostgrestQueryBuilder<...>', gave the following error.
    Argument of type '"browser_sessions"' is not assignable to parameter of type '"events" | "memory" | "emergent_orgs" | "emergent_projects" | "sessions" | "profiles" | "feature_flags" | "feature_flag_webhooks" | "conversations" | "social_campaigns" | ... 14 more ... | "content_queue"'.
  Overload 2 of 2, '(relation: never): PostgrestQueryBuilder<{ PostgrestVersion: "13.0.5"; }, { Tables: { emergent_orgs: { Row: { id: string; name: string; slug: string; plan: string | null; created_at: string | null; updated_at: string | null; }; Insert: { ...; }; Update: { ...; }; Relationships: []; }; ... 23 more ...; content_queue: { ...; }; }; Views: {}; Functions: { ...; }; Enums: {}; CompositeTypes: {}; }, never, never, never>', gave the following error.
    Argument of type '"browser_sessions"' is not assignable to parameter of type 'never'.
src/lib/browser/BrowserQueue.ts(287,15): error TS2769: No overload matches this call.
  Overload 1 of 2, '(relation: "events" | "memory" | "emergent_orgs" | "emergent_projects" | "sessions" | "profiles" | "feature_flags" | "feature_flag_webhooks" | "conversations" | "social_campaigns" | ... 14 more ... | "content_queue"): PostgrestQueryBuilder<...>', gave the following error.
    Argument of type '"browser_sessions"' is not assignable to parameter of type '"events" | "memory" | "emergent_orgs" | "emergent_projects" | "sessions" | "profiles" | "feature_flags" | "feature_flag_webhooks" | "conversations" | "social_campaigns" | ... 14 more ... | "content_queue"'.
  Overload 2 of 2, '(relation: never): PostgrestQueryBuilder<{ PostgrestVersion: "13.0.5"; }, { Tables: { emergent_orgs: { Row: { id: string; name: string; slug: string; plan: string | null; created_at: string | null; updated_at: string | null; }; Insert: { ...; }; Update: { ...; }; Relationships: []; }; ... 23 more ...; content_queue: { ...; }; }; Views: {}; Functions: { ...; }; Enums: {}; CompositeTypes: {}; }, never, never, never>', gave the following error.
    Argument of type '"browser_sessions"' is not assignable to parameter of type 'never'.
src/lib/browser/consent-manager.ts(182,50): error TS2345: Argument of type '"get_user_domain_consent"' is not assignable to parameter of type '"cleanup_expired_data" | "convert_guest_session" | "ensure_profile_and_session" | "generate_unique_handle" | "log_admin_action"'.
src/lib/browser/consent-manager.ts(192,22): error TS2339: Property 'approved' does not exist on type 'string'.
src/lib/browser/consent-manager.ts(213,27): error TS2769: No overload matches this call.
  Overload 1 of 2, '(relation: "events" | "memory" | "emergent_orgs" | "emergent_projects" | "sessions" | "profiles" | "feature_flags" | "feature_flag_webhooks" | "conversations" | "social_campaigns" | ... 14 more ... | "content_queue"): PostgrestQueryBuilder<...>', gave the following error.
    Argument of type '"browser_consent_records"' is not assignable to parameter of type '"events" | "memory" | "emergent_orgs" | "emergent_projects" | "sessions" | "profiles" | "feature_flags" | "feature_flag_webhooks" | "conversations" | "social_campaigns" | ... 14 more ... | "content_queue"'.
  Overload 2 of 2, '(relation: never): PostgrestQueryBuilder<{ PostgrestVersion: "13.0.5"; }, { Tables: { emergent_orgs: { Row: { id: string; name: string; slug: string; plan: string | null; created_at: string | null; updated_at: string | null; }; Insert: { ...; }; Update: { ...; }; Relationships: []; }; ... 23 more ...; content_queue: { ...; }; }; Views: {}; Functions: { ...; }; Enums: {}; CompositeTypes: {}; }, never, never, never>', gave the following error.
    Argument of type '"browser_consent_records"' is not assignable to parameter of type 'never'.
src/lib/browser/consent-manager.ts(243,27): error TS2769: No overload matches this call.
  Overload 1 of 2, '(relation: "events" | "memory" | "emergent_orgs" | "emergent_projects" | "sessions" | "profiles" | "feature_flags" | "feature_flag_webhooks" | "conversations" | "social_campaigns" | ... 14 more ... | "content_queue"): PostgrestQueryBuilder<...>', gave the following error.
    Argument of type '"browser_consent_records"' is not assignable to parameter of type '"events" | "memory" | "emergent_orgs" | "emergent_projects" | "sessions" | "profiles" | "feature_flags" | "feature_flag_webhooks" | "conversations" | "social_campaigns" | ... 14 more ... | "content_queue"'.
  Overload 2 of 2, '(relation: never): PostgrestQueryBuilder<{ PostgrestVersion: "13.0.5"; }, { Tables: { emergent_orgs: { Row: { id: string; name: string; slug: string; plan: string | null; created_at: string | null; updated_at: string | null; }; Insert: { ...; }; Update: { ...; }; Relationships: []; }; ... 23 more ...; content_queue: { ...; }; }; Views: {}; Functions: { ...; }; Enums: {}; CompositeTypes: {}; }, never, never, never>', gave the following error.
    Argument of type '"browser_consent_records"' is not assignable to parameter of type 'never'.
src/lib/browser/consent-manager.ts(319,15): error TS2769: No overload matches this call.
  Overload 1 of 2, '(relation: "events" | "memory" | "emergent_orgs" | "emergent_projects" | "sessions" | "profiles" | "feature_flags" | "feature_flag_webhooks" | "conversations" | "social_campaigns" | ... 14 more ... | "content_queue"): PostgrestQueryBuilder<...>', gave the following error.
    Argument of type '"browser_consent_records"' is not assignable to parameter of type '"events" | "memory" | "emergent_orgs" | "emergent_projects" | "sessions" | "profiles" | "feature_flags" | "feature_flag_webhooks" | "conversations" | "social_campaigns" | ... 14 more ... | "content_queue"'.
  Overload 2 of 2, '(relation: never): PostgrestQueryBuilder<{ PostgrestVersion: "13.0.5"; }, { Tables: { emergent_orgs: { Row: { id: string; name: string; slug: string; plan: string | null; created_at: string | null; updated_at: string | null; }; Insert: { ...; }; Update: { ...; }; Relationships: []; }; ... 23 more ...; content_queue: { ...; }; }; Views: {}; Functions: { ...; }; Enums: {}; CompositeTypes: {}; }, never, never, never>', gave the following error.
    Argument of type '"browser_consent_records"' is not assignable to parameter of type 'never'.
src/lib/browser/consent-manager.ts(335,31): error TS2345: Argument of type '(record: { domain: string; action_description: string; approved: boolean; created_at: string; }) => { domain: string; actionDescription: string; approved: boolean; createdAt: string; }' is not assignable to parameter of type '(value: SelectQueryError<"column 'domain' does not exist on 'events'."> | SelectQueryError<"column 'domain' does not exist on 'memory'."> | ... 22 more ... | SelectQueryError<...>, index: number, array: (SelectQueryError<...> | ... 23 more ... | SelectQueryError<...>)[]) => { ...; }'.
  Types of parameters 'record' and 'value' are incompatible.
    Type 'SelectQueryError<"column 'domain' does not exist on 'events'."> | SelectQueryError<"column 'domain' does not exist on 'memory'."> | ... 22 more ... | SelectQueryError<...>' is not assignable to type '{ domain: string; action_description: string; approved: boolean; created_at: string; }'.
      Type '{ error: true; } & String' is missing the following properties from type '{ domain: string; action_description: string; approved: boolean; created_at: string; }': domain, action_description, approved, created_at
src/lib/browser/consent-manager.ts(364,15): error TS2769: No overload matches this call.
  Overload 1 of 2, '(relation: "events" | "memory" | "emergent_orgs" | "emergent_projects" | "sessions" | "profiles" | "feature_flags" | "feature_flag_webhooks" | "conversations" | "social_campaigns" | ... 14 more ... | "content_queue"): PostgrestQueryBuilder<...>', gave the following error.
    Argument of type '"browser_consent_records"' is not assignable to parameter of type '"events" | "memory" | "emergent_orgs" | "emergent_projects" | "sessions" | "profiles" | "feature_flags" | "feature_flag_webhooks" | "conversations" | "social_campaigns" | ... 14 more ... | "content_queue"'.
  Overload 2 of 2, '(relation: never): PostgrestQueryBuilder<{ PostgrestVersion: "13.0.5"; }, { Tables: { emergent_orgs: { Row: { id: string; name: string; slug: string; plan: string | null; created_at: string | null; updated_at: string | null; }; Insert: { ...; }; Update: { ...; }; Relationships: []; }; ... 23 more ...; content_queue: { ...; }; }; Views: {}; Functions: { ...; }; Enums: {}; CompositeTypes: {}; }, never, never, never>', gave the following error.
    Argument of type '"browser_consent_records"' is not assignable to parameter of type 'never'.
src/lib/byo/byo-manager.ts(42,25): error TS2339: Property 'byo_config' does not exist on type 'SelectQueryError<"column 'byo_config' does not exist on 'profiles'.">'.
src/lib/byo/byo-manager.ts(46,31): error TS2339: Property 'byo_config' does not exist on type 'SelectQueryError<"column 'byo_config' does not exist on 'profiles'.">'.
src/lib/byo/byo-manager.ts(113,17): error TS2353: Object literal may only specify known properties, and 'byo_config' does not exist in type '{ avatar_url?: string | null | undefined; created_at?: string | null | undefined; cubiqo_email?: string | null | undefined; cubiqo_phone?: string | null | undefined; display_name?: string | ... 1 more ... | undefined; ... 6 more ...; updated_at?: string | ... 1 more ... | undefined; }'.
src/lib/byo/byo-manager.ts(141,17): error TS2353: Object literal may only specify known properties, and 'byo_config' does not exist in type '{ avatar_url?: string | null | undefined; created_at?: string | null | undefined; cubiqo_email?: string | null | undefined; cubiqo_phone?: string | null | undefined; display_name?: string | ... 1 more ... | undefined; ... 6 more ...; updated_at?: string | ... 1 more ... | undefined; }'.
src/lib/byo/encryption.ts(51,7): error TS2769: No overload matches this call.
  Overload 1 of 2, '(algorithm: AlgorithmIdentifier | EcdhKeyDeriveParams | HkdfParams | Pbkdf2Params, baseKey: CryptoKey, derivedKeyType: AlgorithmIdentifier | ... 3 more ... | AesDerivedKeyParams, extractable: boolean, keyUsages: Iterable<...>): Promise<...>', gave the following error.
    Type 'Uint8Array<ArrayBufferLike>' is not assignable to type 'BufferSource'.
      Type 'Uint8Array<ArrayBufferLike>' is not assignable to type 'ArrayBufferView<ArrayBuffer>'.
        Types of property 'buffer' are incompatible.
          Type 'ArrayBufferLike' is not assignable to type 'ArrayBuffer'.
            Type 'SharedArrayBuffer' is missing the following properties from type 'ArrayBuffer': resizable, resize, detached, transfer, transferToFixedLength
  Overload 2 of 2, '(algorithm: AlgorithmIdentifier | EcdhKeyDeriveParams | HkdfParams | Pbkdf2Params, baseKey: CryptoKey, derivedKeyType: AlgorithmIdentifier | ... 3 more ... | AesDerivedKeyParams, extractable: boolean, keyUsages: KeyUsage[]): Promise<...>', gave the following error.
    Type 'Uint8Array<ArrayBufferLike>' is not assignable to type 'BufferSource'.
      Type 'Uint8Array<ArrayBufferLike>' is not assignable to type 'ArrayBufferView<ArrayBuffer>'.
        Types of property 'buffer' are incompatible.
          Type 'ArrayBufferLike' is not assignable to type 'ArrayBuffer'.
            Type 'SharedArrayBuffer' is missing the following properties from type 'ArrayBuffer': resizable, resize, detached, transfer, transferToFixedLength
src/lib/byo/encryption.ts(88,9): error TS2322: Type 'Uint8Array<ArrayBufferLike>' is not assignable to type 'BufferSource'.
  Type 'Uint8Array<ArrayBufferLike>' is not assignable to type 'ArrayBufferView<ArrayBuffer>'.
    Types of property 'buffer' are incompatible.
      Type 'ArrayBufferLike' is not assignable to type 'ArrayBuffer'.
        Type 'SharedArrayBuffer' is missing the following properties from type 'ArrayBuffer': resizable, resize, detached, transfer, transferToFixedLength
src/lib/emergent/__tests__/audit-logger.test.ts(90,25): error TS2322: Type 'Promise<{ data: null; error: { message: string; }; }>' is not assignable to type 'Promise<{ data: { id: string; }; error: null; }>'.
  Type '{ data: null; error: { message: string; }; }' is not assignable to type '{ data: { id: string; }; error: null; }'.
    Types of property 'data' are incompatible.
      Type 'null' is not assignable to type '{ id: string; }'.
src/lib/emergent/automation/trend-jacker.ts(2,10): error TS2305: Module '"../integrations/playbooks/shopify"' has no exported member 'ShopifyService'.
src/lib/emergent/automation/trend-jacker.ts(3,10): error TS2305: Module '"../integrations/playbooks/printify"' has no exported member 'PrintifyService'.
src/lib/emergent/automation/trend-jacker.ts(42,37): error TS2769: No overload matches this call.
  Overload 1 of 2, '(relation: "events" | "memory" | "emergent_orgs" | "emergent_projects" | "sessions" | "profiles" | "feature_flags" | "feature_flag_webhooks" | "conversations" | "social_campaigns" | ... 14 more ... | "content_queue"): PostgrestQueryBuilder<...>', gave the following error.
    Argument of type '"automation_logs"' is not assignable to parameter of type '"events" | "memory" | "emergent_orgs" | "emergent_projects" | "sessions" | "profiles" | "feature_flags" | "feature_flag_webhooks" | "conversations" | "social_campaigns" | ... 14 more ... | "content_queue"'.
  Overload 2 of 2, '(relation: never): PostgrestQueryBuilder<{ PostgrestVersion: "13.0.5"; }, { Tables: { emergent_orgs: { Row: { id: string; name: string; slug: string; plan: string | null; created_at: string | null; updated_at: string | null; }; Insert: { ...; }; Update: { ...; }; Relationships: []; }; ... 23 more ...; content_queue: { ...; }; }; Views: {}; Functions: { ...; }; Enums: {}; CompositeTypes: {}; }, never, never, never>', gave the following error.
    Argument of type '"automation_logs"' is not assignable to parameter of type 'never'.
src/lib/emergent/integrations/playbook-executor.ts(47,11): error TS2769: No overload matches this call.
  Overload 1 of 2, '(relation: "events" | "memory" | "emergent_orgs" | "emergent_projects" | "sessions" | "profiles" | "feature_flags" | "feature_flag_webhooks" | "conversations" | "social_campaigns" | ... 14 more ... | "content_queue"): PostgrestQueryBuilder<...>', gave the following error.
    Argument of type '"playbooks"' is not assignable to parameter of type '"events" | "memory" | "emergent_orgs" | "emergent_projects" | "sessions" | "profiles" | "feature_flags" | "feature_flag_webhooks" | "conversations" | "social_campaigns" | ... 14 more ... | "content_queue"'.
  Overload 2 of 2, '(relation: never): PostgrestQueryBuilder<{ PostgrestVersion: "13.0.5"; }, { Tables: { emergent_orgs: { Row: { id: string; name: string; slug: string; plan: string | null; created_at: string | null; updated_at: string | null; }; Insert: { ...; }; Update: { ...; }; Relationships: []; }; ... 23 more ...; content_queue: { ...; }; }; Views: {}; Functions: { ...; }; Enums: {}; CompositeTypes: {}; }, never, never, never>', gave the following error.
    Argument of type '"playbooks"' is not assignable to parameter of type 'never'.
src/lib/emergent/integrations/playbook-executor.ts(60,5): error TS2322: Type '{}' is not assignable to type 'Record<string, unknown>'.
  Index signature for type 'string' is missing in type '{}'.
src/lib/emergent/integrations/playbook-executor.ts(67,26): error TS2339: Property 'code_templates' does not exist on type '{ avatar_url: string | null; created_at: string | null; cubiqo_email: string | null; cubiqo_phone: string | null; display_name: string | null; email: string | null; handle: string | null; ... 4 more ...; updated_at: string | null; } | ... 23 more ... | { ...; }'.
  Property 'code_templates' does not exist on type '{ avatar_url: string | null; created_at: string | null; cubiqo_email: string | null; cubiqo_phone: string | null; display_name: string | null; email: string | null; handle: string | null; ... 4 more ...; updated_at: string | null; }'.
src/lib/emergent/integrations/playbook-executor.ts(93,11): error TS2769: No overload matches this call.
  Overload 1 of 2, '(relation: "events" | "memory" | "emergent_orgs" | "emergent_projects" | "sessions" | "profiles" | "feature_flags" | "feature_flag_webhooks" | "conversations" | "social_campaigns" | ... 14 more ... | "content_queue"): PostgrestQueryBuilder<...>', gave the following error.
    Argument of type '"project_secrets"' is not assignable to parameter of type '"events" | "memory" | "emergent_orgs" | "emergent_projects" | "sessions" | "profiles" | "feature_flags" | "feature_flag_webhooks" | "conversations" | "social_campaigns" | ... 14 more ... | "content_queue"'.
  Overload 2 of 2, '(relation: never): PostgrestQueryBuilder<{ PostgrestVersion: "13.0.5"; }, { Tables: { emergent_orgs: { Row: { id: string; name: string; slug: string; plan: string | null; created_at: string | null; updated_at: string | null; }; Insert: { ...; }; Update: { ...; }; Relationships: []; }; ... 23 more ...; content_queue: { ...; }; }; Views: {}; Functions: { ...; }; Enums: {}; CompositeTypes: {}; }, never, never, never>', gave the following error.
    Argument of type '"project_secrets"' is not assignable to parameter of type 'never'.
src/lib/emergent/integrations/playbook-executor.ts(102,32): error TS2339: Property 'encrypted_value' does not exist on type '{ avatar_url: string | null; created_at: string | null; cubiqo_email: string | null; cubiqo_phone: string | null; display_name: string | null; email: string | null; handle: string | null; ... 4 more ...; updated_at: string | null; } | ... 23 more ... | { ...; }'.
  Property 'encrypted_value' does not exist on type '{ avatar_url: string | null; created_at: string | null; cubiqo_email: string | null; cubiqo_phone: string | null; display_name: string | null; email: string | null; handle: string | null; ... 4 more ...; updated_at: string | null; }'.
src/lib/emergent/integrations/playbook-executor.ts(103,20): error TS2339: Property 'iv' does not exist on type '{ avatar_url: string | null; created_at: string | null; cubiqo_email: string | null; cubiqo_phone: string | null; display_name: string | null; email: string | null; handle: string | null; ... 4 more ...; updated_at: string | null; } | ... 23 more ... | { ...; }'.
  Property 'iv' does not exist on type '{ avatar_url: string | null; created_at: string | null; cubiqo_email: string | null; cubiqo_phone: string | null; display_name: string | null; email: string | null; handle: string | null; ... 4 more ...; updated_at: string | null; }'.
src/lib/emergent/integrations/playbook-executor.ts(106,30): error TS2339: Property 'key' does not exist on type '{ avatar_url: string | null; created_at: string | null; cubiqo_email: string | null; cubiqo_phone: string | null; display_name: string | null; email: string | null; handle: string | null; ... 4 more ...; updated_at: string | null; } | ... 23 more ... | { ...; }'.
  Property 'key' does not exist on type '{ avatar_url: string | null; created_at: string | null; cubiqo_email: string | null; cubiqo_phone: string | null; display_name: string | null; email: string | null; handle: string | null; ... 4 more ...; updated_at: string | null; }'.
src/lib/emergent/integrations/playbook-schema.ts(17,13): error TS2554: Expected 2-3 arguments, but got 1.
src/lib/emergent/integrations/playbook-schema.ts(26,14): error TS2554: Expected 2-3 arguments, but got 1.
src/lib/emergent/orchestrator.ts(143,11): error TS2769: No overload matches this call.
  Overload 1 of 2, '(relation: "events" | "memory" | "emergent_orgs" | "emergent_projects" | "sessions" | "profiles" | "feature_flags" | "feature_flag_webhooks" | "conversations" | "social_campaigns" | ... 14 more ... | "content_queue"): PostgrestQueryBuilder<...>', gave the following error.
    Argument of type '"credits"' is not assignable to parameter of type '"events" | "memory" | "emergent_orgs" | "emergent_projects" | "sessions" | "profiles" | "feature_flags" | "feature_flag_webhooks" | "conversations" | "social_campaigns" | ... 14 more ... | "content_queue"'.
  Overload 2 of 2, '(relation: never): PostgrestQueryBuilder<{ PostgrestVersion: "13.0.5"; }, { Tables: { emergent_orgs: { Row: { id: string; name: string; slug: string; plan: string | null; created_at: string | null; updated_at: string | null; }; Insert: { ...; }; Update: { ...; }; Relationships: []; }; ... 23 more ...; content_queue: { ...; }; }; Views: {}; Functions: { ...; }; Enums: {}; CompositeTypes: {}; }, never, never, never>', gave the following error.
    Argument of type '"credits"' is not assignable to parameter of type 'never'.
src/lib/emergent/orchestrator.ts(160,15): error TS2769: No overload matches this call.
  Overload 1 of 2, '(relation: "events" | "memory" | "emergent_orgs" | "emergent_projects" | "sessions" | "profiles" | "feature_flags" | "feature_flag_webhooks" | "conversations" | "social_campaigns" | ... 14 more ... | "content_queue"): PostgrestQueryBuilder<...>', gave the following error.
    Argument of type '"credits"' is not assignable to parameter of type '"events" | "memory" | "emergent_orgs" | "emergent_projects" | "sessions" | "profiles" | "feature_flags" | "feature_flag_webhooks" | "conversations" | "social_campaigns" | ... 14 more ... | "content_queue"'.
  Overload 2 of 2, '(relation: never): PostgrestQueryBuilder<{ PostgrestVersion: "13.0.5"; }, { Tables: { emergent_orgs: { Row: { id: string; name: string; slug: string; plan: string | null; created_at: string | null; updated_at: string | null; }; Insert: { ...; }; Update: { ...; }; Relationships: []; }; ... 23 more ...; content_queue: { ...; }; }; Views: {}; Functions: { ...; }; Enums: {}; CompositeTypes: {}; }, never, never, never>', gave the following error.
    Argument of type '"credits"' is not assignable to parameter of type 'never'.
src/lib/emergent/runner/docker-manager.ts(6,20): error TS7016: Could not find a declaration file for module 'dockerode'. 'C:/Users/avloy/.gemini/antigravity/scratch/thecubiqo/repo_temp/node_modules/dockerode/lib/docker.js' implicitly has an 'any' type.
  Try `npm i --save-dev @types/dockerode` if it exists or add a new declaration (.d.ts) file containing `declare module 'dockerode';`
src/lib/emergent/runner/docker-manager.ts(250,30): error TS7006: Parameter 'container' implicitly has an 'any' type.
src/lib/emergent/runner/docker-manager.ts(276,51): error TS7006: Parameter 'err' implicitly has an 'any' type.
src/lib/emergent/runner/docker-manager.ts(276,56): error TS7006: Parameter 'res' implicitly has an 'any' type.
src/lib/emergent/security/audit-logger.ts(75,8): error TS2769: No overload matches this call.
  Overload 1 of 2, '(values: { action_details?: Json | undefined; action_type: string; created_at?: string | null | undefined; id?: string | undefined; ip_address?: string | null | undefined; user_agent?: string | ... 1 more ... | undefined; user_email?: string | ... 1 more ... | undefined; user_id?: string | ... 1 more ... | undefined; }, options?: { ...; } | undefined): PostgrestFilterBuilder<...>', gave the following error.
    Object literal may only specify known properties, and 'org_id' does not exist in type '{ action_details?: Json | undefined; action_type: string; created_at?: string | null | undefined; id?: string | undefined; ip_address?: string | null | undefined; user_agent?: string | ... 1 more ... | undefined; user_email?: string | ... 1 more ... | undefined; user_id?: string | ... 1 more ... | undefined; }'.
  Overload 2 of 2, '(values: { action_details?: Json | undefined; action_type: string; created_at?: string | null | undefined; id?: string | undefined; ip_address?: string | null | undefined; user_agent?: string | ... 1 more ... | undefined; user_email?: string | ... 1 more ... | undefined; user_id?: string | ... 1 more ... | undefined; }[], options?: { ...; } | undefined): PostgrestFilterBuilder<...>', gave the following error.
    Object literal may only specify known properties, and 'user_id' does not exist in type '{ action_details?: Json | undefined; action_type: string; created_at?: string | null | undefined; id?: string | undefined; ip_address?: string | null | undefined; user_agent?: string | ... 1 more ... | undefined; user_email?: string | ... 1 more ... | undefined; user_id?: string | ... 1 more ... | undefined; }[]'.
src/lib/emergent/security/audit-logger.ts(123,13): error TS2769: No overload matches this call.
  Overload 1 of 2, '(relation: "events" | "memory" | "emergent_orgs" | "emergent_projects" | "sessions" | "profiles" | "feature_flags" | "feature_flag_webhooks" | "conversations" | "social_campaigns" | ... 14 more ... | "content_queue"): PostgrestQueryBuilder<...>', gave the following error.
    Argument of type '"secret_access_logs"' is not assignable to parameter of type '"events" | "memory" | "emergent_orgs" | "emergent_projects" | "sessions" | "profiles" | "feature_flags" | "feature_flag_webhooks" | "conversations" | "social_campaigns" | ... 14 more ... | "content_queue"'.
  Overload 2 of 2, '(relation: never): PostgrestQueryBuilder<{ PostgrestVersion: "13.0.5"; }, { Tables: { emergent_orgs: { Row: { id: string; name: string; slug: string; plan: string | null; created_at: string | null; updated_at: string | null; }; Insert: { ...; }; Update: { ...; }; Relationships: []; }; ... 23 more ...; content_queue: { ...; }; }; Views: {}; Functions: { ...; }; Enums: {}; CompositeTypes: {}; }, never, never, never>', gave the following error.
    Argument of type '"secret_access_logs"' is not assignable to parameter of type 'never'.
src/lib/emergent/security/audit-logger.ts(263,11): error TS2769: No overload matches this call.
  Overload 1 of 2, '(relation: "events" | "memory" | "emergent_orgs" | "emergent_projects" | "sessions" | "profiles" | "feature_flags" | "feature_flag_webhooks" | "conversations" | "social_campaigns" | ... 14 more ... | "content_queue"): PostgrestQueryBuilder<...>', gave the following error.
    Argument of type '"secret_access_logs"' is not assignable to parameter of type '"events" | "memory" | "emergent_orgs" | "emergent_projects" | "sessions" | "profiles" | "feature_flags" | "feature_flag_webhooks" | "conversations" | "social_campaigns" | ... 14 more ... | "content_queue"'.
  Overload 2 of 2, '(relation: never): PostgrestQueryBuilder<{ PostgrestVersion: "13.0.5"; }, { Tables: { emergent_orgs: { Row: { id: string; name: string; slug: string; plan: string | null; created_at: string | null; updated_at: string | null; }; Insert: { ...; }; Update: { ...; }; Relationships: []; }; ... 23 more ...; content_queue: { ...; }; }; Views: {}; Functions: { ...; }; Enums: {}; CompositeTypes: {}; }, never, never, never>', gave the following error.
    Argument of type '"secret_access_logs"' is not assignable to parameter of type 'never'.
src/lib/emergent/security/rbac.ts(59,11): error TS2769: No overload matches this call.
  Overload 1 of 2, '(relation: "events" | "memory" | "emergent_orgs" | "emergent_projects" | "sessions" | "profiles" | "feature_flags" | "feature_flag_webhooks" | "conversations" | "social_campaigns" | ... 14 more ... | "content_queue"): PostgrestQueryBuilder<...>', gave the following error.
    Argument of type '"org_members"' is not assignable to parameter of type '"events" | "memory" | "emergent_orgs" | "emergent_projects" | "sessions" | "profiles" | "feature_flags" | "feature_flag_webhooks" | "conversations" | "social_campaigns" | ... 14 more ... | "content_queue"'.
  Overload 2 of 2, '(relation: never): PostgrestQueryBuilder<{ PostgrestVersion: "13.0.5"; }, { Tables: { emergent_orgs: { Row: { id: string; name: string; slug: string; plan: string | null; created_at: string | null; updated_at: string | null; }; Insert: { ...; }; Update: { ...; }; Relationships: []; }; ... 23 more ...; content_queue: { ...; }; }; Views: {}; Functions: { ...; }; Enums: {}; CompositeTypes: {}; }, never, never, never>', gave the following error.
    Argument of type '"org_members"' is not assignable to parameter of type 'never'.
src/lib/emergent/security/rbac.ts(70,15): error TS2339: Property 'role' does not exist on type 'SelectQueryError<"column 'role' does not exist on 'events'."> | SelectQueryError<"column 'role' does not exist on 'memory'."> | ... 22 more ... | SelectQueryError<...>'.
  Property 'role' does not exist on type 'SelectQueryError<"column 'role' does not exist on 'events'.">'.
src/lib/emergent/security/rbac.ts(127,11): error TS2769: No overload matches this call.
  Overload 1 of 2, '(relation: "events" | "memory" | "emergent_orgs" | "emergent_projects" | "sessions" | "profiles" | "feature_flags" | "feature_flag_webhooks" | "conversations" | "social_campaigns" | ... 14 more ... | "content_queue"): PostgrestQueryBuilder<...>', gave the following error.
    Argument of type '"projects"' is not assignable to parameter of type '"events" | "memory" | "emergent_orgs" | "emergent_projects" | "sessions" | "profiles" | "feature_flags" | "feature_flag_webhooks" | "conversations" | "social_campaigns" | ... 14 more ... | "content_queue"'.
  Overload 2 of 2, '(relation: never): PostgrestQueryBuilder<{ PostgrestVersion: "13.0.5"; }, { Tables: { emergent_orgs: { Row: { id: string; name: string; slug: string; plan: string | null; created_at: string | null; updated_at: string | null; }; Insert: { ...; }; Update: { ...; }; Relationships: []; }; ... 23 more ...; content_queue: { ...; }; }; Views: {}; Functions: { ...; }; Enums: {}; CompositeTypes: {}; }, never, never, never>', gave the following error.
    Argument of type '"projects"' is not assignable to parameter of type 'never'.
src/lib/emergent/security/rbac.ts(140,45): error TS2339: Property 'org_id' does not exist on type 'SelectQueryError<"column 'org_id' does not exist on 'events'."> | SelectQueryError<"column 'org_id' does not exist on 'memory'."> | ... 22 more ... | SelectQueryError<...>'.
  Property 'org_id' does not exist on type 'SelectQueryError<"column 'org_id' does not exist on 'events'.">'.
src/lib/emergent/security/rbac.ts(201,11): error TS2769: No overload matches this call.
  Overload 1 of 2, '(relation: "events" | "memory" | "emergent_orgs" | "emergent_projects" | "sessions" | "profiles" | "feature_flags" | "feature_flag_webhooks" | "conversations" | "social_campaigns" | ... 14 more ... | "content_queue"): PostgrestQueryBuilder<...>', gave the following error.
    Argument of type '"org_members"' is not assignable to parameter of type '"events" | "memory" | "emergent_orgs" | "emergent_projects" | "sessions" | "profiles" | "feature_flags" | "feature_flag_webhooks" | "conversations" | "social_campaigns" | ... 14 more ... | "content_queue"'.
  Overload 2 of 2, '(relation: never): PostgrestQueryBuilder<{ PostgrestVersion: "13.0.5"; }, { Tables: { emergent_orgs: { Row: { id: string; name: string; slug: string; plan: string | null; created_at: string | null; updated_at: string | null; }; Insert: { ...; }; Update: { ...; }; Relationships: []; }; ... 23 more ...; content_queue: { ...; }; }; Views: {}; Functions: { ...; }; Enums: {}; CompositeTypes: {}; }, never, never, never>', gave the following error.
    Argument of type '"org_members"' is not assignable to parameter of type 'never'.
src/lib/emergent/security/rbac.ts(213,42): error TS2339: Property 'role' does not exist on type 'SelectQueryError<"column 'org_id' does not exist on 'events'."> | SelectQueryError<"column 'org_id' does not exist on 'memory'."> | ... 22 more ... | SelectQueryError<...>'.
  Property 'role' does not exist on type 'SelectQueryError<"column 'org_id' does not exist on 'events'.">'.
src/lib/emergent/security/rbac.ts(214,27): error TS2339: Property 'org_id' does not exist on type 'SelectQueryError<"column 'org_id' does not exist on 'events'."> | SelectQueryError<"column 'org_id' does not exist on 'memory'."> | ... 22 more ... | SelectQueryError<...>'.
  Property 'org_id' does not exist on type 'SelectQueryError<"column 'org_id' does not exist on 'events'.">'.
src/lib/emergent/security/rbac.ts(239,11): error TS2769: No overload matches this call.
  Overload 1 of 2, '(relation: "events" | "memory" | "emergent_orgs" | "emergent_projects" | "sessions" | "profiles" | "feature_flags" | "feature_flag_webhooks" | "conversations" | "social_campaigns" | ... 14 more ... | "content_queue"): PostgrestQueryBuilder<...>', gave the following error.
    Argument of type '"projects"' is not assignable to parameter of type '"events" | "memory" | "emergent_orgs" | "emergent_projects" | "sessions" | "profiles" | "feature_flags" | "feature_flag_webhooks" | "conversations" | "social_campaigns" | ... 14 more ... | "content_queue"'.
  Overload 2 of 2, '(relation: never): PostgrestQueryBuilder<{ PostgrestVersion: "13.0.5"; }, { Tables: { emergent_orgs: { Row: { id: string; name: string; slug: string; plan: string | null; created_at: string | null; updated_at: string | null; }; Insert: { ...; }; Update: { ...; }; Relationships: []; }; ... 23 more ...; content_queue: { ...; }; }; Views: {}; Functions: { ...; }; Enums: {}; CompositeTypes: {}; }, never, never, never>', gave the following error.
    Argument of type '"projects"' is not assignable to parameter of type 'never'.
src/lib/emergent/subagents/image-agent.ts(22,18): error TS2352: Conversion of type 'Record<string, unknown>' to type 'GenerateImageParams' may be a mistake because neither type sufficiently overlaps with the other. If this was intentional, convert the expression to 'unknown' first.
  Property 'prompt' is missing in type 'Record<string, unknown>' but required in type 'GenerateImageParams'.
src/lib/engine/session.ts(1,28): error TS2305: Module '"@/types/session"' has no exported member 'ContentBlock'.
src/lib/engine/session.ts(252,7): error TS2353: Object literal may only specify known properties, and 'totalTokens' does not exist in type 'Session'.
src/lib/engine/session.ts(276,7): error TS2322: Type 'string | ContentBlock[]' is not assignable to type 'string'.
  Type 'ContentBlock[]' is not assignable to type 'string'.
src/lib/notifications/notification-manager.ts(39,13): error TS2769: No overload matches this call.
  Overload 1 of 2, '(relation: "events" | "memory" | "emergent_orgs" | "emergent_projects" | "sessions" | "profiles" | "feature_flags" | "feature_flag_webhooks" | "conversations" | "social_campaigns" | ... 14 more ... | "content_queue"): PostgrestQueryBuilder<...>', gave the following error.
    Argument of type '"notifications"' is not assignable to parameter of type '"events" | "memory" | "emergent_orgs" | "emergent_projects" | "sessions" | "profiles" | "feature_flags" | "feature_flag_webhooks" | "conversations" | "social_campaigns" | ... 14 more ... | "content_queue"'.
  Overload 2 of 2, '(relation: never): PostgrestQueryBuilder<{ PostgrestVersion: "13.0.5"; }, { Tables: { emergent_orgs: { Row: { id: string; name: string; slug: string; plan: string | null; created_at: string | null; updated_at: string | null; }; Insert: { ...; }; Update: { ...; }; Relationships: []; }; ... 23 more ...; content_queue: { ...; }; }; Views: {}; Functions: { ...; }; Enums: {}; CompositeTypes: {}; }, never, never, never>', gave the following error.
    Argument of type '"notifications"' is not assignable to parameter of type 'never'.
src/lib/notifications/notification-manager.ts(53,5): error TS2322: Type '{ avatar_url: string | null; created_at: string | null; cubiqo_email: string | null; cubiqo_phone: string | null; display_name: string | null; email: string | null; handle: string | null; ... 4 more ...; updated_at: string | null; } | ... 23 more ... | { ...; }' is not assignable to type 'Notification'.
  Type '{ avatar_url: string | null; created_at: string | null; cubiqo_email: string | null; cubiqo_phone: string | null; display_name: string | null; email: string | null; handle: string | null; ... 4 more ...; updated_at: string | null; }' is missing the following properties from type 'Notification': user_id, integration_id, type, title, priority
src/lib/notifications/notification-manager.ts(63,13): error TS2769: No overload matches this call.
  Overload 1 of 2, '(relation: "events" | "memory" | "emergent_orgs" | "emergent_projects" | "sessions" | "profiles" | "feature_flags" | "feature_flag_webhooks" | "conversations" | "social_campaigns" | ... 14 more ... | "content_queue"): PostgrestQueryBuilder<...>', gave the following error.
    Argument of type '"notifications"' is not assignable to parameter of type '"events" | "memory" | "emergent_orgs" | "emergent_projects" | "sessions" | "profiles" | "feature_flags" | "feature_flag_webhooks" | "conversations" | "social_campaigns" | ... 14 more ... | "content_queue"'.
  Overload 2 of 2, '(relation: never): PostgrestQueryBuilder<{ PostgrestVersion: "13.0.5"; }, { Tables: { emergent_orgs: { Row: { id: string; name: string; slug: string; plan: string | null; created_at: string | null; updated_at: string | null; }; Insert: { ...; }; Update: { ...; }; Relationships: []; }; ... 23 more ...; content_queue: { ...; }; }; Views: {}; Functions: { ...; }; Enums: {}; CompositeTypes: {}; }, never, never, never>', gave the following error.
    Argument of type '"notifications"' is not assignable to parameter of type 'never'.
src/lib/notifications/notification-manager.ts(87,5): error TS2322: Type '({ avatar_url: string | null; created_at: string | null; cubiqo_email: string | null; cubiqo_phone: string | null; display_name: string | null; email: string | null; handle: string | null; ... 4 more ...; updated_at: string | null; } | ... 23 more ... | { ...; })[]' is not assignable to type 'Notification[]'.
  Type '{ avatar_url: string | null; created_at: string | null; cubiqo_email: string | null; cubiqo_phone: string | null; display_name: string | null; email: string | null; handle: string | null; ... 4 more ...; updated_at: string | null; } | ... 23 more ... | { ...; }' is not assignable to type 'Notification'.
    Type '{ avatar_url: string | null; created_at: string | null; cubiqo_email: string | null; cubiqo_phone: string | null; display_name: string | null; email: string | null; handle: string | null; ... 4 more ...; updated_at: string | null; }' is missing the following properties from type 'Notification': user_id, integration_id, type, title, priority
src/lib/notifications/notification-manager.ts(95,12): error TS2345: Argument of type '"get_unread_notification_count"' is not assignable to parameter of type '"cleanup_expired_data" | "convert_guest_session" | "ensure_profile_and_session" | "generate_unique_handle" | "log_admin_action"'.
src/lib/notifications/notification-manager.ts(100,5): error TS2322: Type '{ is_new_session: boolean; session_id: string; }[]' is not assignable to type 'number'.
src/lib/notifications/notification-manager.ts(105,12): error TS2345: Argument of type '"mark_notifications_read"' is not assignable to parameter of type '"cleanup_expired_data" | "convert_guest_session" | "ensure_profile_and_session" | "generate_unique_handle" | "log_admin_action"'.
src/lib/notifications/notification-manager.ts(118,13): error TS2769: No overload matches this call.
  Overload 1 of 2, '(relation: "events" | "memory" | "emergent_orgs" | "emergent_projects" | "sessions" | "profiles" | "feature_flags" | "feature_flag_webhooks" | "conversations" | "social_campaigns" | ... 14 more ... | "content_queue"): PostgrestQueryBuilder<...>', gave the following error.
    Argument of type '"notifications"' is not assignable to parameter of type '"events" | "memory" | "emergent_orgs" | "emergent_projects" | "sessions" | "profiles" | "feature_flags" | "feature_flag_webhooks" | "conversations" | "social_campaigns" | ... 14 more ... | "content_queue"'.
  Overload 2 of 2, '(relation: never): PostgrestQueryBuilder<{ PostgrestVersion: "13.0.5"; }, { Tables: { emergent_orgs: { Row: { id: string; name: string; slug: string; plan: string | null; created_at: string | null; updated_at: string | null; }; Insert: { ...; }; Update: { ...; }; Relationships: []; }; ... 23 more ...; content_queue: { ...; }; }; Views: {}; Functions: { ...; }; Enums: {}; CompositeTypes: {}; }, never, never, never>', gave the following error.
    Argument of type '"notifications"' is not assignable to parameter of type 'never'.
src/lib/notifications/service.ts(42,9): error TS2353: Object literal may only specify known properties, and 'createdAt' does not exist in type 'Omit<Notification, "createdAt">'.
src/lib/oauth/google.ts(5,24): error TS2307: Cannot find module 'googleapis' or its corresponding type declarations.
src/lib/oauth/google.ts(123,32): error TS7006: Parameter 'msg' implicitly has an 'any' type.
src/lib/oauth/google.ts(132,25): error TS7006: Parameter 'h' implicitly has an 'any' type.
src/lib/oauth/google.ts(140,56): error TS7006: Parameter 'p' implicitly has an 'any' type.
src/lib/rgy/capsule-manager.ts(82,13): error TS2769: No overload matches this call.
  Overload 1 of 2, '(relation: "events" | "memory" | "emergent_orgs" | "emergent_projects" | "sessions" | "profiles" | "feature_flags" | "feature_flag_webhooks" | "conversations" | "social_campaigns" | ... 14 more ... | "content_queue"): PostgrestQueryBuilder<...>', gave the following error.
    Argument of type '"rgy_capsules"' is not assignable to parameter of type '"events" | "memory" | "emergent_orgs" | "emergent_projects" | "sessions" | "profiles" | "feature_flags" | "feature_flag_webhooks" | "conversations" | "social_campaigns" | ... 14 more ... | "content_queue"'.
  Overload 2 of 2, '(relation: never): PostgrestQueryBuilder<{ PostgrestVersion: "13.0.5"; }, { Tables: { emergent_orgs: { Row: { id: string; name: string; slug: string; plan: string | null; created_at: string | null; updated_at: string | null; }; Insert: { ...; }; Update: { ...; }; Relationships: []; }; ... 23 more ...; content_queue: { ...; }; }; Views: {}; Functions: { ...; }; Enums: {}; CompositeTypes: {}; }, never, never, never>', gave the following error.
    Argument of type '"rgy_capsules"' is not assignable to parameter of type 'never'.
src/lib/rgy/capsule-manager.ts(83,8): error TS2769: No overload matches this call.
  Overload 1 of 2, '(values: { id?: string | undefined; name: string; slug: string; plan?: string | null | undefined; created_at?: string | null | undefined; updated_at?: string | null | undefined; } | { id?: string | undefined; org_id: string; user_id: string; role?: string | undefined; joined_at?: string | ... 1 more ... | undefined; } | ... 22 more ... | { ...; }, options?: { ...; } | undefined): PostgrestFilterBuilder<...>', gave the following error.
    Object literal may only specify known properties, and 'intent' does not exist in type '{ id?: string | undefined; name: string; slug: string; plan?: string | null | undefined; created_at?: string | null | undefined; updated_at?: string | null | undefined; } | { id?: string | undefined; org_id: string; user_id: string; role?: string | undefined; joined_at?: string | ... 1 more ... | undefined; } | ... ...'.
  Overload 2 of 2, '(values: ({ id?: string | undefined; name: string; slug: string; plan?: string | null | undefined; created_at?: string | null | undefined; updated_at?: string | null | undefined; } | { id?: string | undefined; org_id: string; user_id: string; role?: string | undefined; joined_at?: string | ... 1 more ... | undefined; } | ... 22 more ... | { ...; })[], options?: { ...; } | undefined): PostgrestFilterBuilder<...>', gave the following error.
    Object literal may only specify known properties, and 'color' does not exist in type '({ id?: string | undefined; name: string; slug: string; plan?: string | null | undefined; created_at?: string | null | undefined; updated_at?: string | null | undefined; } | { id?: string | undefined; org_id: string; user_id: string; role?: string | undefined; joined_at?: string | ... 1 more ... | undefined; } | ......'.
src/lib/rgy/capsule-manager.ts(96,5): error TS2322: Type '{ avatar_url: string | null; created_at: string | null; cubiqo_email: string | null; cubiqo_phone: string | null; display_name: string | null; email: string | null; handle: string | null; ... 4 more ...; updated_at: string | null; } | ... 23 more ... | { ...; }' is not assignable to type 'RGYCapsule'.
  Type '{ avatar_url: string | null; created_at: string | null; cubiqo_email: string | null; cubiqo_phone: string | null; display_name: string | null; email: string | null; handle: string | null; ... 4 more ...; updated_at: string | null; }' is missing the following properties from type 'RGYCapsule': user_id, color, keywords, is_active, geofence_enabled
src/lib/rgy/capsule-manager.ts(104,13): error TS2769: No overload matches this call.
  Overload 1 of 2, '(relation: "events" | "memory" | "emergent_orgs" | "emergent_projects" | "sessions" | "profiles" | "feature_flags" | "feature_flag_webhooks" | "conversations" | "social_campaigns" | ... 14 more ... | "content_queue"): PostgrestQueryBuilder<...>', gave the following error.
    Argument of type '"rgy_capsules"' is not assignable to parameter of type '"events" | "memory" | "emergent_orgs" | "emergent_projects" | "sessions" | "profiles" | "feature_flags" | "feature_flag_webhooks" | "conversations" | "social_campaigns" | ... 14 more ... | "content_queue"'.
  Overload 2 of 2, '(relation: never): PostgrestQueryBuilder<{ PostgrestVersion: "13.0.5"; }, { Tables: { emergent_orgs: { Row: { id: string; name: string; slug: string; plan: string | null; created_at: string | null; updated_at: string | null; }; Insert: { ...; }; Update: { ...; }; Relationships: []; }; ... 23 more ...; content_queue: { ...; }; }; Views: {}; Functions: { ...; }; Enums: {}; CompositeTypes: {}; }, never, never, never>', gave the following error.
    Argument of type '"rgy_capsules"' is not assignable to parameter of type 'never'.
src/lib/rgy/capsule-manager.ts(111,5): error TS2322: Type '({ avatar_url: string | null; created_at: string | null; cubiqo_email: string | null; cubiqo_phone: string | null; display_name: string | null; email: string | null; handle: string | null; ... 4 more ...; updated_at: string | null; } | ... 23 more ... | { ...; })[]' is not assignable to type 'RGYCapsule[]'.
  Type '{ avatar_url: string | null; created_at: string | null; cubiqo_email: string | null; cubiqo_phone: string | null; display_name: string | null; email: string | null; handle: string | null; ... 4 more ...; updated_at: string | null; } | ... 23 more ... | { ...; }' is not assignable to type 'RGYCapsule'.
    Type '{ avatar_url: string | null; created_at: string | null; cubiqo_email: string | null; cubiqo_phone: string | null; display_name: string | null; email: string | null; handle: string | null; ... 4 more ...; updated_at: string | null; }' is missing the following properties from type 'RGYCapsule': user_id, color, keywords, is_active, geofence_enabled
src/lib/rgy/capsule-manager.ts(119,13): error TS2769: No overload matches this call.
  Overload 1 of 2, '(relation: "events" | "memory" | "emergent_orgs" | "emergent_projects" | "sessions" | "profiles" | "feature_flags" | "feature_flag_webhooks" | "conversations" | "social_campaigns" | ... 14 more ... | "content_queue"): PostgrestQueryBuilder<...>', gave the following error.
    Argument of type '"rgy_capsules"' is not assignable to parameter of type '"events" | "memory" | "emergent_orgs" | "emergent_projects" | "sessions" | "profiles" | "feature_flags" | "feature_flag_webhooks" | "conversations" | "social_campaigns" | ... 14 more ... | "content_queue"'.
  Overload 2 of 2, '(relation: never): PostgrestQueryBuilder<{ PostgrestVersion: "13.0.5"; }, { Tables: { emergent_orgs: { Row: { id: string; name: string; slug: string; plan: string | null; created_at: string | null; updated_at: string | null; }; Insert: { ...; }; Update: { ...; }; Relationships: []; }; ... 23 more ...; content_queue: { ...; }; }; Views: {}; Functions: { ...; }; Enums: {}; CompositeTypes: {}; }, never, never, never>', gave the following error.
    Argument of type '"rgy_capsules"' is not assignable to parameter of type 'never'.
src/lib/rgy/capsule-manager.ts(129,5): error TS2322: Type '{ avatar_url: string | null; created_at: string | null; cubiqo_email: string | null; cubiqo_phone: string | null; display_name: string | null; email: string | null; handle: string | null; ... 4 more ...; updated_at: string | null; } | ... 23 more ... | { ...; }' is not assignable to type 'RGYCapsule'.
  Type '{ avatar_url: string | null; created_at: string | null; cubiqo_email: string | null; cubiqo_phone: string | null; display_name: string | null; email: string | null; handle: string | null; ... 4 more ...; updated_at: string | null; }' is missing the following properties from type 'RGYCapsule': user_id, color, keywords, is_active, geofence_enabled
src/lib/rgy/capsule-manager.ts(137,13): error TS2769: No overload matches this call.
  Overload 1 of 2, '(relation: "events" | "memory" | "emergent_orgs" | "emergent_projects" | "sessions" | "profiles" | "feature_flags" | "feature_flag_webhooks" | "conversations" | "social_campaigns" | ... 14 more ... | "content_queue"): PostgrestQueryBuilder<...>', gave the following error.
    Argument of type '"rgy_capsules"' is not assignable to parameter of type '"events" | "memory" | "emergent_orgs" | "emergent_projects" | "sessions" | "profiles" | "feature_flags" | "feature_flag_webhooks" | "conversations" | "social_campaigns" | ... 14 more ... | "content_queue"'.
  Overload 2 of 2, '(relation: never): PostgrestQueryBuilder<{ PostgrestVersion: "13.0.5"; }, { Tables: { emergent_orgs: { Row: { id: string; name: string; slug: string; plan: string | null; created_at: string | null; updated_at: string | null; }; Insert: { ...; }; Update: { ...; }; Relationships: []; }; ... 23 more ...; content_queue: { ...; }; }; Views: {}; Functions: { ...; }; Enums: {}; CompositeTypes: {}; }, never, never, never>', gave the following error.
    Argument of type '"rgy_capsules"' is not assignable to parameter of type 'never'.
src/lib/rgy/capsule-manager.ts(138,17): error TS2353: Object literal may only specify known properties, and 'is_active' does not exist in type '{ id?: string | undefined; name?: string | undefined; slug?: string | undefined; plan?: string | null | undefined; created_at?: string | null | undefined; updated_at?: string | null | undefined; } | ... 23 more ... | { ...; }'.
src/lib/rgy/capsule-manager.ts(156,12): error TS2345: Argument of type '"get_matching_capsules"' is not assignable to parameter of type '"cleanup_expired_data" | "convert_guest_session" | "ensure_profile_and_session" | "generate_unique_handle" | "log_admin_action"'.
src/lib/rgy/capsule-manager.ts(163,5): error TS2322: Type 'string | never[]' is not assignable to type 'CapsuleMatch[]'.
  Type 'string' is not assignable to type 'CapsuleMatch[]'.
src/lib/rgy/capsule-manager.ts(180,36): error TS2769: No overload matches this call.
  Overload 1 of 2, '(relation: "events" | "memory" | "emergent_orgs" | "emergent_projects" | "sessions" | "profiles" | "feature_flags" | "feature_flag_webhooks" | "conversations" | "social_campaigns" | ... 14 more ... | "content_queue"): PostgrestQueryBuilder<...>', gave the following error.
    Argument of type '"rgy_match_suggestions"' is not assignable to parameter of type '"events" | "memory" | "emergent_orgs" | "emergent_projects" | "sessions" | "profiles" | "feature_flags" | "feature_flag_webhooks" | "conversations" | "social_campaigns" | ... 14 more ... | "content_queue"'.
  Overload 2 of 2, '(relation: never): PostgrestQueryBuilder<{ PostgrestVersion: "13.0.5"; }, { Tables: { emergent_orgs: { Row: { id: string; name: string; slug: string; plan: string | null; created_at: string | null; updated_at: string | null; }; Insert: { ...; }; Update: { ...; }; Relationships: []; }; ... 23 more ...; content_queue: { ...; }; }; Views: {}; Functions: { ...; }; Enums: {}; CompositeTypes: {}; }, never, never, never>', gave the following error.
    Argument of type '"rgy_match_suggestions"' is not assignable to parameter of type 'never'.
src/lib/rgy/capsule-manager.ts(199,35): error TS2589: Type instantiation is excessively deep and possibly infinite.
src/lib/rgy/capsule-manager.ts(200,13): error TS2769: No overload matches this call.
  Overload 1 of 2, '(relation: "events" | "memory" | "emergent_orgs" | "emergent_projects" | "sessions" | "profiles" | "feature_flags" | "feature_flag_webhooks" | "conversations" | "social_campaigns" | ... 14 more ... | "content_queue"): PostgrestQueryBuilder<...>', gave the following error.
    Argument of type '"rgy_match_suggestions"' is not assignable to parameter of type '"events" | "memory" | "emergent_orgs" | "emergent_projects" | "sessions" | "profiles" | "feature_flags" | "feature_flag_webhooks" | "conversations" | "social_campaigns" | ... 14 more ... | "content_queue"'.
  Overload 2 of 2, '(relation: never): PostgrestQueryBuilder<{ PostgrestVersion: "13.0.5"; }, { Tables: { emergent_orgs: { Row: { id: string; name: string; slug: string; plan: string | null; created_at: string | null; updated_at: string | null; }; Insert: { ...; }; Update: { ...; }; Relationships: []; }; ... 23 more ...; content_queue: { ...; }; }; Views: {}; Functions: { ...; }; Enums: {}; CompositeTypes: {}; }, never, never, never>', gave the following error.
    Argument of type '"rgy_match_suggestions"' is not assignable to parameter of type 'never'.
src/lib/rgy/capsule-manager.ts(222,13): error TS2769: No overload matches this call.
  Overload 1 of 2, '(relation: "events" | "memory" | "emergent_orgs" | "emergent_projects" | "sessions" | "profiles" | "feature_flags" | "feature_flag_webhooks" | "conversations" | "social_campaigns" | ... 14 more ... | "content_queue"): PostgrestQueryBuilder<...>', gave the following error.
    Argument of type '"rgy_match_suggestions"' is not assignable to parameter of type '"events" | "memory" | "emergent_orgs" | "emergent_projects" | "sessions" | "profiles" | "feature_flags" | "feature_flag_webhooks" | "conversations" | "social_campaigns" | ... 14 more ... | "content_queue"'.
  Overload 2 of 2, '(relation: never): PostgrestQueryBuilder<{ PostgrestVersion: "13.0.5"; }, { Tables: { emergent_orgs: { Row: { id: string; name: string; slug: string; plan: string | null; created_at: string | null; updated_at: string | null; }; Insert: { ...; }; Update: { ...; }; Relationships: []; }; ... 23 more ...; content_queue: { ...; }; }; Views: {}; Functions: { ...; }; Enums: {}; CompositeTypes: {}; }, never, never, never>', gave the following error.
    Argument of type '"rgy_match_suggestions"' is not assignable to parameter of type 'never'.
src/lib/rgy/capsule-manager.ts(223,17): error TS2353: Object literal may only specify known properties, and 'is_viewed' does not exist in type '{ id?: string | undefined; name?: string | undefined; slug?: string | undefined; plan?: string | null | undefined; created_at?: string | null | undefined; updated_at?: string | null | undefined; } | ... 23 more ... | { ...; }'.
src/lib/rgy/capsule-manager.ts(232,13): error TS2769: No overload matches this call.
  Overload 1 of 2, '(relation: "events" | "memory" | "emergent_orgs" | "emergent_projects" | "sessions" | "profiles" | "feature_flags" | "feature_flag_webhooks" | "conversations" | "social_campaigns" | ... 14 more ... | "content_queue"): PostgrestQueryBuilder<...>', gave the following error.
    Argument of type '"rgy_match_suggestions"' is not assignable to parameter of type '"events" | "memory" | "emergent_orgs" | "emergent_projects" | "sessions" | "profiles" | "feature_flags" | "feature_flag_webhooks" | "conversations" | "social_campaigns" | ... 14 more ... | "content_queue"'.
  Overload 2 of 2, '(relation: never): PostgrestQueryBuilder<{ PostgrestVersion: "13.0.5"; }, { Tables: { emergent_orgs: { Row: { id: string; name: string; slug: string; plan: string | null; created_at: string | null; updated_at: string | null; }; Insert: { ...; }; Update: { ...; }; Relationships: []; }; ... 23 more ...; content_queue: { ...; }; }; Views: {}; Functions: { ...; }; Enums: {}; CompositeTypes: {}; }, never, never, never>', gave the following error.
    Argument of type '"rgy_match_suggestions"' is not assignable to parameter of type 'never'.
src/lib/rgy/capsule-manager.ts(233,17): error TS2353: Object literal may only specify known properties, and 'is_accepted' does not exist in type '{ id?: string | undefined; name?: string | undefined; slug?: string | undefined; plan?: string | null | undefined; created_at?: string | null | undefined; updated_at?: string | null | undefined; } | ... 23 more ... | { ...; }'.
src/lib/rgy/capsule-manager.ts(252,13): error TS2769: No overload matches this call.
  Overload 1 of 2, '(relation: "events" | "memory" | "emergent_orgs" | "emergent_projects" | "sessions" | "profiles" | "feature_flags" | "feature_flag_webhooks" | "conversations" | "social_campaigns" | ... 14 more ... | "content_queue"): PostgrestQueryBuilder<...>', gave the following error.
    Argument of type '"rgy_chat_rooms"' is not assignable to parameter of type '"events" | "memory" | "emergent_orgs" | "emergent_projects" | "sessions" | "profiles" | "feature_flags" | "feature_flag_webhooks" | "conversations" | "social_campaigns" | ... 14 more ... | "content_queue"'.
  Overload 2 of 2, '(relation: never): PostgrestQueryBuilder<{ PostgrestVersion: "13.0.5"; }, { Tables: { emergent_orgs: { Row: { id: string; name: string; slug: string; plan: string | null; created_at: string | null; updated_at: string | null; }; Insert: { ...; }; Update: { ...; }; Relationships: []; }; ... 23 more ...; content_queue: { ...; }; }; Views: {}; Functions: { ...; }; Enums: {}; CompositeTypes: {}; }, never, never, never>', gave the following error.
    Argument of type '"rgy_chat_rooms"' is not assignable to parameter of type 'never'.
src/lib/rgy/capsule-manager.ts(269,5): error TS2322: Type '{ avatar_url: string | null; created_at: string | null; cubiqo_email: string | null; cubiqo_phone: string | null; display_name: string | null; email: string | null; handle: string | null; ... 4 more ...; updated_at: string | null; } | ... 23 more ... | { ...; }' is not assignable to type 'ChatRoom'.
  Type '{ avatar_url: string | null; created_at: string | null; cubiqo_email: string | null; cubiqo_phone: string | null; display_name: string | null; email: string | null; handle: string | null; ... 4 more ...; updated_at: string | null; }' is missing the following properties from type 'ChatRoom': name, color, keywords, is_geofenced, and 4 more.
src/lib/rgy/capsule-manager.ts(281,13): error TS2769: No overload matches this call.
  Overload 1 of 2, '(relation: "events" | "memory" | "emergent_orgs" | "emergent_projects" | "sessions" | "profiles" | "feature_flags" | "feature_flag_webhooks" | "conversations" | "social_campaigns" | ... 14 more ... | "content_queue"): PostgrestQueryBuilder<...>', gave the following error.
    Argument of type '"rgy_chat_rooms"' is not assignable to parameter of type '"events" | "memory" | "emergent_orgs" | "emergent_projects" | "sessions" | "profiles" | "feature_flags" | "feature_flag_webhooks" | "conversations" | "social_campaigns" | ... 14 more ... | "content_queue"'.
  Overload 2 of 2, '(relation: never): PostgrestQueryBuilder<{ PostgrestVersion: "13.0.5"; }, { Tables: { emergent_orgs: { Row: { id: string; name: string; slug: string; plan: string | null; created_at: string | null; updated_at: string | null; }; Insert: { ...; }; Update: { ...; }; Relationships: []; }; ... 23 more ...; content_queue: { ...; }; }; Views: {}; Functions: { ...; }; Enums: {}; CompositeTypes: {}; }, never, never, never>', gave the following error.
    Argument of type '"rgy_chat_rooms"' is not assignable to parameter of type 'never'.
src/lib/rgy/capsule-manager.ts(297,5): error TS2322: Type '({ avatar_url: string | null; created_at: string | null; cubiqo_email: string | null; cubiqo_phone: string | null; display_name: string | null; email: string | null; handle: string | null; ... 4 more ...; updated_at: string | null; } | ... 23 more ... | { ...; })[]' is not assignable to type 'ChatRoom[]'.
  Type '{ avatar_url: string | null; created_at: string | null; cubiqo_email: string | null; cubiqo_phone: string | null; display_name: string | null; email: string | null; handle: string | null; ... 4 more ...; updated_at: string | null; } | ... 23 more ... | { ...; }' is not assignable to type 'ChatRoom'.
    Type '{ avatar_url: string | null; created_at: string | null; cubiqo_email: string | null; cubiqo_phone: string | null; display_name: string | null; email: string | null; handle: string | null; ... 4 more ...; updated_at: string | null; }' is missing the following properties from type 'ChatRoom': name, color, keywords, is_geofenced, and 4 more.
src/lib/rgy/capsule-manager.ts(304,47): error TS2769: No overload matches this call.
  Overload 1 of 2, '(relation: "events" | "memory" | "emergent_orgs" | "emergent_projects" | "sessions" | "profiles" | "feature_flags" | "feature_flag_webhooks" | "conversations" | "social_campaigns" | ... 14 more ... | "content_queue"): PostgrestQueryBuilder<...>', gave the following error.
    Argument of type '"rgy_room_participants"' is not assignable to parameter of type '"events" | "memory" | "emergent_orgs" | "emergent_projects" | "sessions" | "profiles" | "feature_flags" | "feature_flag_webhooks" | "conversations" | "social_campaigns" | ... 14 more ... | "content_queue"'.
  Overload 2 of 2, '(relation: never): PostgrestQueryBuilder<{ PostgrestVersion: "13.0.5"; }, { Tables: { emergent_orgs: { Row: { id: string; name: string; slug: string; plan: string | null; created_at: string | null; updated_at: string | null; }; Insert: { ...; }; Update: { ...; }; Relationships: []; }; ... 23 more ...; content_queue: { ...; }; }; Views: {}; Functions: { ...; }; Enums: {}; CompositeTypes: {}; }, never, never, never>', gave the following error.
    Argument of type '"rgy_room_participants"' is not assignable to parameter of type 'never'.
src/lib/rgy/capsule-manager.ts(317,13): error TS2769: No overload matches this call.
  Overload 1 of 2, '(relation: "events" | "memory" | "emergent_orgs" | "emergent_projects" | "sessions" | "profiles" | "feature_flags" | "feature_flag_webhooks" | "conversations" | "social_campaigns" | ... 14 more ... | "content_queue"): PostgrestQueryBuilder<...>', gave the following error.
    Argument of type '"rgy_room_participants"' is not assignable to parameter of type '"events" | "memory" | "emergent_orgs" | "emergent_projects" | "sessions" | "profiles" | "feature_flags" | "feature_flag_webhooks" | "conversations" | "social_campaigns" | ... 14 more ... | "content_queue"'.
  Overload 2 of 2, '(relation: never): PostgrestQueryBuilder<{ PostgrestVersion: "13.0.5"; }, { Tables: { emergent_orgs: { Row: { id: string; name: string; slug: string; plan: string | null; created_at: string | null; updated_at: string | null; }; Insert: { ...; }; Update: { ...; }; Relationships: []; }; ... 23 more ...; content_queue: { ...; }; }; Views: {}; Functions: { ...; }; Enums: {}; CompositeTypes: {}; }, never, never, never>', gave the following error.
    Argument of type '"rgy_room_participants"' is not assignable to parameter of type 'never'.
src/lib/rgy/capsule-manager.ts(318,17): error TS2353: Object literal may only specify known properties, and 'is_active' does not exist in type '{ id?: string | undefined; name?: string | undefined; slug?: string | undefined; plan?: string | null | undefined; created_at?: string | null | undefined; updated_at?: string | null | undefined; } | ... 23 more ... | { ...; }'.
src/lib/rgy/capsule-manager.ts(329,48): error TS2769: No overload matches this call.
  Overload 1 of 2, '(relation: "events" | "memory" | "emergent_orgs" | "emergent_projects" | "sessions" | "profiles" | "feature_flags" | "feature_flag_webhooks" | "conversations" | "social_campaigns" | ... 14 more ... | "content_queue"): PostgrestQueryBuilder<...>', gave the following error.
    Argument of type '"rgy_room_messages"' is not assignable to parameter of type '"events" | "memory" | "emergent_orgs" | "emergent_projects" | "sessions" | "profiles" | "feature_flags" | "feature_flag_webhooks" | "conversations" | "social_campaigns" | ... 14 more ... | "content_queue"'.
  Overload 2 of 2, '(relation: never): PostgrestQueryBuilder<{ PostgrestVersion: "13.0.5"; }, { Tables: { emergent_orgs: { Row: { id: string; name: string; slug: string; plan: string | null; created_at: string | null; updated_at: string | null; }; Insert: { ...; }; Update: { ...; }; Relationships: []; }; ... 23 more ...; content_queue: { ...; }; }; Views: {}; Functions: { ...; }; Enums: {}; CompositeTypes: {}; }, never, never, never>', gave the following error.
    Argument of type '"rgy_room_messages"' is not assignable to parameter of type 'never'.
src/lib/rgy/capsule-manager.ts(343,13): error TS2769: No overload matches this call.
  Overload 1 of 2, '(relation: "events" | "memory" | "emergent_orgs" | "emergent_projects" | "sessions" | "profiles" | "feature_flags" | "feature_flag_webhooks" | "conversations" | "social_campaigns" | ... 14 more ... | "content_queue"): PostgrestQueryBuilder<...>', gave the following error.
    Argument of type '"rgy_room_messages"' is not assignable to parameter of type '"events" | "memory" | "emergent_orgs" | "emergent_projects" | "sessions" | "profiles" | "feature_flags" | "feature_flag_webhooks" | "conversations" | "social_campaigns" | ... 14 more ... | "content_queue"'.
  Overload 2 of 2, '(relation: never): PostgrestQueryBuilder<{ PostgrestVersion: "13.0.5"; }, { Tables: { emergent_orgs: { Row: { id: string; name: string; slug: string; plan: string | null; created_at: string | null; updated_at: string | null; }; Insert: { ...; }; Update: { ...; }; Relationships: []; }; ... 23 more ...; content_queue: { ...; }; }; Views: {}; Functions: { ...; }; Enums: {}; CompositeTypes: {}; }, never, never, never>', gave the following error.
    Argument of type '"rgy_room_messages"' is not assignable to parameter of type 'never'.
src/lib/rgy/capsule-manager.ts(381,18): error TS2345: Argument of type 'Intent' is not assignable to parameter of type 'Color'.
  Type '"company"' is not assignable to type 'Color'.
src/lib/rgy/capsule-manager.ts(383,16): error TS2345: Argument of type 'string' is not assignable to parameter of type 'Color'.
src/lib/validation/schemas.ts(125,15): error TS2554: Expected 2-3 arguments, but got 1.
src/lib/validation/schemas.ts(146,14): error TS2554: Expected 2-3 arguments, but got 1.
src/lib/validation/schemas.ts(168,16): error TS2339: Property 'errors' does not exist on type 'ZodError<unknown>'.
src/lib/validation/schemas.ts(168,27): error TS7006: Parameter 'err' implicitly has an 'any' type.
tests/e2e/landing.spec.ts(1,30): error TS2307: Cannot find module '@playwright/test' or its corresponding type declarations.
tests/e2e/landing.spec.ts(3,54): error TS7031: Binding element 'page' implicitly has an 'any' type.
tests/EnergyCubeScene.test.tsx(21,51): error TS2322: Type '"CYAN"' is not assignable to type 'ColorName | undefined'.
tests/EnergyCubeScene.test.tsx(28,50): error TS2322: Type '"GREEN"' is not assignable to type 'ColorName | undefined'.
tests/EnergyCubeScene.test.tsx(35,50): error TS2322: Type '"BLUE"' is not assignable to type 'ColorName | undefined'.
tests/engine-modules.test.ts(285,9): error TS2739: Type '{ role: "user"; content: string; }' is missing the following properties from type 'Message': id, sessionId, createdAt
tests/engine-modules.test.ts(286,9): error TS2739: Type '{ role: "assistant"; content: string; }' is missing the following properties from type 'Message': id, sessionId, createdAt
tests/feature-flags-config.test.ts(41,17): error TS2540: Cannot assign to 'NODE_ENV' because it is a read-only property.
tests/feature-flags-config.test.ts(48,17): error TS2540: Cannot assign to 'NODE_ENV' because it is a read-only property.
tests/integration/auth-magic-link-state.test.ts(239,9): error TS2322: Type 'null' is not assignable to type '{ id: string; }'.
tests/integration/auth-magic-link-state.test.ts(240,9): error TS2322: Type 'null' is not assignable to type '{ access_token: string; }'.
tests/integration/journal-memory-flow.test.ts(362,65): error TS2345: Argument of type 'Memory[]' is not assignable to parameter of type 'import("C:/Users/avloy/.gemini/antigravity/scratch/thecubiqo/repo_temp/src/lib/conscious-memory/types").Memory[]'.
  Type 'Memory' is not assignable to type 'import("C:/Users/avloy/.gemini/antigravity/scratch/thecubiqo/repo_temp/src/lib/conscious-memory/types").Memory'.
    Types of property 'type' are incompatible.
      Type 'string' is not assignable to type 'MemoryType'.
tests/integration/journal-memory-flow.test.ts(428,65): error TS2345: Argument of type 'Memory[]' is not assignable to parameter of type 'import("C:/Users/avloy/.gemini/antigravity/scratch/thecubiqo/repo_temp/src/lib/conscious-memory/types").Memory[]'.
  Type 'Memory' is not assignable to type 'import("C:/Users/avloy/.gemini/antigravity/scratch/thecubiqo/repo_temp/src/lib/conscious-memory/types").Memory'.
    Types of property 'type' are incompatible.
      Type 'string' is not assignable to type 'MemoryType'.
tests/integration/journal-memory-flow.test.ts(436,65): error TS2345: Argument of type 'Memory[]' is not assignable to parameter of type 'import("C:/Users/avloy/.gemini/antigravity/scratch/thecubiqo/repo_temp/src/lib/conscious-memory/types").Memory[]'.
  Type 'Memory' is not assignable to type 'import("C:/Users/avloy/.gemini/antigravity/scratch/thecubiqo/repo_temp/src/lib/conscious-memory/types").Memory'.
    Types of property 'type' are incompatible.
      Type 'string' is not assignable to type 'MemoryType'.
tests/integration/journal-memory-flow.test.ts(490,65): error TS2345: Argument of type 'Memory[]' is not assignable to parameter of type 'import("C:/Users/avloy/.gemini/antigravity/scratch/thecubiqo/repo_temp/src/lib/conscious-memory/types").Memory[]'.
  Type 'Memory' is not assignable to type 'import("C:/Users/avloy/.gemini/antigravity/scratch/thecubiqo/repo_temp/src/lib/conscious-memory/types").Memory'.
    Types of property 'type' are incompatible.
      Type 'string' is not assignable to type 'MemoryType'.
tests/integration/landingRouter.test.tsx(183,43): error TS2345: Argument of type 'null' is not assignable to parameter of type 'URLSearchParams'.
tests/lib/ai/providers.test.ts(83,17): error TS2540: Cannot assign to 'NODE_ENV' because it is a read-only property.
tests/lib/ai/providers.test.ts(91,17): error TS2540: Cannot assign to 'NODE_ENV' because it is a read-only property.
tests/lib/ai/providers.test.ts(265,17): error TS2540: Cannot assign to 'NODE_ENV' because it is a read-only property.
tests/load/concurrent-operations.test.ts(155,33): error TS18048: 'r.entryCount' is possibly 'undefined'.
tests/load/concurrent-operations.test.ts(168,67): error TS2345: Argument of type 'Memory[]' is not assignable to parameter of type 'import("C:/Users/avloy/.gemini/antigravity/scratch/thecubiqo/repo_temp/src/lib/conscious-memory/types").Memory[]'.
  Type 'Memory' is not assignable to type 'import("C:/Users/avloy/.gemini/antigravity/scratch/thecubiqo/repo_temp/src/lib/conscious-memory/types").Memory'.
    Types of property 'type' are incompatible.
      Type 'string' is not assignable to type 'MemoryType'.
tests/load/concurrent-operations.test.ts(187,67): error TS2345: Argument of type 'Memory[]' is not assignable to parameter of type 'import("C:/Users/avloy/.gemini/antigravity/scratch/thecubiqo/repo_temp/src/lib/conscious-memory/types").Memory[]'.
  Type 'Memory' is not assignable to type 'import("C:/Users/avloy/.gemini/antigravity/scratch/thecubiqo/repo_temp/src/lib/conscious-memory/types").Memory'.
    Types of property 'type' are incompatible.
      Type 'string' is not assignable to type 'MemoryType'.
tests/load/concurrent-operations.test.ts(344,69): error TS2345: Argument of type 'Memory[]' is not assignable to parameter of type 'import("C:/Users/avloy/.gemini/antigravity/scratch/thecubiqo/repo_temp/src/lib/conscious-memory/types").Memory[]'.
  Type 'Memory' is not assignable to type 'import("C:/Users/avloy/.gemini/antigravity/scratch/thecubiqo/repo_temp/src/lib/conscious-memory/types").Memory'.
    Types of property 'type' are incompatible.
      Type 'string' is not assignable to type 'MemoryType'.
tests/load/concurrent-operations.test.ts(399,73): error TS2345: Argument of type 'Memory[]' is not assignable to parameter of type 'import("C:/Users/avloy/.gemini/antigravity/scratch/thecubiqo/repo_temp/src/lib/conscious-memory/types").Memory[]'.
  Type 'Memory' is not assignable to type 'import("C:/Users/avloy/.gemini/antigravity/scratch/thecubiqo/repo_temp/src/lib/conscious-memory/types").Memory'.
    Types of property 'type' are incompatible.
      Type 'string' is not assignable to type 'MemoryType'.
tests/load/concurrent-operations.test.ts(453,71): error TS2345: Argument of type 'Memory[]' is not assignable to parameter of type 'import("C:/Users/avloy/.gemini/antigravity/scratch/thecubiqo/repo_temp/src/lib/conscious-memory/types").Memory[]'.
  Type 'Memory' is not assignable to type 'import("C:/Users/avloy/.gemini/antigravity/scratch/thecubiqo/repo_temp/src/lib/conscious-memory/types").Memory'.
    Types of property 'type' are incompatible.
      Type 'string' is not assignable to type 'MemoryType'.
tests/load/concurrent-operations.test.ts(494,71): error TS2345: Argument of type 'Memory[]' is not assignable to parameter of type 'import("C:/Users/avloy/.gemini/antigravity/scratch/thecubiqo/repo_temp/src/lib/conscious-memory/types").Memory[]'.
  Type 'Memory' is not assignable to type 'import("C:/Users/avloy/.gemini/antigravity/scratch/thecubiqo/repo_temp/src/lib/conscious-memory/types").Memory'.
    Types of property 'type' are incompatible.
      Type 'string' is not assignable to type 'MemoryType'.
tests/performance/benchmarks.test.ts(227,65): error TS2345: Argument of type 'Memory[]' is not assignable to parameter of type 'import("C:/Users/avloy/.gemini/antigravity/scratch/thecubiqo/repo_temp/src/lib/conscious-memory/types").Memory[]'.
  Type 'Memory' is not assignable to type 'import("C:/Users/avloy/.gemini/antigravity/scratch/thecubiqo/repo_temp/src/lib/conscious-memory/types").Memory'.
    Types of property 'type' are incompatible.
      Type 'string' is not assignable to type 'MemoryType'.
tests/performance/benchmarks.test.ts(239,65): error TS2345: Argument of type 'Memory[]' is not assignable to parameter of type 'import("C:/Users/avloy/.gemini/antigravity/scratch/thecubiqo/repo_temp/src/lib/conscious-memory/types").Memory[]'.
  Type 'Memory' is not assignable to type 'import("C:/Users/avloy/.gemini/antigravity/scratch/thecubiqo/repo_temp/src/lib/conscious-memory/types").Memory'.
    Types of property 'type' are incompatible.
      Type 'string' is not assignable to type 'MemoryType'.
tests/performance/benchmarks.test.ts(410,51): error TS2345: Argument of type '{ id: string; userId: string; type: string; content: string; importance: string; tags: string[]; relatedMemories: never[]; verified: boolean; lastAccessed: string; accessCount: number; createdAt: string; updatedAt: string; }[]' is not assignable to parameter of type 'Memory[]'.
  Type '{ id: string; userId: string; type: string; content: string; importance: string; tags: string[]; relatedMemories: never[]; verified: boolean; lastAccessed: string; accessCount: number; createdAt: string; updatedAt: string; }' is not assignable to type 'Memory'.
    Types of property 'type' are incompatible.
      Type 'string' is not assignable to type 'MemoryType'.
tests/security/rate-limit.test.ts(8,47): error TS2724: '"@/lib/security/rate-limit"' has no exported member named 'RATE_LIMITS'. Did you mean 'RateLimits'?
tests/security/rate-limit.test.ts(20,55): error TS2345: Argument of type '"global"' is not assignable to parameter of type 'number | "STRICT" | "STANDARD" | "LENIENT" | "AUTH" | "ADMIN" | "EXPORT"'.
tests/security/rate-limit.test.ts(23,21): error TS2339: Property 'limit' does not exist on type 'RateLimitResult'.
tests/security/rate-limit.test.ts(32,42): error TS2345: Argument of type '"auth"' is not assignable to parameter of type 'number | "STRICT" | "STANDARD" | "LENIENT" | "AUTH" | "ADMIN" | "EXPORT"'.
tests/security/rate-limit.test.ts(36,55): error TS2345: Argument of type '"auth"' is not assignable to parameter of type 'number | "STRICT" | "STANDARD" | "LENIENT" | "AUTH" | "ADMIN" | "EXPORT"'.
tests/security/rate-limit.test.ts(46,54): error TS2345: Argument of type '"auth"' is not assignable to parameter of type 'number | "STRICT" | "STANDARD" | "LENIENT" | "AUTH" | "ADMIN" | "EXPORT"'.
tests/security/rate-limit.test.ts(51,20): error TS2339: Property 'reset' does not exist on type 'RateLimitResult'.
tests/security/rate-limit.test.ts(57,61): error TS2345: Argument of type '"global"' is not assignable to parameter of type 'number | "STRICT" | "STANDARD" | "LENIENT" | "AUTH" | "ADMIN" | "EXPORT"'.
tests/security/rate-limit.test.ts(58,27): error TS2339: Property 'limit' does not exist on type 'RateLimitResult'.
tests/security/rate-limit.test.ts(60,59): error TS2345: Argument of type '"auth"' is not assignable to parameter of type 'number | "STRICT" | "STANDARD" | "LENIENT" | "AUTH" | "ADMIN" | "EXPORT"'.
tests/security/rate-limit.test.ts(61,25): error TS2339: Property 'limit' does not exist on type 'RateLimitResult'.
tests/security/rate-limit.test.ts(63,58): error TS2345: Argument of type '"api"' is not assignable to parameter of type 'number | "STRICT" | "STANDARD" | "LENIENT" | "AUTH" | "ADMIN" | "EXPORT"'.
tests/security/rate-limit.test.ts(64,24): error TS2339: Property 'limit' does not exist on type 'RateLimitResult'.
tests/unit/ai-service.test.ts(10,34): error TS2459: Module '"@/lib/ai/types"' declares 'ColorName' locally, but it is not exported.
tests/unit/ai-service.test.ts(343,56): error TS2345: Argument of type '"GREEN_BLUE"' is not assignable to parameter of type 'ColorName'.
tests/utils/supabase-mock.ts(117,32): error TS2538: Type 'unknown' cannot be used as an index type.
tests/utils/supabase-mock.ts(129,33): error TS18046: 'value' is of type 'unknown'.
tests/utils/supabase-mock.ts(131,33): error TS18046: 'value' is of type 'unknown'.
tests/utils/supabase-mock.ts(193,11): error TS7022: 'data' implicitly has type 'any' because it does not have a type annotation and is referenced directly or indirectly in its own initializer.
tests/utils/supabase-mock.ts(193,61): error TS2349: This expression is not callable.
  Type 'unknown[]' has no call signatures.
tests/utils/supabase-mock.ts(196,48): error TS2448: Block-scoped variable 'data' used before its declaration.
tests/utils/supabase-mock.ts(235,27): error TS2538: Type 'unknown' cannot be used as an index type.
tests/WaveToCubeMorph.integration.test.tsx(9,23): error TS2307: Cannot find module '@testing-library/user-event' or its corresponding type declarations.
