// Vitest Snapshot v1, https://vitest.dev/guide/snapshot.html

exports[`TopRightCTA Snapshots > matches desktop snapshot 1`] = `
<div>
  <div
    class="relative"
  >
    <a
      aria-label="Enter Signal"
      class="group flex flex-col items-center cursor-pointer no-underline"
      href="/auth"
    >
      <div
        class="text-4xl md:text-5xl font-black tracking-[-0.05em] flex select-none"
      >
        <span
          class="text-[#E84343]"
        >
          S
        </span>
        <span
          class="text-[#2D994E] ml-[2px]"
        >
          I
        </span>
        <span
          class="text-[#F2C94C] ml-[2px]"
        >
          G
        </span>
        <span
          class="text-white ml-[2px]"
        >
          NAL
        </span>
      </div>
      <div
        class="w-full flex justify-center mt-2 opacity-80"
      >
        <svg
          fill="none"
          height="12"
          viewBox="0 0 60 12"
          width="60"
          xmlns="http://www.w3.org/2000/svg"
        >
          <path
            d="M10 6H50M50 6L44 2M50 6L44 10"
            stroke="white"
            stroke-linecap="round"
            stroke-linejoin="round"
            stroke-width="1.5"
          />
        </svg>
      </div>
      <div
        class="absolute -inset-4 bg-white/5 blur-xl rounded-full opacity-0 group-hover:opacity-100 transition-opacity duration-500"
      />
    </a>
  </div>
</div>
`;

exports[`TopRightCTA Snapshots > matches mobile snapshot (simulated constraints) 1`] = `
<div>
  <div
    class="relative"
  >
    <a
      aria-label="Enter Signal"
      class="group flex flex-col items-center cursor-pointer no-underline"
      href="/auth"
    >
      <div
        class="text-4xl md:text-5xl font-black tracking-[-0.05em] flex select-none"
      >
        <span
          class="text-[#E84343]"
        >
          S
        </span>
        <span
          class="text-[#2D994E] ml-[2px]"
        >
          I
        </span>
        <span
          class="text-[#F2C94C] ml-[2px]"
        >
          G
        </span>
        <span
          class="text-white ml-[2px]"
        >
          NAL
        </span>
      </div>
      <div
        class="w-full flex justify-center mt-2 opacity-80"
      >
        <svg
          fill="none"
          height="12"
          viewBox="0 0 60 12"
          width="60"
          xmlns="http://www.w3.org/2000/svg"
        >
          <path
            d="M10 6H50M50 6L44 2M50 6L44 10"
            stroke="white"
            stroke-linecap="round"
            stroke-linejoin="round"
            stroke-width="1.5"
          />
        </svg>
      </div>
      <div
        class="absolute -inset-4 bg-white/5 blur-xl rounded-full opacity-0 group-hover:opacity-100 transition-opacity duration-500"
      />
    </a>
  </div>
</div>
`;
